------------------------------------------------------------------------------------------------------------------------

[2025-04-29 18:18:32 #1 store] 
Database 'C:\Users\jmaru\OneDrive\Escritorio\SI1\Rides24_3\src\main\resources\rides.temp' is opened by 5684@LAPTOP-40044FA4

[2025-04-29 18:18:38 #2 type.registry] 
New type domain.User

[2025-04-29 18:18:38 #3 type] 
Type domain.User is not enhanced.

[2025-04-29 18:18:38 #4 type.registry] 
New type domain.Mugimenduak

[2025-04-29 18:18:38 #5 type] 
Type domain.Mugimenduak is not enhanced.

[2025-04-29 18:18:51 #6 type.registry] 
New type domain.Driver

[2025-04-29 18:18:51 #7 type] 
Type domain.Driver is not enhanced.

[2025-04-29 18:18:51 #8 type.registry] 
New type domain.Car

[2025-04-29 18:18:51 #9 type.registry] 
New type domain.Ride

[2025-04-29 18:18:51 #10 type] 
Type domain.Car is not enhanced.

[2025-04-29 18:18:51 #11 type] 
Type domain.Ride is not enhanced.

[2025-04-29 18:18:51 #12 type.registry] 
New type domain.RideBooked

[2025-04-29 18:18:51 #13 type] 
Type domain.RideBooked is not enhanced.

[2025-04-29 18:18:51 #14 type.registry] 
New type domain.Passenger

[2025-04-29 18:18:51 #15 type] 
Type domain.Passenger is not enhanced.

[2025-04-29 18:18:51 #16 type.registry] 
New type java.util.Vector<java.lang.Object>

[2025-04-29 18:18:51 #17 type.registry] 
New type java.util.Vector<domain.Mugimenduak>

[2025-04-29 18:18:51 #18 type.registry] 
New type java.util.Vector<domain.Ride>

[2025-04-29 18:18:51 #19 type.registry] 
New type java.util.Vector<domain.Car>

------------------------------------------------------------------------------------------------------------------------

[2025-04-29 18:19:41 #1 store] 
Database 'C:\Users\jmaru\OneDrive\Escritorio\SI1\Rides24_3\src\main\resources\rides.temp' has been recovered (tr. 1-9)

[2025-04-29 18:19:41 #2 store] 
Database 'C:\Users\jmaru\OneDrive\Escritorio\SI1\Rides24_3\src\main\resources\rides.temp' is opened by 9428@LAPTOP-40044FA4

[2025-04-29 18:19:41 #3 type] 
Type domain.User is not enhanced.

[2025-04-29 18:19:41 #4 type] 
Type domain.Mugimenduak is not enhanced.

[2025-04-29 18:19:41 #5 type] 
Type domain.Driver is not enhanced.

[2025-04-29 18:19:41 #6 type] 
Type domain.Car is not enhanced.

[2025-04-29 18:19:41 #7 type] 
Type domain.Ride is not enhanced.

[2025-04-29 18:19:41 #8 type] 
Type domain.RideBooked is not enhanced.

[2025-04-29 18:19:41 #9 type] 
Type domain.Passenger is not enhanced.

------------------------------------------------------------------------------------------------------------------------

[2025-04-29 18:21:56 #1 store] 
Database 'C:\Users\jmaru\OneDrive\Escritorio\SI1\Rides24_3\src\main\resources\rides.temp' is opened by 14844@LAPTOP-40044FA4

[2025-04-29 18:21:57 #2 type] 
Type domain.User is not enhanced.

[2025-04-29 18:21:57 #3 type] 
Type domain.Mugimenduak is not enhanced.

[2025-04-29 18:21:57 #4 type] 
Type domain.Driver is not enhanced.

[2025-04-29 18:21:57 #5 type] 
Type domain.Car is not enhanced.

[2025-04-29 18:21:57 #6 type] 
Type domain.Ride is not enhanced.

[2025-04-29 18:21:57 #7 type] 
Type domain.RideBooked is not enhanced.

[2025-04-29 18:21:57 #8 type] 
Type domain.Passenger is not enhanced.

------------------------------------------------------------------------------------------------------------------------

[2025-04-29 18:51:15 #1 store] 
Database 'C:\Users\jmaru\OneDrive\Escritorio\SI1\Rides24_3\src\main\resources\rides.temp' is opened by 3288@LAPTOP-40044FA4

[2025-04-29 18:51:15 #2 type] 
Type domain.User is not enhanced.

[2025-04-29 18:51:15 #3 type] 
Type domain.Mugimenduak is not enhanced.

[2025-04-29 18:51:15 #4 type] 
Type domain.Driver is not enhanced.

[2025-04-29 18:51:15 #5 type] 
Type domain.Car is not enhanced.

[2025-04-29 18:51:15 #6 type] 
Type domain.Ride is not enhanced.

[2025-04-29 18:51:15 #7 type] 
Type domain.RideBooked is not enhanced.

[2025-04-29 18:51:15 #8 type] 
Type domain.Passenger is not enhanced.

[2025-04-29 18:51:32 #9 type.registry] 
New type java.util.Vector<domain.RideBooked>

------------------------------------------------------------------------------------------------------------------------

[2025-04-29 19:04:29 #1 store] 
Database 'C:\Users\jmaru\OneDrive\Escritorio\SI1\Rides24_3\src\main\resources\rides.temp' is opened by 13036@LAPTOP-40044FA4

[2025-04-29 19:04:29 #2 type] 
Type domain.User is not enhanced.

[2025-04-29 19:04:29 #3 type] 
Type domain.Mugimenduak is not enhanced.

[2025-04-29 19:04:29 #4 type] 
Type domain.Driver is not enhanced.

[2025-04-29 19:04:29 #5 type] 
Type domain.Car is not enhanced.

[2025-04-29 19:04:29 #6 type] 
Type domain.Ride is not enhanced.

[2025-04-29 19:04:29 #7 type] 
Type domain.RideBooked is not enhanced.

[2025-04-29 19:04:29 #8 type] 
Type domain.Passenger is not enhanced.

[2025-04-29 19:05:37 #9 type.registry] 
New type com.objectdb.o.LMT

[2025-04-29 19:05:37 #10 type.registry] 
New type com.objectdb.o.VAL

[2025-04-29 19:05:37 #11 type.registry] 
New type com.objectdb.o.RFV

------------------------------------------------------------------------------------------------------------------------

[2025-04-29 20:37:58 #1 store] 
Database 'C:\Users\jmaru\OneDrive\Escritorio\SI1\Rides24_3\src\main\resources\rides.temp' has been recovered (tr. 13-15)

[2025-04-29 20:37:58 #2 store] 
Database 'C:\Users\jmaru\OneDrive\Escritorio\SI1\Rides24_3\src\main\resources\rides.temp' is opened by 15960@LAPTOP-40044FA4

[2025-04-29 20:37:58 #3 type] 
Type domain.User is not enhanced.

[2025-04-29 20:37:58 #4 type] 
Type domain.Mugimenduak is not enhanced.

[2025-04-29 20:37:58 #5 type] 
Type domain.Driver is not enhanced.

[2025-04-29 20:37:58 #6 type.registry] 
New type domain.Erreklamazioa

[2025-04-29 20:37:58 #7 type] 
Type domain.Car is not enhanced.

[2025-04-29 20:37:58 #8 type] 
Type domain.Ride is not enhanced.

[2025-04-29 20:37:58 #9 type] 
Type domain.RideBooked is not enhanced.

[2025-04-29 20:37:58 #10 type] 
Type domain.Passenger is not enhanced.

[2025-04-29 20:37:58 #11 type] 
Type domain.Erreklamazioa is not enhanced.

[2025-04-29 20:38:05 #12 type.registry] 
New type java.util.Vector<domain.Erreklamazioa>

------------------------------------------------------------------------------------------------------------------------

[2025-04-29 20:52:56 #1 store] 
Database 'C:\Users\jmaru\OneDrive\Escritorio\SI1\Rides24_3\src\main\resources\rides.temp' is opened by 3124@LAPTOP-40044FA4

[2025-04-29 20:52:56 #2 type] 
Type domain.User is not enhanced.

[2025-04-29 20:52:56 #3 type] 
Type domain.Mugimenduak is not enhanced.

[2025-04-29 20:52:56 #4 type] 
Type domain.Driver is not enhanced.

[2025-04-29 20:52:56 #5 type] 
Type domain.Car is not enhanced.

[2025-04-29 20:52:56 #6 type] 
Type domain.Ride is not enhanced.

[2025-04-29 20:52:56 #7 type] 
Type domain.RideBooked is not enhanced.

[2025-04-29 20:52:56 #8 type] 
Type domain.Passenger is not enhanced.

[2025-04-29 20:52:56 #9 type] 
Type domain.Erreklamazioa is not enhanced.

------------------------------------------------------------------------------------------------------------------------

[2025-04-29 20:54:16 #1 store] 
Database 'C:\Users\jmaru\OneDrive\Escritorio\SI1\Rides24_3\src\main\resources\rides.temp' is opened by 16216@LAPTOP-40044FA4

[2025-04-29 20:54:17 #2 type] 
Type domain.User is not enhanced.

[2025-04-29 20:54:17 #3 type] 
Type domain.Mugimenduak is not enhanced.

[2025-04-29 20:54:17 #4 type] 
Type domain.Driver is not enhanced.

[2025-04-29 20:54:17 #5 type] 
Type domain.Car is not enhanced.

[2025-04-29 20:54:17 #6 type] 
Type domain.Ride is not enhanced.

[2025-04-29 20:54:17 #7 type] 
Type domain.RideBooked is not enhanced.

[2025-04-29 20:54:17 #8 type] 
Type domain.Passenger is not enhanced.

[2025-04-29 20:54:17 #9 type] 
Type domain.Erreklamazioa is not enhanced.

------------------------------------------------------------------------------------------------------------------------

[2025-04-29 20:57:12 #1 store] 
Database 'C:\Users\jmaru\OneDrive\Escritorio\SI1\Rides24_3\src\main\resources\rides.temp' is opened by 6612@LAPTOP-40044FA4

[2025-04-29 20:57:12 #2 type] 
Type domain.User is not enhanced.

[2025-04-29 20:57:12 #3 type] 
Type domain.Mugimenduak is not enhanced.

[2025-04-29 20:57:12 #4 type] 
Type domain.Driver is not enhanced.

[2025-04-29 20:57:12 #5 type] 
Type domain.Car is not enhanced.

[2025-04-29 20:57:12 #6 type] 
Type domain.Ride is not enhanced.

[2025-04-29 20:57:13 #7 type] 
Type domain.RideBooked is not enhanced.

[2025-04-29 20:57:13 #8 type] 
Type domain.Passenger is not enhanced.

[2025-04-29 20:57:13 #9 type] 
Type domain.Erreklamazioa is not enhanced.

------------------------------------------------------------------------------------------------------------------------

[2025-04-29 20:57:50 #1 store] 
Database 'C:\Users\jmaru\OneDrive\Escritorio\SI1\Rides24_3\src\main\resources\rides.temp' is opened by 6624@LAPTOP-40044FA4

[2025-04-29 20:57:50 #2 type] 
Type domain.User is not enhanced.

[2025-04-29 20:57:50 #3 type] 
Type domain.Mugimenduak is not enhanced.

[2025-04-29 20:57:50 #4 type] 
Type domain.Driver is not enhanced.

[2025-04-29 20:57:50 #5 type] 
Type domain.Car is not enhanced.

[2025-04-29 20:57:50 #6 type] 
Type domain.Ride is not enhanced.

[2025-04-29 20:57:50 #7 type] 
Type domain.RideBooked is not enhanced.

[2025-04-29 20:57:50 #8 type] 
Type domain.Passenger is not enhanced.

[2025-04-29 20:57:50 #9 type] 
Type domain.Erreklamazioa is not enhanced.

