------------------------------------------------------------------------------------------------------------------------

[2025-05-11 11:07:32 #1 store] 
Database 'D:\ASIER\LANAK\Uni\2.Maila\SI\Proiektuak\Rides24_3_J\src\main\resources\rides.temp' is opened by 63112@DESKTOP-D7GP777

[2025-05-11 11:07:32 #2 type] 
Type domain.User is not enhanced.

[2025-05-11 11:07:32 #3 type] 
Type domain.Mugimenduak is not enhanced.

[2025-05-11 11:07:32 #4 type] 
Type domain.Driver is not enhanced.

[2025-05-11 11:07:32 #5 type] 
Type domain.Car is not enhanced.

[2025-05-11 11:07:32 #6 type] 
Type domain.Ride is not enhanced.

[2025-05-11 11:07:32 #7 type] 
Type domain.RideBooked is not enhanced.

[2025-05-11 11:07:32 #8 type] 
Type domain.Passenger is not enhanced.

[2025-05-11 11:07:32 #9 type] 
Type domain.Erreklamazioa is not enhanced.

[2025-05-11 11:07:32 #10 type] 
Type domain.Alerta is not enhanced.

------------------------------------------------------------------------------------------------------------------------

[2025-05-11 11:07:44 #1 store] 
Database 'D:\ASIER\LANAK\Uni\2.Maila\SI\Proiektuak\Rides24_3_J\src\main\resources\rides.temp' is opened by 88512@DESKTOP-D7GP777

[2025-05-11 11:07:44 #2 type] 
Type domain.User is not enhanced.

[2025-05-11 11:07:44 #3 type] 
Type domain.Mugimenduak is not enhanced.

[2025-05-11 11:07:44 #4 type] 
Type domain.Driver is not enhanced.

[2025-05-11 11:07:44 #5 type] 
Type domain.Car is not enhanced.

[2025-05-11 11:07:44 #6 type] 
Type domain.Ride is not enhanced.

[2025-05-11 11:07:44 #7 type] 
Type domain.RideBooked is not enhanced.

[2025-05-11 11:07:44 #8 type] 
Type domain.Passenger is not enhanced.

[2025-05-11 11:07:44 #9 type] 
Type domain.Erreklamazioa is not enhanced.

[2025-05-11 11:07:44 #10 type] 
Type domain.Alerta is not enhanced.

------------------------------------------------------------------------------------------------------------------------

[2025-05-11 11:08:07 #1 store] 
Database 'D:\ASIER\LANAK\Uni\2.Maila\SI\Proiektuak\Rides24_3_J\src\main\resources\rides.temp' is opened by 90620@DESKTOP-D7GP777

[2025-05-11 11:08:07 #2 type] 
Type domain.User is not enhanced.

[2025-05-11 11:08:07 #3 type] 
Type domain.Mugimenduak is not enhanced.

[2025-05-11 11:08:07 #4 type] 
Type domain.Driver is not enhanced.

[2025-05-11 11:08:07 #5 type] 
Type domain.Car is not enhanced.

[2025-05-11 11:08:07 #6 type] 
Type domain.Ride is not enhanced.

[2025-05-11 11:08:07 #7 type] 
Type domain.RideBooked is not enhanced.

[2025-05-11 11:08:07 #8 type] 
Type domain.Passenger is not enhanced.

[2025-05-11 11:08:07 #9 type] 
Type domain.Erreklamazioa is not enhanced.

[2025-05-11 11:08:07 #10 type] 
Type domain.Alerta is not enhanced.

------------------------------------------------------------------------------------------------------------------------

[2025-05-11 11:08:26 #1 store] 
Database 'D:\ASIER\LANAK\Uni\2.Maila\SI\Proiektuak\Rides24_3_J\src\main\resources\rides.temp' has been recovered (tr. 48-48)

[2025-05-11 11:08:26 #2 store] 
Database 'D:\ASIER\LANAK\Uni\2.Maila\SI\Proiektuak\Rides24_3_J\src\main\resources\rides.temp' is opened by 30400@DESKTOP-D7GP777

[2025-05-11 11:08:27 #3 type] 
Type domain.User is not enhanced.

[2025-05-11 11:08:27 #4 type] 
Type domain.Mugimenduak is not enhanced.

[2025-05-11 11:08:27 #5 type] 
Type domain.Driver is not enhanced.

[2025-05-11 11:08:27 #6 type] 
Type domain.Car is not enhanced.

[2025-05-11 11:08:27 #7 type] 
Type domain.Ride is not enhanced.

[2025-05-11 11:08:27 #8 type] 
Type domain.RideBooked is not enhanced.

[2025-05-11 11:08:27 #9 type] 
Type domain.Passenger is not enhanced.

[2025-05-11 11:08:27 #10 type] 
Type domain.Erreklamazioa is not enhanced.

[2025-05-11 11:08:27 #11 type] 
Type domain.Alerta is not enhanced.

------------------------------------------------------------------------------------------------------------------------

[2025-05-11 11:10:03 #1 store] 
Database 'D:\ASIER\LANAK\Uni\2.Maila\SI\Proiektuak\Rides24_3_J\src\main\resources\rides.temp' has been recovered (tr. 49-49)

[2025-05-11 11:10:03 #2 store] 
Database 'D:\ASIER\LANAK\Uni\2.Maila\SI\Proiektuak\Rides24_3_J\src\main\resources\rides.temp' is opened by 92576@DESKTOP-D7GP777

[2025-05-11 11:10:03 #3 type] 
Type domain.User is not enhanced.

[2025-05-11 11:10:03 #4 type] 
Type domain.Mugimenduak is not enhanced.

[2025-05-11 11:10:03 #5 type] 
Type domain.Driver is not enhanced.

[2025-05-11 11:10:03 #6 type] 
Type domain.Car is not enhanced.

[2025-05-11 11:10:03 #7 type] 
Type domain.Ride is not enhanced.

[2025-05-11 11:10:03 #8 type] 
Type domain.RideBooked is not enhanced.

[2025-05-11 11:10:03 #9 type] 
Type domain.Passenger is not enhanced.

[2025-05-11 11:10:03 #10 type] 
Type domain.Erreklamazioa is not enhanced.

[2025-05-11 11:10:03 #11 type] 
Type domain.Alerta is not enhanced.

------------------------------------------------------------------------------------------------------------------------

[2025-05-11 11:12:01 #1 store] 
Database 'D:\ASIER\LANAK\Uni\2.Maila\SI\Proiektuak\Rides24_3_J\src\main\resources\rides.temp' has been recovered (tr. 50-50)

[2025-05-11 11:12:01 #2 store] 
Database 'D:\ASIER\LANAK\Uni\2.Maila\SI\Proiektuak\Rides24_3_J\src\main\resources\rides.temp' is opened by 73816@DESKTOP-D7GP777

[2025-05-11 11:12:01 #3 type] 
Type domain.User is not enhanced.

[2025-05-11 11:12:01 #4 type] 
Type domain.Mugimenduak is not enhanced.

[2025-05-11 11:12:01 #5 type] 
Type domain.Driver is not enhanced.

[2025-05-11 11:12:01 #6 type] 
Type domain.Car is not enhanced.

[2025-05-11 11:12:01 #7 type] 
Type domain.Ride is not enhanced.

[2025-05-11 11:12:01 #8 type] 
Type domain.RideBooked is not enhanced.

[2025-05-11 11:12:01 #9 type] 
Type domain.Passenger is not enhanced.

[2025-05-11 11:12:01 #10 type] 
Type domain.Erreklamazioa is not enhanced.

[2025-05-11 11:12:01 #11 type] 
Type domain.Alerta is not enhanced.

------------------------------------------------------------------------------------------------------------------------

[2025-05-11 11:18:21 #1 store] 
Database 'D:\ASIER\LANAK\Uni\2.Maila\SI\Proiektuak\Rides24_3_J\src\main\resources\rides.temp' has been recovered (tr. 51-53)

[2025-05-11 11:18:21 #2 store] 
Database 'D:\ASIER\LANAK\Uni\2.Maila\SI\Proiektuak\Rides24_3_J\src\main\resources\rides.temp' is opened by 74852@DESKTOP-D7GP777

[2025-05-11 11:18:22 #3 type] 
Type domain.User is not enhanced.

[2025-05-11 11:18:22 #4 type] 
Type domain.Mugimenduak is not enhanced.

[2025-05-11 11:18:22 #5 type] 
Type domain.Driver is not enhanced.

[2025-05-11 11:18:22 #6 type] 
Type domain.Car is not enhanced.

[2025-05-11 11:18:22 #7 type] 
Type domain.Ride is not enhanced.

[2025-05-11 11:18:22 #8 type] 
Type domain.RideBooked is not enhanced.

[2025-05-11 11:18:22 #9 type] 
Type domain.Passenger is not enhanced.

[2025-05-11 11:18:22 #10 type] 
Type domain.Erreklamazioa is not enhanced.

[2025-05-11 11:18:22 #11 type] 
Type domain.Alerta is not enhanced.

------------------------------------------------------------------------------------------------------------------------

[2025-05-11 11:19:02 #1 store] 
Database 'D:\ASIER\LANAK\Uni\2.Maila\SI\Proiektuak\Rides24_3_J\src\main\resources\rides.temp' is opened by 70436@DESKTOP-D7GP777

[2025-05-11 11:19:02 #2 type] 
Type domain.User is not enhanced.

[2025-05-11 11:19:02 #3 type] 
Type domain.Mugimenduak is not enhanced.

[2025-05-11 11:19:02 #4 type] 
Type domain.Driver is not enhanced.

[2025-05-11 11:19:02 #5 type] 
Type domain.Car is not enhanced.

[2025-05-11 11:19:02 #6 type] 
Type domain.Ride is not enhanced.

[2025-05-11 11:19:02 #7 type] 
Type domain.RideBooked is not enhanced.

[2025-05-11 11:19:02 #8 type] 
Type domain.Passenger is not enhanced.

[2025-05-11 11:19:02 #9 type] 
Type domain.Erreklamazioa is not enhanced.

[2025-05-11 11:19:02 #10 type] 
Type domain.Alerta is not enhanced.

------------------------------------------------------------------------------------------------------------------------

[2025-05-11 19:16:50 #1 store] 
Database 'D:\ASIER\LANAK\Uni\2.Maila\SI\Proiektuak\Rides24_3_J\src\main\resources\rides.temp' is opened by 88856@DESKTOP-D7GP777

[2025-05-11 19:16:50 #2 type] 
Type domain.User is not enhanced.

[2025-05-11 19:16:50 #3 type] 
Type domain.Mugimenduak is not enhanced.

[2025-05-11 19:16:51 #4 type] 
Type domain.Driver is not enhanced.

[2025-05-11 19:16:51 #5 type] 
Type domain.Car is not enhanced.

[2025-05-11 19:16:51 #6 type] 
Type domain.Ride is not enhanced.

[2025-05-11 19:16:51 #7 type] 
Type domain.RideBooked is not enhanced.

[2025-05-11 19:16:51 #8 type] 
Type domain.Passenger is not enhanced.

[2025-05-11 19:16:51 #9 type] 
Type domain.Erreklamazioa is not enhanced.

[2025-05-11 19:16:51 #10 type] 
Type domain.Alerta is not enhanced.

------------------------------------------------------------------------------------------------------------------------

[2025-05-11 19:18:09 #1 store] 
Database 'D:\ASIER\LANAK\Uni\2.Maila\SI\Proiektuak\Rides24_3_J\src\main\resources\rides.temp' has been recovered (tr. 54-54)

[2025-05-11 19:18:09 #2 store] 
Database 'D:\ASIER\LANAK\Uni\2.Maila\SI\Proiektuak\Rides24_3_J\src\main\resources\rides.temp' is opened by 99596@DESKTOP-D7GP777

[2025-05-11 19:18:09 #3 type] 
Type domain.User is not enhanced.

[2025-05-11 19:18:09 #4 type] 
Type domain.Mugimenduak is not enhanced.

[2025-05-11 19:18:09 #5 type] 
Type domain.Driver is not enhanced.

[2025-05-11 19:18:09 #6 type] 
Type domain.Car is not enhanced.

[2025-05-11 19:18:09 #7 type] 
Type domain.Ride is not enhanced.

[2025-05-11 19:18:09 #8 type] 
Type domain.RideBooked is not enhanced.

[2025-05-11 19:18:09 #9 type] 
Type domain.Passenger is not enhanced.

[2025-05-11 19:18:09 #10 type] 
Type domain.Erreklamazioa is not enhanced.

[2025-05-11 19:18:09 #11 type] 
Type domain.Alerta is not enhanced.

------------------------------------------------------------------------------------------------------------------------

[2025-05-11 19:18:33 #1 store] 
Database 'D:\ASIER\LANAK\Uni\2.Maila\SI\Proiektuak\Rides24_3_J\src\main\resources\rides.temp' is opened by 100932@DESKTOP-D7GP777

[2025-05-11 19:18:33 #2 type] 
Type domain.User is not enhanced.

[2025-05-11 19:18:33 #3 type] 
Type domain.Mugimenduak is not enhanced.

[2025-05-11 19:18:33 #4 type] 
Type domain.Driver is not enhanced.

[2025-05-11 19:18:33 #5 type] 
Type domain.Car is not enhanced.

[2025-05-11 19:18:33 #6 type] 
Type domain.Ride is not enhanced.

[2025-05-11 19:18:33 #7 type] 
Type domain.RideBooked is not enhanced.

[2025-05-11 19:18:33 #8 type] 
Type domain.Passenger is not enhanced.

[2025-05-11 19:18:33 #9 type] 
Type domain.Erreklamazioa is not enhanced.

[2025-05-11 19:18:33 #10 type] 
Type domain.Alerta is not enhanced.

------------------------------------------------------------------------------------------------------------------------

[2025-05-11 19:18:41 #1 store] 
Database 'D:\ASIER\LANAK\Uni\2.Maila\SI\Proiektuak\Rides24_3_J\src\main\resources\rides.temp' has been recovered (tr. 55-57)

[2025-05-11 19:18:41 #2 store] 
Database 'D:\ASIER\LANAK\Uni\2.Maila\SI\Proiektuak\Rides24_3_J\src\main\resources\rides.temp' is opened by 94908@DESKTOP-D7GP777

[2025-05-11 19:18:41 #3 type] 
Type domain.User is not enhanced.

[2025-05-11 19:18:41 #4 type] 
Type domain.Mugimenduak is not enhanced.

[2025-05-11 19:18:41 #5 type] 
Type domain.Driver is not enhanced.

[2025-05-11 19:18:41 #6 type] 
Type domain.Car is not enhanced.

[2025-05-11 19:18:41 #7 type] 
Type domain.Ride is not enhanced.

[2025-05-11 19:18:41 #8 type] 
Type domain.RideBooked is not enhanced.

[2025-05-11 19:18:41 #9 type] 
Type domain.Passenger is not enhanced.

[2025-05-11 19:18:41 #10 type] 
Type domain.Erreklamazioa is not enhanced.

[2025-05-11 19:18:41 #11 type] 
Type domain.Alerta is not enhanced.

------------------------------------------------------------------------------------------------------------------------

[2025-05-11 19:19:07 #1 store] 
Database 'D:\ASIER\LANAK\Uni\2.Maila\SI\Proiektuak\Rides24_3_J\src\main\resources\rides.temp' is opened by 103132@DESKTOP-D7GP777

[2025-05-11 19:19:07 #2 type] 
Type domain.User is not enhanced.

[2025-05-11 19:19:07 #3 type] 
Type domain.Mugimenduak is not enhanced.

[2025-05-11 19:19:07 #4 type] 
Type domain.Driver is not enhanced.

[2025-05-11 19:19:07 #5 type] 
Type domain.Car is not enhanced.

[2025-05-11 19:19:07 #6 type] 
Type domain.Ride is not enhanced.

[2025-05-11 19:19:07 #7 type] 
Type domain.RideBooked is not enhanced.

[2025-05-11 19:19:07 #8 type] 
Type domain.Passenger is not enhanced.

[2025-05-11 19:19:07 #9 type] 
Type domain.Erreklamazioa is not enhanced.

[2025-05-11 19:19:07 #10 type] 
Type domain.Alerta is not enhanced.

------------------------------------------------------------------------------------------------------------------------

[2025-05-11 19:19:25 #1 store] 
Database 'D:\ASIER\LANAK\Uni\2.Maila\SI\Proiektuak\Rides24_3_J\src\main\resources\rides.temp' is opened by 101760@DESKTOP-D7GP777

[2025-05-11 19:19:25 #2 type] 
Type domain.User is not enhanced.

[2025-05-11 19:19:25 #3 type] 
Type domain.Mugimenduak is not enhanced.

[2025-05-11 19:19:25 #4 type] 
Type domain.Driver is not enhanced.

[2025-05-11 19:19:25 #5 type] 
Type domain.Car is not enhanced.

[2025-05-11 19:19:25 #6 type] 
Type domain.Ride is not enhanced.

[2025-05-11 19:19:25 #7 type] 
Type domain.RideBooked is not enhanced.

[2025-05-11 19:19:25 #8 type] 
Type domain.Passenger is not enhanced.

[2025-05-11 19:19:25 #9 type] 
Type domain.Erreklamazioa is not enhanced.

[2025-05-11 19:19:25 #10 type] 
Type domain.Alerta is not enhanced.

------------------------------------------------------------------------------------------------------------------------

[2025-05-11 19:19:49 #1 store] 
Database 'D:\ASIER\LANAK\Uni\2.Maila\SI\Proiektuak\Rides24_3_J\src\main\resources\rides.temp' is opened by 101368@DESKTOP-D7GP777

[2025-05-11 19:19:49 #2 type] 
Type domain.User is not enhanced.

[2025-05-11 19:19:49 #3 type] 
Type domain.Mugimenduak is not enhanced.

[2025-05-11 19:19:49 #4 type] 
Type domain.Driver is not enhanced.

[2025-05-11 19:19:49 #5 type] 
Type domain.Car is not enhanced.

[2025-05-11 19:19:49 #6 type] 
Type domain.Ride is not enhanced.

[2025-05-11 19:19:49 #7 type] 
Type domain.RideBooked is not enhanced.

[2025-05-11 19:19:49 #8 type] 
Type domain.Passenger is not enhanced.

[2025-05-11 19:19:49 #9 type] 
Type domain.Erreklamazioa is not enhanced.

[2025-05-11 19:19:49 #10 type] 
Type domain.Alerta is not enhanced.

------------------------------------------------------------------------------------------------------------------------

[2025-05-11 19:20:00 #1 store] 
Database 'D:\ASIER\LANAK\Uni\2.Maila\SI\Proiektuak\Rides24_3_J\src\main\resources\rides.temp' is opened by 99836@DESKTOP-D7GP777

[2025-05-11 19:20:01 #2 type] 
Type domain.User is not enhanced.

[2025-05-11 19:20:01 #3 type] 
Type domain.Mugimenduak is not enhanced.

[2025-05-11 19:20:01 #4 type] 
Type domain.Driver is not enhanced.

[2025-05-11 19:20:01 #5 type] 
Type domain.Car is not enhanced.

[2025-05-11 19:20:01 #6 type] 
Type domain.Ride is not enhanced.

[2025-05-11 19:20:01 #7 type] 
Type domain.RideBooked is not enhanced.

[2025-05-11 19:20:01 #8 type] 
Type domain.Passenger is not enhanced.

[2025-05-11 19:20:01 #9 type] 
Type domain.Erreklamazioa is not enhanced.

[2025-05-11 19:20:01 #10 type] 
Type domain.Alerta is not enhanced.

------------------------------------------------------------------------------------------------------------------------

[2025-05-11 19:31:56 #1 store] 
Database 'D:\ASIER\LANAK\Uni\2.Maila\SI\Proiektuak\Rides24_3_J\src\main\resources\rides.temp' is opened by 103300@DESKTOP-D7GP777

[2025-05-11 19:31:56 #2 type] 
Type domain.User is not enhanced.

[2025-05-11 19:31:56 #3 type] 
Type domain.Mugimenduak is not enhanced.

[2025-05-11 19:31:56 #4 type] 
Type domain.Driver is not enhanced.

[2025-05-11 19:31:56 #5 type] 
Type domain.Car is not enhanced.

[2025-05-11 19:31:56 #6 type] 
Type domain.Ride is not enhanced.

[2025-05-11 19:31:56 #7 type] 
Type domain.RideBooked is not enhanced.

[2025-05-11 19:31:56 #8 type] 
Type domain.Passenger is not enhanced.

[2025-05-11 19:31:56 #9 type] 
Type domain.Erreklamazioa is not enhanced.

[2025-05-11 19:31:56 #10 type] 
Type domain.Alerta is not enhanced.

------------------------------------------------------------------------------------------------------------------------

[2025-05-11 19:32:58 #1 store] 
Database 'D:\ASIER\LANAK\Uni\2.Maila\SI\Proiektuak\Rides24_3_J\src\main\resources\rides.temp' is opened by 100788@DESKTOP-D7GP777

[2025-05-11 19:32:58 #2 type] 
Type domain.User is not enhanced.

[2025-05-11 19:32:58 #3 type] 
Type domain.Mugimenduak is not enhanced.

[2025-05-11 19:32:58 #4 type] 
Type domain.Driver is not enhanced.

[2025-05-11 19:32:58 #5 type] 
Type domain.Car is not enhanced.

[2025-05-11 19:32:58 #6 type] 
Type domain.Ride is not enhanced.

[2025-05-11 19:32:58 #7 type] 
Type domain.RideBooked is not enhanced.

[2025-05-11 19:32:58 #8 type] 
Type domain.Passenger is not enhanced.

[2025-05-11 19:32:58 #9 type] 
Type domain.Erreklamazioa is not enhanced.

[2025-05-11 19:32:58 #10 type] 
Type domain.Alerta is not enhanced.

------------------------------------------------------------------------------------------------------------------------

[2025-05-11 19:33:11 #1 store] 
Database 'D:\ASIER\LANAK\Uni\2.Maila\SI\Proiektuak\Rides24_3_J\src\main\resources\rides.temp' is opened by 99140@DESKTOP-D7GP777

[2025-05-11 19:33:11 #2 type] 
Type domain.User is not enhanced.

[2025-05-11 19:33:11 #3 type] 
Type domain.Mugimenduak is not enhanced.

[2025-05-11 19:33:11 #4 type] 
Type domain.Driver is not enhanced.

[2025-05-11 19:33:11 #5 type] 
Type domain.Car is not enhanced.

[2025-05-11 19:33:11 #6 type] 
Type domain.Ride is not enhanced.

[2025-05-11 19:33:11 #7 type] 
Type domain.RideBooked is not enhanced.

[2025-05-11 19:33:11 #8 type] 
Type domain.Passenger is not enhanced.

[2025-05-11 19:33:11 #9 type] 
Type domain.Erreklamazioa is not enhanced.

[2025-05-11 19:33:11 #10 type] 
Type domain.Alerta is not enhanced.

------------------------------------------------------------------------------------------------------------------------

[2025-05-11 19:33:22 #1 store] 
Database 'D:\ASIER\LANAK\Uni\2.Maila\SI\Proiektuak\Rides24_3_J\src\main\resources\rides.temp' is opened by 103188@DESKTOP-D7GP777

[2025-05-11 19:33:22 #2 type] 
Type domain.User is not enhanced.

[2025-05-11 19:33:22 #3 type] 
Type domain.Mugimenduak is not enhanced.

[2025-05-11 19:33:22 #4 type] 
Type domain.Driver is not enhanced.

[2025-05-11 19:33:22 #5 type] 
Type domain.Car is not enhanced.

[2025-05-11 19:33:22 #6 type] 
Type domain.Ride is not enhanced.

[2025-05-11 19:33:22 #7 type] 
Type domain.RideBooked is not enhanced.

[2025-05-11 19:33:22 #8 type] 
Type domain.Passenger is not enhanced.

[2025-05-11 19:33:22 #9 type] 
Type domain.Erreklamazioa is not enhanced.

[2025-05-11 19:33:22 #10 type] 
Type domain.Alerta is not enhanced.

------------------------------------------------------------------------------------------------------------------------

[2025-05-11 19:33:42 #1 store] 
Database 'D:\ASIER\LANAK\Uni\2.Maila\SI\Proiektuak\Rides24_3_J\src\main\resources\rides.temp' is opened by 102628@DESKTOP-D7GP777

[2025-05-11 19:33:42 #2 type] 
Type domain.User is not enhanced.

[2025-05-11 19:33:42 #3 type] 
Type domain.Mugimenduak is not enhanced.

[2025-05-11 19:33:42 #4 type] 
Type domain.Driver is not enhanced.

[2025-05-11 19:33:42 #5 type] 
Type domain.Car is not enhanced.

[2025-05-11 19:33:42 #6 type] 
Type domain.Ride is not enhanced.

[2025-05-11 19:33:42 #7 type] 
Type domain.RideBooked is not enhanced.

[2025-05-11 19:33:42 #8 type] 
Type domain.Passenger is not enhanced.

[2025-05-11 19:33:42 #9 type] 
Type domain.Erreklamazioa is not enhanced.

[2025-05-11 19:33:42 #10 type] 
Type domain.Alerta is not enhanced.

------------------------------------------------------------------------------------------------------------------------

[2025-05-11 19:34:02 #1 store] 
Database 'D:\ASIER\LANAK\Uni\2.Maila\SI\Proiektuak\Rides24_3_J\src\main\resources\rides.temp' is opened by 96424@DESKTOP-D7GP777

[2025-05-11 19:34:02 #2 type] 
Type domain.User is not enhanced.

[2025-05-11 19:34:02 #3 type] 
Type domain.Mugimenduak is not enhanced.

[2025-05-11 19:34:02 #4 type] 
Type domain.Driver is not enhanced.

[2025-05-11 19:34:02 #5 type] 
Type domain.Car is not enhanced.

[2025-05-11 19:34:02 #6 type] 
Type domain.Ride is not enhanced.

[2025-05-11 19:34:02 #7 type] 
Type domain.RideBooked is not enhanced.

[2025-05-11 19:34:02 #8 type] 
Type domain.Passenger is not enhanced.

[2025-05-11 19:34:02 #9 type] 
Type domain.Erreklamazioa is not enhanced.

[2025-05-11 19:34:02 #10 type] 
Type domain.Alerta is not enhanced.

------------------------------------------------------------------------------------------------------------------------

[2025-05-11 19:34:19 #1 store] 
Database 'D:\ASIER\LANAK\Uni\2.Maila\SI\Proiektuak\Rides24_3_J\src\main\resources\rides.temp' is opened by 93688@DESKTOP-D7GP777

[2025-05-11 19:34:19 #2 type] 
Type domain.User is not enhanced.

[2025-05-11 19:34:19 #3 type] 
Type domain.Mugimenduak is not enhanced.

[2025-05-11 19:34:19 #4 type] 
Type domain.Driver is not enhanced.

[2025-05-11 19:34:19 #5 type] 
Type domain.Car is not enhanced.

[2025-05-11 19:34:19 #6 type] 
Type domain.Ride is not enhanced.

[2025-05-11 19:34:19 #7 type] 
Type domain.RideBooked is not enhanced.

[2025-05-11 19:34:19 #8 type] 
Type domain.Passenger is not enhanced.

[2025-05-11 19:34:19 #9 type] 
Type domain.Erreklamazioa is not enhanced.

[2025-05-11 19:34:19 #10 type] 
Type domain.Alerta is not enhanced.

------------------------------------------------------------------------------------------------------------------------

[2025-05-11 19:39:37 #1 store] 
Database 'D:\ASIER\LANAK\Uni\2.Maila\SI\Proiektuak\Rides24_3_J\src\main\resources\rides.temp' is opened by 104400@DESKTOP-D7GP777

[2025-05-11 19:39:37 #2 type] 
Type domain.User is not enhanced.

[2025-05-11 19:39:37 #3 type] 
Type domain.Mugimenduak is not enhanced.

[2025-05-11 19:39:37 #4 type] 
Type domain.Driver is not enhanced.

[2025-05-11 19:39:37 #5 type] 
Type domain.Car is not enhanced.

[2025-05-11 19:39:37 #6 type] 
Type domain.Ride is not enhanced.

[2025-05-11 19:39:37 #7 type] 
Type domain.RideBooked is not enhanced.

[2025-05-11 19:39:37 #8 type] 
Type domain.Passenger is not enhanced.

[2025-05-11 19:39:37 #9 type] 
Type domain.Erreklamazioa is not enhanced.

[2025-05-11 19:39:37 #10 type] 
Type domain.Alerta is not enhanced.

------------------------------------------------------------------------------------------------------------------------

[2025-05-11 19:40:03 #1 store] 
Database 'D:\ASIER\LANAK\Uni\2.Maila\SI\Proiektuak\Rides24_3_J\src\main\resources\rides.temp' has been recovered (tr. 58-60)

[2025-05-11 19:40:03 #2 store] 
Database 'D:\ASIER\LANAK\Uni\2.Maila\SI\Proiektuak\Rides24_3_J\src\main\resources\rides.temp' is opened by 99996@DESKTOP-D7GP777

[2025-05-11 19:40:03 #3 type] 
Type domain.User is not enhanced.

[2025-05-11 19:40:03 #4 type] 
Type domain.Mugimenduak is not enhanced.

[2025-05-11 19:40:03 #5 type] 
Type domain.Driver is not enhanced.

[2025-05-11 19:40:03 #6 type] 
Type domain.Car is not enhanced.

[2025-05-11 19:40:03 #7 type] 
Type domain.Ride is not enhanced.

[2025-05-11 19:40:03 #8 type] 
Type domain.RideBooked is not enhanced.

[2025-05-11 19:40:03 #9 type] 
Type domain.Passenger is not enhanced.

[2025-05-11 19:40:03 #10 type] 
Type domain.Erreklamazioa is not enhanced.

[2025-05-11 19:40:03 #11 type] 
Type domain.Alerta is not enhanced.

------------------------------------------------------------------------------------------------------------------------

[2025-05-11 19:41:01 #1 store] 
Database 'D:\ASIER\LANAK\Uni\2.Maila\SI\Proiektuak\Rides24_3_J\src\main\resources\rides.temp' is opened by 102740@DESKTOP-D7GP777

[2025-05-11 19:41:01 #2 type] 
Type domain.User is not enhanced.

[2025-05-11 19:41:01 #3 type] 
Type domain.Mugimenduak is not enhanced.

[2025-05-11 19:41:01 #4 type] 
Type domain.Driver is not enhanced.

[2025-05-11 19:41:01 #5 type] 
Type domain.Car is not enhanced.

[2025-05-11 19:41:01 #6 type] 
Type domain.Ride is not enhanced.

[2025-05-11 19:41:01 #7 type] 
Type domain.RideBooked is not enhanced.

[2025-05-11 19:41:01 #8 type] 
Type domain.Passenger is not enhanced.

[2025-05-11 19:41:01 #9 type] 
Type domain.Erreklamazioa is not enhanced.

[2025-05-11 19:41:01 #10 type] 
Type domain.Alerta is not enhanced.

------------------------------------------------------------------------------------------------------------------------

[2025-05-11 19:43:06 #1 store] 
Database 'D:\ASIER\LANAK\Uni\2.Maila\SI\Proiektuak\Rides24_3_J\src\main\resources\rides.temp' has been recovered (tr. 61-62)

[2025-05-11 19:43:06 #2 store] 
Database 'D:\ASIER\LANAK\Uni\2.Maila\SI\Proiektuak\Rides24_3_J\src\main\resources\rides.temp' is opened by 102268@DESKTOP-D7GP777

[2025-05-11 19:43:06 #3 type] 
Type domain.User is not enhanced.

[2025-05-11 19:43:06 #4 type] 
Type domain.Mugimenduak is not enhanced.

[2025-05-11 19:43:06 #5 type] 
Type domain.Driver is not enhanced.

[2025-05-11 19:43:06 #6 type] 
Type domain.Car is not enhanced.

[2025-05-11 19:43:06 #7 type] 
Type domain.Ride is not enhanced.

[2025-05-11 19:43:06 #8 type] 
Type domain.RideBooked is not enhanced.

[2025-05-11 19:43:06 #9 type] 
Type domain.Passenger is not enhanced.

[2025-05-11 19:43:06 #10 type] 
Type domain.Erreklamazioa is not enhanced.

[2025-05-11 19:43:06 #11 type] 
Type domain.Alerta is not enhanced.

------------------------------------------------------------------------------------------------------------------------

[2025-05-11 19:44:39 #1 store] 
Database 'D:\ASIER\LANAK\Uni\2.Maila\SI\Proiektuak\Rides24_3_J\src\main\resources\rides.temp' is opened by 103680@DESKTOP-D7GP777

[2025-05-11 19:44:39 #2 type] 
Type domain.User is not enhanced.

[2025-05-11 19:44:39 #3 type] 
Type domain.Mugimenduak is not enhanced.

[2025-05-11 19:44:39 #4 type] 
Type domain.Driver is not enhanced.

[2025-05-11 19:44:39 #5 type] 
Type domain.Car is not enhanced.

[2025-05-11 19:44:39 #6 type] 
Type domain.Ride is not enhanced.

[2025-05-11 19:44:39 #7 type] 
Type domain.RideBooked is not enhanced.

[2025-05-11 19:44:39 #8 type] 
Type domain.Passenger is not enhanced.

[2025-05-11 19:44:39 #9 type] 
Type domain.Erreklamazioa is not enhanced.

[2025-05-11 19:44:39 #10 type] 
Type domain.Alerta is not enhanced.

------------------------------------------------------------------------------------------------------------------------

[2025-05-11 19:46:20 #1 store] 
Database 'D:\ASIER\LANAK\Uni\2.Maila\SI\Proiektuak\Rides24_3_J\src\main\resources\rides.temp' is opened by 92488@DESKTOP-D7GP777

[2025-05-11 19:46:20 #2 type] 
Type domain.User is not enhanced.

[2025-05-11 19:46:20 #3 type] 
Type domain.Mugimenduak is not enhanced.

[2025-05-11 19:46:20 #4 type] 
Type domain.Driver is not enhanced.

[2025-05-11 19:46:20 #5 type] 
Type domain.Car is not enhanced.

[2025-05-11 19:46:20 #6 type] 
Type domain.Ride is not enhanced.

[2025-05-11 19:46:20 #7 type] 
Type domain.RideBooked is not enhanced.

[2025-05-11 19:46:20 #8 type] 
Type domain.Passenger is not enhanced.

[2025-05-11 19:46:20 #9 type] 
Type domain.Erreklamazioa is not enhanced.

[2025-05-11 19:46:20 #10 type] 
Type domain.Alerta is not enhanced.

------------------------------------------------------------------------------------------------------------------------

[2025-05-11 19:47:21 #1 store] 
Database 'D:\ASIER\LANAK\Uni\2.Maila\SI\Proiektuak\Rides24_3_J\src\main\resources\rides.temp' is opened by 99336@DESKTOP-D7GP777

[2025-05-11 19:47:21 #2 type] 
Type domain.User is not enhanced.

[2025-05-11 19:47:21 #3 type] 
Type domain.Mugimenduak is not enhanced.

[2025-05-11 19:47:21 #4 type] 
Type domain.Driver is not enhanced.

[2025-05-11 19:47:21 #5 type] 
Type domain.Car is not enhanced.

[2025-05-11 19:47:21 #6 type] 
Type domain.Ride is not enhanced.

[2025-05-11 19:47:21 #7 type] 
Type domain.RideBooked is not enhanced.

[2025-05-11 19:47:21 #8 type] 
Type domain.Passenger is not enhanced.

[2025-05-11 19:47:21 #9 type] 
Type domain.Erreklamazioa is not enhanced.

[2025-05-11 19:47:21 #10 type] 
Type domain.Alerta is not enhanced.

------------------------------------------------------------------------------------------------------------------------

[2025-05-11 19:47:47 #1 store] 
Database 'D:\ASIER\LANAK\Uni\2.Maila\SI\Proiektuak\Rides24_3_J\src\main\resources\rides.temp' is opened by 102964@DESKTOP-D7GP777

[2025-05-11 19:47:47 #2 type] 
Type domain.User is not enhanced.

[2025-05-11 19:47:47 #3 type] 
Type domain.Mugimenduak is not enhanced.

[2025-05-11 19:47:47 #4 type] 
Type domain.Driver is not enhanced.

[2025-05-11 19:47:47 #5 type] 
Type domain.Car is not enhanced.

[2025-05-11 19:47:47 #6 type] 
Type domain.Ride is not enhanced.

[2025-05-11 19:47:47 #7 type] 
Type domain.RideBooked is not enhanced.

[2025-05-11 19:47:47 #8 type] 
Type domain.Passenger is not enhanced.

[2025-05-11 19:47:47 #9 type] 
Type domain.Erreklamazioa is not enhanced.

[2025-05-11 19:47:47 #10 type] 
Type domain.Alerta is not enhanced.

------------------------------------------------------------------------------------------------------------------------

[2025-05-11 19:48:34 #1 store] 
Database 'D:\ASIER\LANAK\Uni\2.Maila\SI\Proiektuak\Rides24_3_J\src\main\resources\rides.temp' is opened by 102812@DESKTOP-D7GP777

[2025-05-11 19:48:34 #2 type] 
Type domain.User is not enhanced.

[2025-05-11 19:48:34 #3 type] 
Type domain.Mugimenduak is not enhanced.

[2025-05-11 19:48:34 #4 type] 
Type domain.Driver is not enhanced.

[2025-05-11 19:48:34 #5 type] 
Type domain.Car is not enhanced.

[2025-05-11 19:48:34 #6 type] 
Type domain.Ride is not enhanced.

[2025-05-11 19:48:34 #7 type] 
Type domain.RideBooked is not enhanced.

[2025-05-11 19:48:34 #8 type] 
Type domain.Passenger is not enhanced.

[2025-05-11 19:48:34 #9 type] 
Type domain.Erreklamazioa is not enhanced.

[2025-05-11 19:48:34 #10 type] 
Type domain.Alerta is not enhanced.

------------------------------------------------------------------------------------------------------------------------

[2025-05-11 19:49:06 #1 store] 
Database 'D:\ASIER\LANAK\Uni\2.Maila\SI\Proiektuak\Rides24_3_J\src\main\resources\rides.temp' is opened by 104900@DESKTOP-D7GP777

[2025-05-11 19:49:06 #2 type] 
Type domain.User is not enhanced.

[2025-05-11 19:49:06 #3 type] 
Type domain.Mugimenduak is not enhanced.

[2025-05-11 19:49:06 #4 type] 
Type domain.Driver is not enhanced.

[2025-05-11 19:49:06 #5 type] 
Type domain.Car is not enhanced.

[2025-05-11 19:49:06 #6 type] 
Type domain.Ride is not enhanced.

[2025-05-11 19:49:06 #7 type] 
Type domain.RideBooked is not enhanced.

[2025-05-11 19:49:06 #8 type] 
Type domain.Passenger is not enhanced.

[2025-05-11 19:49:06 #9 type] 
Type domain.Erreklamazioa is not enhanced.

[2025-05-11 19:49:06 #10 type] 
Type domain.Alerta is not enhanced.

------------------------------------------------------------------------------------------------------------------------

[2025-05-11 19:54:32 #1 store] 
Database 'D:\ASIER\LANAK\Uni\2.Maila\SI\Proiektuak\Rides24_3_J\src\main\resources\rides.temp' is opened by 103800@DESKTOP-D7GP777

[2025-05-11 19:54:32 #2 type] 
Type domain.User is not enhanced.

[2025-05-11 19:54:32 #3 type] 
Type domain.Mugimenduak is not enhanced.

[2025-05-11 19:54:32 #4 type] 
Type domain.Driver is not enhanced.

[2025-05-11 19:54:32 #5 type] 
Type domain.Car is not enhanced.

[2025-05-11 19:54:32 #6 type] 
Type domain.Ride is not enhanced.

[2025-05-11 19:54:32 #7 type] 
Type domain.RideBooked is not enhanced.

[2025-05-11 19:54:32 #8 type] 
Type domain.Passenger is not enhanced.

[2025-05-11 19:54:32 #9 type] 
Type domain.Erreklamazioa is not enhanced.

[2025-05-11 19:54:32 #10 type] 
Type domain.Alerta is not enhanced.

------------------------------------------------------------------------------------------------------------------------

[2025-05-11 19:54:44 #1 store] 
Database 'D:\ASIER\LANAK\Uni\2.Maila\SI\Proiektuak\Rides24_3_J\src\main\resources\rides.temp' has been recovered (tr. 64-65)

[2025-05-11 19:54:44 #2 store] 
Database 'D:\ASIER\LANAK\Uni\2.Maila\SI\Proiektuak\Rides24_3_J\src\main\resources\rides.temp' is opened by 97428@DESKTOP-D7GP777

[2025-05-11 19:54:44 #3 type] 
Type domain.User is not enhanced.

[2025-05-11 19:54:44 #4 type] 
Type domain.Mugimenduak is not enhanced.

[2025-05-11 19:54:44 #5 type] 
Type domain.Driver is not enhanced.

[2025-05-11 19:54:44 #6 type] 
Type domain.Car is not enhanced.

[2025-05-11 19:54:44 #7 type] 
Type domain.Ride is not enhanced.

[2025-05-11 19:54:44 #8 type] 
Type domain.RideBooked is not enhanced.

[2025-05-11 19:54:44 #9 type] 
Type domain.Passenger is not enhanced.

[2025-05-11 19:54:44 #10 type] 
Type domain.Erreklamazioa is not enhanced.

[2025-05-11 19:54:44 #11 type] 
Type domain.Alerta is not enhanced.

------------------------------------------------------------------------------------------------------------------------

[2025-05-11 19:55:09 #1 store] 
Database 'D:\ASIER\LANAK\Uni\2.Maila\SI\Proiektuak\Rides24_3_J\src\main\resources\rides.temp' has been recovered (tr. 66-69)

[2025-05-11 19:55:09 #2 store] 
Database 'D:\ASIER\LANAK\Uni\2.Maila\SI\Proiektuak\Rides24_3_J\src\main\resources\rides.temp' is opened by 102564@DESKTOP-D7GP777

[2025-05-11 19:55:09 #3 type] 
Type domain.User is not enhanced.

[2025-05-11 19:55:09 #4 type] 
Type domain.Mugimenduak is not enhanced.

[2025-05-11 19:55:09 #5 type] 
Type domain.Driver is not enhanced.

[2025-05-11 19:55:09 #6 type] 
Type domain.Car is not enhanced.

[2025-05-11 19:55:09 #7 type] 
Type domain.Ride is not enhanced.

[2025-05-11 19:55:09 #8 type] 
Type domain.RideBooked is not enhanced.

[2025-05-11 19:55:09 #9 type] 
Type domain.Passenger is not enhanced.

[2025-05-11 19:55:09 #10 type] 
Type domain.Erreklamazioa is not enhanced.

[2025-05-11 19:55:09 #11 type] 
Type domain.Alerta is not enhanced.

------------------------------------------------------------------------------------------------------------------------

[2025-05-11 19:56:13 #1 store] 
Database 'D:\ASIER\LANAK\Uni\2.Maila\SI\Proiektuak\Rides24_3_J\src\main\resources\rides.temp' is opened by 104268@DESKTOP-D7GP777

[2025-05-11 19:56:13 #2 type] 
Type domain.User is not enhanced.

[2025-05-11 19:56:13 #3 type] 
Type domain.Mugimenduak is not enhanced.

[2025-05-11 19:56:13 #4 type] 
Type domain.Driver is not enhanced.

[2025-05-11 19:56:13 #5 type] 
Type domain.Car is not enhanced.

[2025-05-11 19:56:13 #6 type] 
Type domain.Ride is not enhanced.

[2025-05-11 19:56:13 #7 type] 
Type domain.RideBooked is not enhanced.

[2025-05-11 19:56:13 #8 type] 
Type domain.Passenger is not enhanced.

[2025-05-11 19:56:13 #9 type] 
Type domain.Erreklamazioa is not enhanced.

[2025-05-11 19:56:13 #10 type] 
Type domain.Alerta is not enhanced.

------------------------------------------------------------------------------------------------------------------------

[2025-05-11 19:59:01 #1 store] 
Database 'D:\ASIER\LANAK\Uni\2.Maila\SI\Proiektuak\Rides24_3_J\src\main\resources\rides.temp' has been recovered (tr. 76-82)

[2025-05-11 19:59:01 #2 store] 
Database 'D:\ASIER\LANAK\Uni\2.Maila\SI\Proiektuak\Rides24_3_J\src\main\resources\rides.temp' is opened by 103184@DESKTOP-D7GP777

[2025-05-11 19:59:01 #3 type] 
Type domain.User is not enhanced.

[2025-05-11 19:59:01 #4 type] 
Type domain.Mugimenduak is not enhanced.

[2025-05-11 19:59:01 #5 type] 
Type domain.Driver is not enhanced.

[2025-05-11 19:59:01 #6 type] 
Type domain.Car is not enhanced.

[2025-05-11 19:59:01 #7 type] 
Type domain.Ride is not enhanced.

[2025-05-11 19:59:01 #8 type] 
Type domain.RideBooked is not enhanced.

[2025-05-11 19:59:01 #9 type] 
Type domain.Passenger is not enhanced.

[2025-05-11 19:59:01 #10 type] 
Type domain.Erreklamazioa is not enhanced.

[2025-05-11 19:59:01 #11 type] 
Type domain.Alerta is not enhanced.

------------------------------------------------------------------------------------------------------------------------

[2025-05-11 20:01:27 #1 store] 
Database 'D:\ASIER\LANAK\Uni\2.Maila\SI\Proiektuak\Rides24_3_J\src\main\resources\rides.temp' is opened by 104428@DESKTOP-D7GP777

[2025-05-11 20:01:27 #2 type] 
Type domain.User is not enhanced.

[2025-05-11 20:01:27 #3 type] 
Type domain.Mugimenduak is not enhanced.

[2025-05-11 20:01:27 #4 type] 
Type domain.Driver is not enhanced.

[2025-05-11 20:01:27 #5 type] 
Type domain.Car is not enhanced.

[2025-05-11 20:01:27 #6 type] 
Type domain.Ride is not enhanced.

[2025-05-11 20:01:27 #7 type] 
Type domain.RideBooked is not enhanced.

[2025-05-11 20:01:27 #8 type] 
Type domain.Passenger is not enhanced.

[2025-05-11 20:01:27 #9 type] 
Type domain.Erreklamazioa is not enhanced.

[2025-05-11 20:01:27 #10 type] 
Type domain.Alerta is not enhanced.

------------------------------------------------------------------------------------------------------------------------

[2025-05-11 20:12:36 #1 store] 
Database 'D:\ASIER\LANAK\Uni\2.Maila\SI\Proiektuak\Rides24_3_J\src\main\resources\rides.temp' is opened by 101228@DESKTOP-D7GP777

[2025-05-11 20:12:36 #2 type] 
Type domain.User is not enhanced.

[2025-05-11 20:12:36 #3 type] 
Type domain.Mugimenduak is not enhanced.

[2025-05-11 20:12:36 #4 type] 
Type domain.Driver is not enhanced.

[2025-05-11 20:12:36 #5 type] 
Type domain.Car is not enhanced.

[2025-05-11 20:12:36 #6 type] 
Type domain.Ride is not enhanced.

[2025-05-11 20:12:36 #7 type] 
Type domain.RideBooked is not enhanced.

[2025-05-11 20:12:36 #8 type] 
Type domain.Passenger is not enhanced.

[2025-05-11 20:12:36 #9 type] 
Type domain.Erreklamazioa is not enhanced.

[2025-05-11 20:12:36 #10 type] 
Type domain.Alerta is not enhanced.

------------------------------------------------------------------------------------------------------------------------

[2025-05-11 20:12:58 #1 store] 
Database 'D:\ASIER\LANAK\Uni\2.Maila\SI\Proiektuak\Rides24_3_J\src\main\resources\rides.temp' is opened by 105056@DESKTOP-D7GP777

[2025-05-11 20:12:58 #2 type] 
Type domain.User is not enhanced.

[2025-05-11 20:12:58 #3 type] 
Type domain.Mugimenduak is not enhanced.

[2025-05-11 20:12:58 #4 type] 
Type domain.Driver is not enhanced.

[2025-05-11 20:12:58 #5 type] 
Type domain.Car is not enhanced.

[2025-05-11 20:12:58 #6 type] 
Type domain.Ride is not enhanced.

[2025-05-11 20:12:58 #7 type] 
Type domain.RideBooked is not enhanced.

[2025-05-11 20:12:58 #8 type] 
Type domain.Passenger is not enhanced.

[2025-05-11 20:12:58 #9 type] 
Type domain.Erreklamazioa is not enhanced.

[2025-05-11 20:12:58 #10 type] 
Type domain.Alerta is not enhanced.

------------------------------------------------------------------------------------------------------------------------

[2025-05-11 20:14:34 #1 store] 
Database 'D:\ASIER\LANAK\Uni\2.Maila\SI\Proiektuak\Rides24_3_J\src\main\resources\rides.temp' is opened by 104796@DESKTOP-D7GP777

[2025-05-11 20:14:34 #2 type] 
Type domain.User is not enhanced.

[2025-05-11 20:14:34 #3 type] 
Type domain.Mugimenduak is not enhanced.

[2025-05-11 20:14:34 #4 type] 
Type domain.Driver is not enhanced.

[2025-05-11 20:14:34 #5 type] 
Type domain.Car is not enhanced.

[2025-05-11 20:14:34 #6 type] 
Type domain.Ride is not enhanced.

[2025-05-11 20:14:34 #7 type] 
Type domain.RideBooked is not enhanced.

[2025-05-11 20:14:34 #8 type] 
Type domain.Passenger is not enhanced.

[2025-05-11 20:14:34 #9 type] 
Type domain.Erreklamazioa is not enhanced.

[2025-05-11 20:14:34 #10 type] 
Type domain.Alerta is not enhanced.

------------------------------------------------------------------------------------------------------------------------

[2025-05-11 20:14:57 #1 store] 
Database 'D:\ASIER\LANAK\Uni\2.Maila\SI\Proiektuak\Rides24_3_J\src\main\resources\rides.temp' is opened by 11708@DESKTOP-D7GP777

[2025-05-11 20:14:57 #2 type] 
Type domain.User is not enhanced.

[2025-05-11 20:14:57 #3 type] 
Type domain.Mugimenduak is not enhanced.

[2025-05-11 20:14:57 #4 type] 
Type domain.Driver is not enhanced.

[2025-05-11 20:14:57 #5 type] 
Type domain.Car is not enhanced.

[2025-05-11 20:14:57 #6 type] 
Type domain.Ride is not enhanced.

[2025-05-11 20:14:57 #7 type] 
Type domain.RideBooked is not enhanced.

[2025-05-11 20:14:57 #8 type] 
Type domain.Passenger is not enhanced.

[2025-05-11 20:14:57 #9 type] 
Type domain.Erreklamazioa is not enhanced.

[2025-05-11 20:14:57 #10 type] 
Type domain.Alerta is not enhanced.

------------------------------------------------------------------------------------------------------------------------

[2025-05-11 20:15:00 #1 store] 
Database 'D:\ASIER\LANAK\Uni\2.Maila\SI\Proiektuak\Rides24_3_J\src\main\resources\rides.temp' has been recovered (tr. 88-88)

[2025-05-11 20:15:01 #2 store] 
Database 'D:\ASIER\LANAK\Uni\2.Maila\SI\Proiektuak\Rides24_3_J\src\main\resources\rides.temp' is opened by 58740@DESKTOP-D7GP777

[2025-05-11 20:15:01 #3 type] 
Type domain.User is not enhanced.

[2025-05-11 20:15:01 #4 type] 
Type domain.Mugimenduak is not enhanced.

[2025-05-11 20:15:01 #5 type] 
Type domain.Driver is not enhanced.

[2025-05-11 20:15:01 #6 type] 
Type domain.Car is not enhanced.

[2025-05-11 20:15:01 #7 type] 
Type domain.Ride is not enhanced.

[2025-05-11 20:15:01 #8 type] 
Type domain.RideBooked is not enhanced.

[2025-05-11 20:15:01 #9 type] 
Type domain.Passenger is not enhanced.

[2025-05-11 20:15:01 #10 type] 
Type domain.Erreklamazioa is not enhanced.

[2025-05-11 20:15:01 #11 type] 
Type domain.Alerta is not enhanced.

------------------------------------------------------------------------------------------------------------------------

[2025-05-11 20:15:04 #1 store] 
Database 'D:\ASIER\LANAK\Uni\2.Maila\SI\Proiektuak\Rides24_3_J\src\main\resources\rides.temp' has been recovered (tr. 89-89)

[2025-05-11 20:15:04 #2 store] 
Database 'D:\ASIER\LANAK\Uni\2.Maila\SI\Proiektuak\Rides24_3_J\src\main\resources\rides.temp' is opened by 105192@DESKTOP-D7GP777

[2025-05-11 20:15:05 #3 type] 
Type domain.User is not enhanced.

[2025-05-11 20:15:05 #4 type] 
Type domain.Mugimenduak is not enhanced.

[2025-05-11 20:15:05 #5 type] 
Type domain.Driver is not enhanced.

[2025-05-11 20:15:05 #6 type] 
Type domain.Car is not enhanced.

[2025-05-11 20:15:05 #7 type] 
Type domain.Ride is not enhanced.

[2025-05-11 20:15:05 #8 type] 
Type domain.RideBooked is not enhanced.

[2025-05-11 20:15:05 #9 type] 
Type domain.Passenger is not enhanced.

[2025-05-11 20:15:05 #10 type] 
Type domain.Erreklamazioa is not enhanced.

[2025-05-11 20:15:05 #11 type] 
Type domain.Alerta is not enhanced.

------------------------------------------------------------------------------------------------------------------------

[2025-05-11 20:15:08 #1 store] 
Database 'D:\ASIER\LANAK\Uni\2.Maila\SI\Proiektuak\Rides24_3_J\src\main\resources\rides.temp' has been recovered (tr. 90-90)

[2025-05-11 20:15:08 #2 store] 
Database 'D:\ASIER\LANAK\Uni\2.Maila\SI\Proiektuak\Rides24_3_J\src\main\resources\rides.temp' is opened by 93364@DESKTOP-D7GP777

[2025-05-11 20:15:08 #3 type] 
Type domain.User is not enhanced.

[2025-05-11 20:15:08 #4 type] 
Type domain.Mugimenduak is not enhanced.

[2025-05-11 20:15:08 #5 type] 
Type domain.Driver is not enhanced.

[2025-05-11 20:15:08 #6 type] 
Type domain.Car is not enhanced.

[2025-05-11 20:15:08 #7 type] 
Type domain.Ride is not enhanced.

[2025-05-11 20:15:08 #8 type] 
Type domain.RideBooked is not enhanced.

[2025-05-11 20:15:08 #9 type] 
Type domain.Passenger is not enhanced.

[2025-05-11 20:15:08 #10 type] 
Type domain.Erreklamazioa is not enhanced.

[2025-05-11 20:15:08 #11 type] 
Type domain.Alerta is not enhanced.

------------------------------------------------------------------------------------------------------------------------

[2025-05-11 20:18:24 #1 store] 
Database 'D:\ASIER\LANAK\Uni\2.Maila\SI\Proiektuak\Rides24_3_J\src\main\resources\rides.temp' is opened by 103648@DESKTOP-D7GP777

[2025-05-11 20:18:24 #2 type] 
Type domain.User is not enhanced.

[2025-05-11 20:18:24 #3 type] 
Type domain.Mugimenduak is not enhanced.

[2025-05-11 20:18:24 #4 type] 
Type domain.Driver is not enhanced.

[2025-05-11 20:18:24 #5 type] 
Type domain.Car is not enhanced.

[2025-05-11 20:18:24 #6 type] 
Type domain.Ride is not enhanced.

[2025-05-11 20:18:24 #7 type] 
Type domain.RideBooked is not enhanced.

[2025-05-11 20:18:24 #8 type] 
Type domain.Passenger is not enhanced.

[2025-05-11 20:18:24 #9 type] 
Type domain.Erreklamazioa is not enhanced.

[2025-05-11 20:18:24 #10 type] 
Type domain.Alerta is not enhanced.

------------------------------------------------------------------------------------------------------------------------

[2025-05-11 20:19:07 #1 store] 
Database 'D:\ASIER\LANAK\Uni\2.Maila\SI\Proiektuak\Rides24_3_J\src\main\resources\rides.temp' is opened by 93260@DESKTOP-D7GP777

[2025-05-11 20:19:07 #2 type] 
Type domain.User is not enhanced.

[2025-05-11 20:19:07 #3 type] 
Type domain.Mugimenduak is not enhanced.

[2025-05-11 20:19:07 #4 type] 
Type domain.Driver is not enhanced.

[2025-05-11 20:19:07 #5 type] 
Type domain.Car is not enhanced.

[2025-05-11 20:19:07 #6 type] 
Type domain.Ride is not enhanced.

[2025-05-11 20:19:07 #7 type] 
Type domain.RideBooked is not enhanced.

[2025-05-11 20:19:07 #8 type] 
Type domain.Passenger is not enhanced.

[2025-05-11 20:19:07 #9 type] 
Type domain.Erreklamazioa is not enhanced.

[2025-05-11 20:19:07 #10 type] 
Type domain.Alerta is not enhanced.

------------------------------------------------------------------------------------------------------------------------

[2025-05-11 20:19:34 #1 store] 
Database 'D:\ASIER\LANAK\Uni\2.Maila\SI\Proiektuak\Rides24_3_J\src\main\resources\rides.temp' is opened by 102068@DESKTOP-D7GP777

[2025-05-11 20:19:34 #2 type] 
Type domain.User is not enhanced.

[2025-05-11 20:19:34 #3 type] 
Type domain.Mugimenduak is not enhanced.

[2025-05-11 20:19:34 #4 type] 
Type domain.Driver is not enhanced.

[2025-05-11 20:19:34 #5 type] 
Type domain.Car is not enhanced.

[2025-05-11 20:19:34 #6 type] 
Type domain.Ride is not enhanced.

[2025-05-11 20:19:34 #7 type] 
Type domain.RideBooked is not enhanced.

[2025-05-11 20:19:34 #8 type] 
Type domain.Passenger is not enhanced.

[2025-05-11 20:19:34 #9 type] 
Type domain.Erreklamazioa is not enhanced.

[2025-05-11 20:19:34 #10 type] 
Type domain.Alerta is not enhanced.

------------------------------------------------------------------------------------------------------------------------

[2025-05-11 20:19:43 #1 store] 
Database 'D:\ASIER\LANAK\Uni\2.Maila\SI\Proiektuak\Rides24_3_J\src\main\resources\rides.temp' is opened by 104172@DESKTOP-D7GP777

[2025-05-11 20:19:43 #2 type] 
Type domain.User is not enhanced.

[2025-05-11 20:19:43 #3 type] 
Type domain.Mugimenduak is not enhanced.

[2025-05-11 20:19:43 #4 type] 
Type domain.Driver is not enhanced.

[2025-05-11 20:19:43 #5 type] 
Type domain.Car is not enhanced.

[2025-05-11 20:19:43 #6 type] 
Type domain.Ride is not enhanced.

[2025-05-11 20:19:43 #7 type] 
Type domain.RideBooked is not enhanced.

[2025-05-11 20:19:43 #8 type] 
Type domain.Passenger is not enhanced.

[2025-05-11 20:19:43 #9 type] 
Type domain.Erreklamazioa is not enhanced.

[2025-05-11 20:19:43 #10 type] 
Type domain.Alerta is not enhanced.

------------------------------------------------------------------------------------------------------------------------

[2025-05-11 20:22:38 #1 store] 
Database 'D:\ASIER\LANAK\Uni\2.Maila\SI\Proiektuak\Rides24_3_J\src\main\resources\rides.temp' is opened by 95904@DESKTOP-D7GP777

[2025-05-11 20:22:38 #2 type] 
Type domain.User is not enhanced.

[2025-05-11 20:22:38 #3 type] 
Type domain.Mugimenduak is not enhanced.

[2025-05-11 20:22:38 #4 type] 
Type domain.Driver is not enhanced.

[2025-05-11 20:22:38 #5 type] 
Type domain.Car is not enhanced.

[2025-05-11 20:22:38 #6 type] 
Type domain.Ride is not enhanced.

[2025-05-11 20:22:38 #7 type] 
Type domain.RideBooked is not enhanced.

[2025-05-11 20:22:38 #8 type] 
Type domain.Passenger is not enhanced.

[2025-05-11 20:22:38 #9 type] 
Type domain.Erreklamazioa is not enhanced.

[2025-05-11 20:22:38 #10 type] 
Type domain.Alerta is not enhanced.

------------------------------------------------------------------------------------------------------------------------

[2025-05-11 20:23:04 #1 store] 
Database 'D:\ASIER\LANAK\Uni\2.Maila\SI\Proiektuak\Rides24_3_J\src\main\resources\rides.temp' has been recovered (tr. 94-101)

[2025-05-11 20:23:04 #2 store] 
Database 'D:\ASIER\LANAK\Uni\2.Maila\SI\Proiektuak\Rides24_3_J\src\main\resources\rides.temp' is opened by 92920@DESKTOP-D7GP777

[2025-05-11 20:23:04 #3 type] 
Type domain.User is not enhanced.

[2025-05-11 20:23:04 #4 type] 
Type domain.Mugimenduak is not enhanced.

[2025-05-11 20:23:04 #5 type] 
Type domain.Driver is not enhanced.

[2025-05-11 20:23:04 #6 type] 
Type domain.Car is not enhanced.

[2025-05-11 20:23:04 #7 type] 
Type domain.Ride is not enhanced.

[2025-05-11 20:23:04 #8 type] 
Type domain.RideBooked is not enhanced.

[2025-05-11 20:23:04 #9 type] 
Type domain.Passenger is not enhanced.

[2025-05-11 20:23:04 #10 type] 
Type domain.Erreklamazioa is not enhanced.

[2025-05-11 20:23:04 #11 type] 
Type domain.Alerta is not enhanced.

------------------------------------------------------------------------------------------------------------------------

[2025-05-11 20:24:19 #1 store] 
Database 'D:\ASIER\LANAK\Uni\2.Maila\SI\Proiektuak\Rides24_3_J\src\main\resources\rides.temp' is opened by 103428@DESKTOP-D7GP777

[2025-05-11 20:24:19 #2 type] 
Type domain.User is not enhanced.

[2025-05-11 20:24:19 #3 type] 
Type domain.Mugimenduak is not enhanced.

[2025-05-11 20:24:19 #4 type] 
Type domain.Driver is not enhanced.

[2025-05-11 20:24:19 #5 type] 
Type domain.Car is not enhanced.

[2025-05-11 20:24:19 #6 type] 
Type domain.Ride is not enhanced.

[2025-05-11 20:24:19 #7 type] 
Type domain.RideBooked is not enhanced.

[2025-05-11 20:24:19 #8 type] 
Type domain.Passenger is not enhanced.

[2025-05-11 20:24:19 #9 type] 
Type domain.Erreklamazioa is not enhanced.

[2025-05-11 20:24:19 #10 type] 
Type domain.Alerta is not enhanced.

------------------------------------------------------------------------------------------------------------------------

[2025-05-11 20:25:20 #1 store] 
Database 'D:\ASIER\LANAK\Uni\2.Maila\SI\Proiektuak\Rides24_3_J\src\main\resources\rides.temp' is opened by 105216@DESKTOP-D7GP777

[2025-05-11 20:25:20 #2 type] 
Type domain.User is not enhanced.

[2025-05-11 20:25:20 #3 type] 
Type domain.Mugimenduak is not enhanced.

[2025-05-11 20:25:20 #4 type] 
Type domain.Driver is not enhanced.

[2025-05-11 20:25:20 #5 type] 
Type domain.Car is not enhanced.

[2025-05-11 20:25:20 #6 type] 
Type domain.Ride is not enhanced.

[2025-05-11 20:25:20 #7 type] 
Type domain.RideBooked is not enhanced.

[2025-05-11 20:25:20 #8 type] 
Type domain.Passenger is not enhanced.

[2025-05-11 20:25:20 #9 type] 
Type domain.Erreklamazioa is not enhanced.

[2025-05-11 20:25:20 #10 type] 
Type domain.Alerta is not enhanced.

------------------------------------------------------------------------------------------------------------------------

[2025-05-11 20:25:32 #1 store] 
Database 'D:\ASIER\LANAK\Uni\2.Maila\SI\Proiektuak\Rides24_3_J\src\main\resources\rides.temp' has been recovered (tr. 102-102)

[2025-05-11 20:25:32 #2 store] 
Database 'D:\ASIER\LANAK\Uni\2.Maila\SI\Proiektuak\Rides24_3_J\src\main\resources\rides.temp' is opened by 99484@DESKTOP-D7GP777

[2025-05-11 20:25:32 #3 type] 
Type domain.User is not enhanced.

[2025-05-11 20:25:32 #4 type] 
Type domain.Mugimenduak is not enhanced.

[2025-05-11 20:25:32 #5 type] 
Type domain.Driver is not enhanced.

[2025-05-11 20:25:32 #6 type] 
Type domain.Car is not enhanced.

[2025-05-11 20:25:32 #7 type] 
Type domain.Ride is not enhanced.

[2025-05-11 20:25:32 #8 type] 
Type domain.RideBooked is not enhanced.

[2025-05-11 20:25:32 #9 type] 
Type domain.Passenger is not enhanced.

[2025-05-11 20:25:32 #10 type] 
Type domain.Erreklamazioa is not enhanced.

[2025-05-11 20:25:32 #11 type] 
Type domain.Alerta is not enhanced.

------------------------------------------------------------------------------------------------------------------------

[2025-05-11 20:25:51 #1 store] 
Database 'D:\ASIER\LANAK\Uni\2.Maila\SI\Proiektuak\Rides24_3_J\src\main\resources\rides.temp' has been recovered (tr. 103-104)

[2025-05-11 20:25:51 #2 store] 
Database 'D:\ASIER\LANAK\Uni\2.Maila\SI\Proiektuak\Rides24_3_J\src\main\resources\rides.temp' is opened by 102736@DESKTOP-D7GP777

[2025-05-11 20:25:51 #3 type] 
Type domain.User is not enhanced.

[2025-05-11 20:25:51 #4 type] 
Type domain.Mugimenduak is not enhanced.

[2025-05-11 20:25:51 #5 type] 
Type domain.Driver is not enhanced.

[2025-05-11 20:25:51 #6 type] 
Type domain.Car is not enhanced.

[2025-05-11 20:25:51 #7 type] 
Type domain.Ride is not enhanced.

[2025-05-11 20:25:51 #8 type] 
Type domain.RideBooked is not enhanced.

[2025-05-11 20:25:51 #9 type] 
Type domain.Passenger is not enhanced.

[2025-05-11 20:25:51 #10 type] 
Type domain.Erreklamazioa is not enhanced.

[2025-05-11 20:25:51 #11 type] 
Type domain.Alerta is not enhanced.

------------------------------------------------------------------------------------------------------------------------

[2025-05-11 20:26:47 #1 store] 
Database 'D:\ASIER\LANAK\Uni\2.Maila\SI\Proiektuak\Rides24_3_J\src\main\resources\rides.temp' is opened by 99156@DESKTOP-D7GP777

[2025-05-11 20:26:47 #2 type] 
Type domain.User is not enhanced.

[2025-05-11 20:26:47 #3 type] 
Type domain.Mugimenduak is not enhanced.

[2025-05-11 20:26:47 #4 type] 
Type domain.Driver is not enhanced.

[2025-05-11 20:26:47 #5 type] 
Type domain.Car is not enhanced.

[2025-05-11 20:26:47 #6 type] 
Type domain.Ride is not enhanced.

[2025-05-11 20:26:47 #7 type] 
Type domain.RideBooked is not enhanced.

[2025-05-11 20:26:47 #8 type] 
Type domain.Passenger is not enhanced.

[2025-05-11 20:26:47 #9 type] 
Type domain.Erreklamazioa is not enhanced.

[2025-05-11 20:26:47 #10 type] 
Type domain.Alerta is not enhanced.

------------------------------------------------------------------------------------------------------------------------

[2025-05-11 20:27:38 #1 store] 
Database 'D:\ASIER\LANAK\Uni\2.Maila\SI\Proiektuak\Rides24_3_J\src\main\resources\rides.temp' is opened by 101052@DESKTOP-D7GP777

[2025-05-11 20:27:38 #2 type] 
Type domain.User is not enhanced.

[2025-05-11 20:27:38 #3 type] 
Type domain.Mugimenduak is not enhanced.

[2025-05-11 20:27:38 #4 type] 
Type domain.Driver is not enhanced.

[2025-05-11 20:27:38 #5 type] 
Type domain.Car is not enhanced.

[2025-05-11 20:27:38 #6 type] 
Type domain.Ride is not enhanced.

[2025-05-11 20:27:38 #7 type] 
Type domain.RideBooked is not enhanced.

[2025-05-11 20:27:38 #8 type] 
Type domain.Passenger is not enhanced.

[2025-05-11 20:27:38 #9 type] 
Type domain.Erreklamazioa is not enhanced.

[2025-05-11 20:27:38 #10 type] 
Type domain.Alerta is not enhanced.

