------------------------------------------------------------------------------------------------------------------------

[2025-05-12 16:54:07 #1 store] 
Database 'D:\ASIER\LANAK\Uni\2.Maila\SI\Proiektuak\Rides24_3_J\src\main\resources\rides.temp' is opened by 65140@DESKTOP-D7GP777

[2025-05-12 16:54:07 #2 type] 
Type domain.User is not enhanced.

[2025-05-12 16:54:07 #3 type] 
Type domain.Mugimenduak is not enhanced.

[2025-05-12 16:54:07 #4 type] 
Type domain.Driver is not enhanced.

[2025-05-12 16:54:07 #5 type] 
Type domain.Car is not enhanced.

[2025-05-12 16:54:07 #6 type] 
Type domain.Ride is not enhanced.

[2025-05-12 16:54:07 #7 type] 
Type domain.RideBooked is not enhanced.

[2025-05-12 16:54:07 #8 type] 
Type domain.Passenger is not enhanced.

[2025-05-12 16:54:07 #9 type] 
Type domain.Erreklamazioa is not enhanced.

[2025-05-12 16:54:07 #10 type] 
Type domain.Alerta is not enhanced.

------------------------------------------------------------------------------------------------------------------------

[2025-05-12 16:55:02 #1 store] 
Database 'D:\ASIER\LANAK\Uni\2.Maila\SI\Proiektuak\Rides24_3_J\src\main\resources\rides.temp' is opened by 124580@DESKTOP-D7GP777

[2025-05-12 16:55:02 #2 type] 
Type domain.User is not enhanced.

[2025-05-12 16:55:02 #3 type] 
Type domain.Mugimenduak is not enhanced.

[2025-05-12 16:55:02 #4 type] 
Type domain.Driver is not enhanced.

[2025-05-12 16:55:02 #5 type] 
Type domain.Car is not enhanced.

[2025-05-12 16:55:02 #6 type] 
Type domain.Ride is not enhanced.

[2025-05-12 16:55:02 #7 type] 
Type domain.RideBooked is not enhanced.

[2025-05-12 16:55:02 #8 type] 
Type domain.Passenger is not enhanced.

[2025-05-12 16:55:02 #9 type] 
Type domain.Erreklamazioa is not enhanced.

[2025-05-12 16:55:02 #10 type] 
Type domain.Alerta is not enhanced.

------------------------------------------------------------------------------------------------------------------------

[2025-05-12 16:55:15 #1 store] 
Database 'D:\ASIER\LANAK\Uni\2.Maila\SI\Proiektuak\Rides24_3_J\src\main\resources\rides.temp' is opened by 117988@DESKTOP-D7GP777

[2025-05-12 16:55:15 #2 type] 
Type domain.User is not enhanced.

[2025-05-12 16:55:15 #3 type] 
Type domain.Mugimenduak is not enhanced.

[2025-05-12 16:55:15 #4 type] 
Type domain.Driver is not enhanced.

[2025-05-12 16:55:15 #5 type] 
Type domain.Car is not enhanced.

[2025-05-12 16:55:15 #6 type] 
Type domain.Ride is not enhanced.

[2025-05-12 16:55:15 #7 type] 
Type domain.RideBooked is not enhanced.

[2025-05-12 16:55:15 #8 type] 
Type domain.Passenger is not enhanced.

[2025-05-12 16:55:15 #9 type] 
Type domain.Erreklamazioa is not enhanced.

[2025-05-12 16:55:15 #10 type] 
Type domain.Alerta is not enhanced.

------------------------------------------------------------------------------------------------------------------------

[2025-05-12 16:55:18 #1 store] 
Database 'D:\ASIER\LANAK\Uni\2.Maila\SI\Proiektuak\Rides24_3_J\src\main\resources\rides.temp' has been recovered (tr. 111-111)

[2025-05-12 16:55:18 #2 store] 
Database 'D:\ASIER\LANAK\Uni\2.Maila\SI\Proiektuak\Rides24_3_J\src\main\resources\rides.temp' is opened by 126484@DESKTOP-D7GP777

[2025-05-12 16:55:19 #3 type] 
Type domain.User is not enhanced.

[2025-05-12 16:55:19 #4 type] 
Type domain.Mugimenduak is not enhanced.

[2025-05-12 16:55:19 #5 type] 
Type domain.Driver is not enhanced.

[2025-05-12 16:55:19 #6 type] 
Type domain.Car is not enhanced.

[2025-05-12 16:55:19 #7 type] 
Type domain.Ride is not enhanced.

[2025-05-12 16:55:19 #8 type] 
Type domain.RideBooked is not enhanced.

[2025-05-12 16:55:19 #9 type] 
Type domain.Passenger is not enhanced.

[2025-05-12 16:55:19 #10 type] 
Type domain.Erreklamazioa is not enhanced.

[2025-05-12 16:55:19 #11 type] 
Type domain.Alerta is not enhanced.

------------------------------------------------------------------------------------------------------------------------

[2025-05-12 16:55:23 #1 store] 
Database 'D:\ASIER\LANAK\Uni\2.Maila\SI\Proiektuak\Rides24_3_J\src\main\resources\rides.temp' has been recovered (tr. 112-112)

[2025-05-12 16:55:23 #2 store] 
Database 'D:\ASIER\LANAK\Uni\2.Maila\SI\Proiektuak\Rides24_3_J\src\main\resources\rides.temp' is opened by 125300@DESKTOP-D7GP777

[2025-05-12 16:55:23 #3 type] 
Type domain.User is not enhanced.

[2025-05-12 16:55:23 #4 type] 
Type domain.Mugimenduak is not enhanced.

[2025-05-12 16:55:23 #5 type] 
Type domain.Driver is not enhanced.

[2025-05-12 16:55:23 #6 type] 
Type domain.Car is not enhanced.

[2025-05-12 16:55:23 #7 type] 
Type domain.Ride is not enhanced.

[2025-05-12 16:55:23 #8 type] 
Type domain.RideBooked is not enhanced.

[2025-05-12 16:55:23 #9 type] 
Type domain.Passenger is not enhanced.

[2025-05-12 16:55:23 #10 type] 
Type domain.Erreklamazioa is not enhanced.

[2025-05-12 16:55:23 #11 type] 
Type domain.Alerta is not enhanced.

------------------------------------------------------------------------------------------------------------------------

[2025-05-12 16:56:33 #1 store] 
Database 'D:\ASIER\LANAK\Uni\2.Maila\SI\Proiektuak\Rides24_3_J\src\main\resources\rides.temp' is opened by 42812@DESKTOP-D7GP777

[2025-05-12 16:56:33 #2 type] 
Type domain.User is not enhanced.

[2025-05-12 16:56:33 #3 type] 
Type domain.Mugimenduak is not enhanced.

[2025-05-12 16:56:33 #4 type] 
Type domain.Driver is not enhanced.

[2025-05-12 16:56:33 #5 type] 
Type domain.Car is not enhanced.

[2025-05-12 16:56:33 #6 type] 
Type domain.Ride is not enhanced.

[2025-05-12 16:56:33 #7 type] 
Type domain.RideBooked is not enhanced.

[2025-05-12 16:56:33 #8 type] 
Type domain.Passenger is not enhanced.

[2025-05-12 16:56:33 #9 type] 
Type domain.Erreklamazioa is not enhanced.

[2025-05-12 16:56:33 #10 type] 
Type domain.Alerta is not enhanced.

------------------------------------------------------------------------------------------------------------------------

[2025-05-12 17:01:49 #1 store] 
Database 'D:\ASIER\LANAK\Uni\2.Maila\SI\Proiektuak\Rides24_3_J\src\main\resources\rides.temp' has been recovered (tr. 114-115)

[2025-05-12 17:01:49 #2 store] 
Database 'D:\ASIER\LANAK\Uni\2.Maila\SI\Proiektuak\Rides24_3_J\src\main\resources\rides.temp' is opened by 124272@DESKTOP-D7GP777

[2025-05-12 17:01:49 #3 type] 
Type domain.User is not enhanced.

[2025-05-12 17:01:49 #4 type] 
Type domain.Mugimenduak is not enhanced.

[2025-05-12 17:01:49 #5 type] 
Type domain.Driver is not enhanced.

[2025-05-12 17:01:49 #6 type] 
Type domain.Car is not enhanced.

[2025-05-12 17:01:49 #7 type] 
Type domain.Ride is not enhanced.

[2025-05-12 17:01:49 #8 type] 
Type domain.RideBooked is not enhanced.

[2025-05-12 17:01:49 #9 type] 
Type domain.Passenger is not enhanced.

[2025-05-12 17:01:49 #10 type] 
Type domain.Erreklamazioa is not enhanced.

[2025-05-12 17:01:49 #11 type] 
Type domain.Alerta is not enhanced.

------------------------------------------------------------------------------------------------------------------------

[2025-05-12 17:04:09 #1 store] 
Database 'D:\ASIER\LANAK\Uni\2.Maila\SI\Proiektuak\Rides24_3_J\src\main\resources\rides.temp' is opened by 79448@DESKTOP-D7GP777

[2025-05-12 17:04:09 #2 type] 
Type domain.User is not enhanced.

[2025-05-12 17:04:09 #3 type] 
Type domain.Mugimenduak is not enhanced.

[2025-05-12 17:04:09 #4 type] 
Type domain.Driver is not enhanced.

[2025-05-12 17:04:09 #5 type] 
Type domain.Car is not enhanced.

[2025-05-12 17:04:09 #6 type] 
Type domain.Ride is not enhanced.

[2025-05-12 17:04:09 #7 type] 
Type domain.RideBooked is not enhanced.

[2025-05-12 17:04:09 #8 type] 
Type domain.Passenger is not enhanced.

[2025-05-12 17:04:09 #9 type] 
Type domain.Erreklamazioa is not enhanced.

[2025-05-12 17:04:09 #10 type] 
Type domain.Alerta is not enhanced.

------------------------------------------------------------------------------------------------------------------------

[2025-05-12 17:04:33 #1 store] 
Database 'D:\ASIER\LANAK\Uni\2.Maila\SI\Proiektuak\Rides24_3_J\src\main\resources\rides.temp' is opened by 21924@DESKTOP-D7GP777

[2025-05-12 17:04:33 #2 type] 
Type domain.User is not enhanced.

[2025-05-12 17:04:33 #3 type] 
Type domain.Mugimenduak is not enhanced.

[2025-05-12 17:04:33 #4 type] 
Type domain.Driver is not enhanced.

[2025-05-12 17:04:33 #5 type] 
Type domain.Car is not enhanced.

[2025-05-12 17:04:33 #6 type] 
Type domain.Ride is not enhanced.

[2025-05-12 17:04:33 #7 type] 
Type domain.RideBooked is not enhanced.

[2025-05-12 17:04:33 #8 type] 
Type domain.Passenger is not enhanced.

[2025-05-12 17:04:33 #9 type] 
Type domain.Erreklamazioa is not enhanced.

[2025-05-12 17:04:33 #10 type] 
Type domain.Alerta is not enhanced.

------------------------------------------------------------------------------------------------------------------------

[2025-05-12 17:38:04 #1 store] 
Database 'D:\ASIER\LANAK\Uni\2.Maila\SI\Proiektuak\Rides24_3_J\src\main\resources\rides.temp' has been recovered (tr. 116-128)

[2025-05-12 17:38:04 #2 store] 
Database 'D:\ASIER\LANAK\Uni\2.Maila\SI\Proiektuak\Rides24_3_J\src\main\resources\rides.temp' is opened by 125796@DESKTOP-D7GP777

[2025-05-12 17:38:04 #3 type] 
Type domain.User is not enhanced.

[2025-05-12 17:38:04 #4 type] 
Type domain.Mugimenduak is not enhanced.

[2025-05-12 17:38:04 #5 type] 
Type domain.Driver is not enhanced.

[2025-05-12 17:38:04 #6 type] 
Type domain.Car is not enhanced.

[2025-05-12 17:38:04 #7 type] 
Type domain.Ride is not enhanced.

[2025-05-12 17:38:04 #8 type] 
Type domain.RideBooked is not enhanced.

[2025-05-12 17:38:04 #9 type] 
Type domain.Passenger is not enhanced.

[2025-05-12 17:38:04 #10 type] 
Type domain.Erreklamazioa is not enhanced.

[2025-05-12 17:38:04 #11 type] 
Type domain.Alerta is not enhanced.

------------------------------------------------------------------------------------------------------------------------

[2025-05-12 17:41:30 #1 store] 
Database 'D:\ASIER\LANAK\Uni\2.Maila\SI\Proiektuak\Rides24_3_J\src\main\resources\rides.temp' has been recovered (tr. 129-138)

[2025-05-12 17:41:30 #2 store] 
Database 'D:\ASIER\LANAK\Uni\2.Maila\SI\Proiektuak\Rides24_3_J\src\main\resources\rides.temp' is opened by 56224@DESKTOP-D7GP777

[2025-05-12 17:41:30 #3 type] 
Type domain.User is not enhanced.

[2025-05-12 17:41:30 #4 type] 
Type domain.Mugimenduak is not enhanced.

[2025-05-12 17:41:30 #5 type] 
Type domain.Driver is not enhanced.

[2025-05-12 17:41:30 #6 type] 
Type domain.Car is not enhanced.

[2025-05-12 17:41:30 #7 type] 
Type domain.Ride is not enhanced.

[2025-05-12 17:41:30 #8 type] 
Type domain.RideBooked is not enhanced.

[2025-05-12 17:41:30 #9 type] 
Type domain.Passenger is not enhanced.

[2025-05-12 17:41:30 #10 type] 
Type domain.Erreklamazioa is not enhanced.

[2025-05-12 17:41:30 #11 type] 
Type domain.Alerta is not enhanced.

------------------------------------------------------------------------------------------------------------------------

[2025-05-12 17:41:47 #1 store] 
Database 'D:\ASIER\LANAK\Uni\2.Maila\SI\Proiektuak\Rides24_3_J\src\main\resources\rides.temp' has been recovered (tr. 139-142)

[2025-05-12 17:41:47 #2 store] 
Database 'D:\ASIER\LANAK\Uni\2.Maila\SI\Proiektuak\Rides24_3_J\src\main\resources\rides.temp' is opened by 119160@DESKTOP-D7GP777

[2025-05-12 17:41:47 #3 type] 
Type domain.User is not enhanced.

[2025-05-12 17:41:47 #4 type] 
Type domain.Mugimenduak is not enhanced.

[2025-05-12 17:41:47 #5 type] 
Type domain.Driver is not enhanced.

[2025-05-12 17:41:47 #6 type] 
Type domain.Car is not enhanced.

[2025-05-12 17:41:47 #7 type] 
Type domain.Ride is not enhanced.

[2025-05-12 17:41:47 #8 type] 
Type domain.RideBooked is not enhanced.

[2025-05-12 17:41:47 #9 type] 
Type domain.Passenger is not enhanced.

[2025-05-12 17:41:47 #10 type] 
Type domain.Erreklamazioa is not enhanced.

[2025-05-12 17:41:47 #11 type] 
Type domain.Alerta is not enhanced.

------------------------------------------------------------------------------------------------------------------------

[2025-05-12 18:02:52 #1 store] 
Database 'D:\ASIER\LANAK\Uni\2.Maila\SI\Proiektuak\Rides24_3_J\src\main\resources\rides.temp' is opened by 64380@DESKTOP-D7GP777

[2025-05-12 18:02:52 #2 type] 
Type domain.User is not enhanced.

[2025-05-12 18:02:52 #3 type] 
Type domain.Mugimenduak is not enhanced.

[2025-05-12 18:02:52 #4 type] 
Type domain.Driver is not enhanced.

[2025-05-12 18:02:52 #5 type] 
Type domain.Car is not enhanced.

[2025-05-12 18:02:52 #6 type] 
Type domain.Ride is not enhanced.

[2025-05-12 18:02:52 #7 type] 
Type domain.RideBooked is not enhanced.

[2025-05-12 18:02:52 #8 type] 
Type domain.Passenger is not enhanced.

[2025-05-12 18:02:52 #9 type] 
Type domain.Erreklamazioa is not enhanced.

[2025-05-12 18:02:52 #10 type] 
Type domain.Alerta is not enhanced.

------------------------------------------------------------------------------------------------------------------------

[2025-05-12 18:03:49 #1 store] 
Database 'D:\ASIER\LANAK\Uni\2.Maila\SI\Proiektuak\Rides24_3_J\src\main\resources\rides.temp' is opened by 125660@DESKTOP-D7GP777

[2025-05-12 18:03:49 #2 type] 
Type domain.User is not enhanced.

[2025-05-12 18:03:49 #3 type] 
Type domain.Mugimenduak is not enhanced.

[2025-05-12 18:03:49 #4 type] 
Type domain.Driver is not enhanced.

[2025-05-12 18:03:49 #5 type] 
Type domain.Car is not enhanced.

[2025-05-12 18:03:49 #6 type] 
Type domain.Ride is not enhanced.

[2025-05-12 18:03:49 #7 type] 
Type domain.RideBooked is not enhanced.

[2025-05-12 18:03:49 #8 type] 
Type domain.Passenger is not enhanced.

[2025-05-12 18:03:49 #9 type] 
Type domain.Erreklamazioa is not enhanced.

[2025-05-12 18:03:49 #10 type] 
Type domain.Alerta is not enhanced.

------------------------------------------------------------------------------------------------------------------------

[2025-05-12 21:08:28 #1 store] 
Database 'D:\ASIER\LANAK\Uni\2.Maila\SI\Proiektuak\Rides24_3_J\src\main\resources\rides.temp' is opened by 120544@DESKTOP-D7GP777

[2025-05-12 21:08:28 #2 type] 
Type domain.User is not enhanced.

[2025-05-12 21:08:28 #3 type] 
Type domain.Mugimenduak is not enhanced.

[2025-05-12 21:08:28 #4 type] 
Type domain.Driver is not enhanced.

[2025-05-12 21:08:28 #5 type] 
Type domain.Car is not enhanced.

[2025-05-12 21:08:28 #6 type] 
Type domain.Ride is not enhanced.

[2025-05-12 21:08:28 #7 type] 
Type domain.RideBooked is not enhanced.

[2025-05-12 21:08:28 #8 type] 
Type domain.Passenger is not enhanced.

[2025-05-12 21:08:28 #9 type] 
Type domain.Erreklamazioa is not enhanced.

[2025-05-12 21:08:28 #10 type] 
Type domain.Alerta is not enhanced.

