------------------------------------------------------------------------------------------------------------------------

[2025-02-19 18:26:51 #1 store] 
Database 'C:\Users\jmaru\git\Rides24\src\main\resources\rides.temp' is opened by 16540@LAPTOP-40044FA4

[2025-02-19 18:26:51 #2 type.registry] 
New type domain.Driver

[2025-02-19 18:26:51 #3 type] 
Type domain.Driver is not enhanced.

[2025-02-19 18:26:51 #4 type.registry] 
New type domain.Ride

[2025-02-19 18:26:51 #5 type] 
Type domain.Ride is not enhanced.

[2025-02-19 18:26:51 #6 type.registry] 
New type java.util.Vector<java.lang.Object>

[2025-02-19 18:26:51 #7 type.registry] 
New type java.util.Vector<domain.Ride>

[2025-02-19 18:27:04 #8 type.registry] 
New type domain.User

------------------------------------------------------------------------------------------------------------------------

[2025-02-19 18:34:48 #1 store] 
Database 'C:\Users\jmaru\git\Rides24\src\main\resources\rides.temp' is opened by 12436@LAPTOP-40044FA4

[2025-02-19 18:34:48 #2 type.registry] 
New type domain.Driver

[2025-02-19 18:34:48 #3 type] 
Type domain.Driver is not enhanced.

[2025-02-19 18:34:48 #4 type.registry] 
New type domain.Ride

[2025-02-19 18:34:48 #5 type] 
Type domain.Ride is not enhanced.

[2025-02-19 18:34:48 #6 type.registry] 
New type java.util.Vector<java.lang.Object>

[2025-02-19 18:34:48 #7 type.registry] 
New type java.util.Vector<domain.Ride>

------------------------------------------------------------------------------------------------------------------------

[2025-02-19 18:45:51 #1 store] 
Database 'C:\Users\jmaru\git\Rides24\src\main\resources\rides.temp' is opened by 6560@LAPTOP-40044FA4

[2025-02-19 18:45:52 #2 type.registry] 
New type domain.Driver

[2025-02-19 18:45:52 #3 type] 
Type domain.Driver is not enhanced.

[2025-02-19 18:45:52 #4 type.registry] 
New type domain.Ride

[2025-02-19 18:45:52 #5 type] 
Type domain.Ride is not enhanced.

[2025-02-19 18:45:52 #6 type.registry] 
New type java.util.Vector<java.lang.Object>

[2025-02-19 18:45:52 #7 type.registry] 
New type java.util.Vector<domain.Ride>

[2025-02-19 18:46:05 #8 type.registry] 
New type domain.User

