------------------------------------------------------------------------------------------------------------------------

[2025-04-08 17:41:47 #1 store] 
Database 'D:\ASIER\LANAK\Uni\2.Maila\SI\Proiektuak\Rides24_2_Asier_PostLabo\src\main\resources\rides.temp' is opened by 184300@DESKTOP-D7GP777

[2025-04-08 17:41:47 #2 type] 
Type domain.User is not enhanced.

[2025-04-08 17:41:47 #3 type] 
Type domain.Mugimenduak is not enhanced.

[2025-04-08 17:41:48 #4 type] 
Type domain.Passenger is not enhanced.

[2025-04-08 17:41:48 #5 type] 
Type domain.RideBooked is not enhanced.

[2025-04-08 17:41:48 #6 type] 
Type domain.Ride is not enhanced.

[2025-04-08 17:41:48 #7 type] 
Type domain.Driver is not enhanced.

[2025-04-08 17:41:48 #8 type] 
Type domain.Car is not enhanced.

------------------------------------------------------------------------------------------------------------------------

[2025-04-08 17:59:57 #1 store] 
Database 'D:\ASIER\LANAK\Uni\2.Maila\SI\Proiektuak\Rides24_2_Asier_PostLabo\src\main\resources\rides.temp' is opened by 213376@DESKTOP-D7GP777

[2025-04-08 17:59:57 #2 type] 
Type domain.User is not enhanced.

[2025-04-08 17:59:57 #3 type] 
Type domain.Mugimenduak is not enhanced.

[2025-04-08 17:59:57 #4 type] 
Type domain.Passenger is not enhanced.

[2025-04-08 17:59:57 #5 type] 
Type domain.RideBooked is not enhanced.

[2025-04-08 17:59:57 #6 type] 
Type domain.Ride is not enhanced.

[2025-04-08 17:59:57 #7 type] 
Type domain.Driver is not enhanced.

[2025-04-08 17:59:57 #8 type] 
Type domain.Car is not enhanced.

------------------------------------------------------------------------------------------------------------------------

[2025-04-08 18:06:39 #1 store] 
Database 'D:\ASIER\LANAK\Uni\2.Maila\SI\Proiektuak\Rides24_2_Asier_PostLabo\src\main\resources\rides.temp' has been recovered (tr. 28-28)

[2025-04-08 18:06:39 #2 store] 
Database 'D:\ASIER\LANAK\Uni\2.Maila\SI\Proiektuak\Rides24_2_Asier_PostLabo\src\main\resources\rides.temp' is opened by 191792@DESKTOP-D7GP777

[2025-04-08 18:06:40 #3 type] 
Type domain.User is not enhanced.

[2025-04-08 18:06:40 #4 type] 
Type domain.Mugimenduak is not enhanced.

[2025-04-08 18:06:40 #5 type] 
Type domain.Passenger is not enhanced.

[2025-04-08 18:06:40 #6 type] 
Type domain.RideBooked is not enhanced.

[2025-04-08 18:06:40 #7 type] 
Type domain.Ride is not enhanced.

[2025-04-08 18:06:40 #8 type] 
Type domain.Driver is not enhanced.

[2025-04-08 18:06:40 #9 type] 
Type domain.Car is not enhanced.

------------------------------------------------------------------------------------------------------------------------

[2025-04-08 18:08:20 #1 store] 
Database 'D:\ASIER\LANAK\Uni\2.Maila\SI\Proiektuak\Rides24_2_Asier_PostLabo\src\main\resources\rides.temp' has been recovered (tr. 29-29)

[2025-04-08 18:08:20 #2 store] 
Database 'D:\ASIER\LANAK\Uni\2.Maila\SI\Proiektuak\Rides24_2_Asier_PostLabo\src\main\resources\rides.temp' is opened by 215496@DESKTOP-D7GP777

[2025-04-08 18:08:20 #3 type] 
Type domain.User is not enhanced.

[2025-04-08 18:08:20 #4 type] 
Type domain.Mugimenduak is not enhanced.

[2025-04-08 18:08:20 #5 type] 
Type domain.Passenger is not enhanced.

[2025-04-08 18:08:20 #6 type] 
Type domain.RideBooked is not enhanced.

[2025-04-08 18:08:20 #7 type] 
Type domain.Ride is not enhanced.

[2025-04-08 18:08:20 #8 type] 
Type domain.Driver is not enhanced.

[2025-04-08 18:08:20 #9 type] 
Type domain.Car is not enhanced.

------------------------------------------------------------------------------------------------------------------------

[2025-04-08 18:25:38 #1 store] 
Database 'D:\ASIER\LANAK\Uni\2.Maila\SI\Proiektuak\Rides24_2_Asier_PostLabo\src\main\resources\rides.temp' is opened by 215908@DESKTOP-D7GP777

[2025-04-08 18:25:38 #2 type] 
Type domain.User is not enhanced.

[2025-04-08 18:25:38 #3 type] 
Type domain.Mugimenduak is not enhanced.

[2025-04-08 18:25:38 #4 type] 
Type domain.Passenger is not enhanced.

[2025-04-08 18:25:38 #5 type] 
Type domain.RideBooked is not enhanced.

[2025-04-08 18:25:38 #6 type] 
Type domain.Ride is not enhanced.

[2025-04-08 18:25:38 #7 type] 
Type domain.Driver is not enhanced.

[2025-04-08 18:25:38 #8 type] 
Type domain.Car is not enhanced.

------------------------------------------------------------------------------------------------------------------------

[2025-04-08 18:31:48 #1 store] 
Database 'D:\ASIER\LANAK\Uni\2.Maila\SI\Proiektuak\Rides24_2_Asier_PostLabo\src\main\resources\rides.temp' is opened by 217028@DESKTOP-D7GP777

[2025-04-08 18:31:48 #2 type] 
Type domain.User is not enhanced.

[2025-04-08 18:31:48 #3 type] 
Type domain.Mugimenduak is not enhanced.

[2025-04-08 18:31:48 #4 type] 
Type domain.Passenger is not enhanced.

[2025-04-08 18:31:48 #5 type] 
Type domain.RideBooked is not enhanced.

[2025-04-08 18:31:48 #6 type] 
Type domain.Ride is not enhanced.

[2025-04-08 18:31:48 #7 type] 
Type domain.Driver is not enhanced.

[2025-04-08 18:31:48 #8 type] 
Type domain.Car is not enhanced.

------------------------------------------------------------------------------------------------------------------------

[2025-04-08 18:32:52 #1 store] 
Database 'D:\ASIER\LANAK\Uni\2.Maila\SI\Proiektuak\Rides24_2_Asier_PostLabo\src\main\resources\rides.temp' is opened by 213988@DESKTOP-D7GP777

[2025-04-08 18:32:52 #2 type] 
Type domain.User is not enhanced.

[2025-04-08 18:32:52 #3 type] 
Type domain.Mugimenduak is not enhanced.

[2025-04-08 18:32:52 #4 type] 
Type domain.Passenger is not enhanced.

[2025-04-08 18:32:52 #5 type] 
Type domain.RideBooked is not enhanced.

[2025-04-08 18:32:52 #6 type] 
Type domain.Ride is not enhanced.

[2025-04-08 18:32:52 #7 type] 
Type domain.Driver is not enhanced.

[2025-04-08 18:32:52 #8 type] 
Type domain.Car is not enhanced.

------------------------------------------------------------------------------------------------------------------------

[2025-04-08 18:33:52 #1 store] 
Database 'D:\ASIER\LANAK\Uni\2.Maila\SI\Proiektuak\Rides24_2_Asier_PostLabo\src\main\resources\rides.temp' has been recovered (tr. 57-57)

[2025-04-08 18:33:52 #2 store] 
Database 'D:\ASIER\LANAK\Uni\2.Maila\SI\Proiektuak\Rides24_2_Asier_PostLabo\src\main\resources\rides.temp' is opened by 218172@DESKTOP-D7GP777

[2025-04-08 18:33:52 #3 type] 
Type domain.User is not enhanced.

[2025-04-08 18:33:52 #4 type] 
Type domain.Mugimenduak is not enhanced.

[2025-04-08 18:33:52 #5 type] 
Type domain.Passenger is not enhanced.

[2025-04-08 18:33:52 #6 type] 
Type domain.RideBooked is not enhanced.

[2025-04-08 18:33:52 #7 type] 
Type domain.Ride is not enhanced.

[2025-04-08 18:33:52 #8 type] 
Type domain.Driver is not enhanced.

[2025-04-08 18:33:52 #9 type] 
Type domain.Car is not enhanced.

------------------------------------------------------------------------------------------------------------------------

[2025-04-08 18:34:14 #1 store] 
Database 'D:\ASIER\LANAK\Uni\2.Maila\SI\Proiektuak\Rides24_2_Asier_PostLabo\src\main\resources\rides.temp' has been recovered (tr. 58-58)

[2025-04-08 18:34:14 #2 store] 
Database 'D:\ASIER\LANAK\Uni\2.Maila\SI\Proiektuak\Rides24_2_Asier_PostLabo\src\main\resources\rides.temp' is opened by 211376@DESKTOP-D7GP777

[2025-04-08 18:34:14 #3 type] 
Type domain.User is not enhanced.

[2025-04-08 18:34:14 #4 type] 
Type domain.Mugimenduak is not enhanced.

[2025-04-08 18:34:14 #5 type] 
Type domain.Passenger is not enhanced.

[2025-04-08 18:34:14 #6 type] 
Type domain.RideBooked is not enhanced.

[2025-04-08 18:34:14 #7 type] 
Type domain.Ride is not enhanced.

[2025-04-08 18:34:14 #8 type] 
Type domain.Driver is not enhanced.

[2025-04-08 18:34:14 #9 type] 
Type domain.Car is not enhanced.

------------------------------------------------------------------------------------------------------------------------

[2025-04-08 18:34:48 #1 store] 
Database 'D:\ASIER\LANAK\Uni\2.Maila\SI\Proiektuak\Rides24_2_Asier_PostLabo\src\main\resources\rides.temp' is opened by 218208@DESKTOP-D7GP777

[2025-04-08 18:34:48 #2 type] 
Type domain.User is not enhanced.

[2025-04-08 18:34:48 #3 type] 
Type domain.Mugimenduak is not enhanced.

[2025-04-08 18:34:48 #4 type] 
Type domain.Passenger is not enhanced.

[2025-04-08 18:34:48 #5 type] 
Type domain.RideBooked is not enhanced.

[2025-04-08 18:34:48 #6 type] 
Type domain.Ride is not enhanced.

[2025-04-08 18:34:48 #7 type] 
Type domain.Driver is not enhanced.

[2025-04-08 18:34:48 #8 type] 
Type domain.Car is not enhanced.

------------------------------------------------------------------------------------------------------------------------

[2025-04-08 18:37:23 #1 store] 
Database 'D:\ASIER\LANAK\Uni\2.Maila\SI\Proiektuak\Rides24_2_Asier_PostLabo\src\main\resources\rides.temp' is opened by 217924@DESKTOP-D7GP777

[2025-04-08 18:37:23 #2 type] 
Type domain.User is not enhanced.

[2025-04-08 18:37:23 #3 type] 
Type domain.Mugimenduak is not enhanced.

[2025-04-08 18:37:23 #4 type] 
Type domain.Passenger is not enhanced.

[2025-04-08 18:37:23 #5 type] 
Type domain.RideBooked is not enhanced.

[2025-04-08 18:37:23 #6 type] 
Type domain.Ride is not enhanced.

[2025-04-08 18:37:23 #7 type] 
Type domain.Driver is not enhanced.

[2025-04-08 18:37:23 #8 type] 
Type domain.Car is not enhanced.

------------------------------------------------------------------------------------------------------------------------

[2025-04-08 18:40:40 #1 store] 
Database 'D:\ASIER\LANAK\Uni\2.Maila\SI\Proiektuak\Rides24_2_Asier_PostLabo\src\main\resources\rides.temp' is opened by 212020@DESKTOP-D7GP777

[2025-04-08 18:40:40 #2 type] 
Type domain.User is not enhanced.

[2025-04-08 18:40:40 #3 type] 
Type domain.Mugimenduak is not enhanced.

[2025-04-08 18:40:40 #4 type] 
Type domain.Passenger is not enhanced.

[2025-04-08 18:40:40 #5 type] 
Type domain.RideBooked is not enhanced.

[2025-04-08 18:40:40 #6 type] 
Type domain.Ride is not enhanced.

[2025-04-08 18:40:40 #7 type] 
Type domain.Driver is not enhanced.

[2025-04-08 18:40:40 #8 type] 
Type domain.Car is not enhanced.

------------------------------------------------------------------------------------------------------------------------

[2025-04-08 18:45:10 #1 store] 
Database 'D:\ASIER\LANAK\Uni\2.Maila\SI\Proiektuak\Rides24_2_Asier_PostLabo\src\main\resources\rides.temp' is opened by 218296@DESKTOP-D7GP777

[2025-04-08 18:45:10 #2 type] 
Type domain.User is not enhanced.

[2025-04-08 18:45:10 #3 type] 
Type domain.Mugimenduak is not enhanced.

[2025-04-08 18:45:10 #4 type] 
Type domain.Passenger is not enhanced.

[2025-04-08 18:45:10 #5 type] 
Type domain.RideBooked is not enhanced.

[2025-04-08 18:45:10 #6 type] 
Type domain.Ride is not enhanced.

[2025-04-08 18:45:10 #7 type] 
Type domain.Driver is not enhanced.

[2025-04-08 18:45:10 #8 type] 
Type domain.Car is not enhanced.

------------------------------------------------------------------------------------------------------------------------

[2025-04-08 18:53:18 #1 store] 
Database 'D:\ASIER\LANAK\Uni\2.Maila\SI\Proiektuak\Rides24_2_Asier_PostLabo\src\main\resources\rides.temp' is opened by 211844@DESKTOP-D7GP777

[2025-04-08 18:53:18 #2 type] 
Type domain.User is not enhanced.

[2025-04-08 18:53:18 #3 type] 
Type domain.Mugimenduak is not enhanced.

[2025-04-08 18:53:18 #4 type] 
Type domain.Passenger is not enhanced.

[2025-04-08 18:53:18 #5 type] 
Type domain.RideBooked is not enhanced.

[2025-04-08 18:53:18 #6 type] 
Type domain.Ride is not enhanced.

[2025-04-08 18:53:18 #7 type] 
Type domain.Driver is not enhanced.

[2025-04-08 18:53:18 #8 type] 
Type domain.Car is not enhanced.

------------------------------------------------------------------------------------------------------------------------

[2025-04-08 18:59:29 #1 store] 
Database 'D:\ASIER\LANAK\Uni\2.Maila\SI\Proiektuak\Rides24_2_Asier_PostLabo\src\main\resources\rides.temp' is opened by 220136@DESKTOP-D7GP777

[2025-04-08 18:59:29 #2 type] 
Type domain.User is not enhanced.

[2025-04-08 18:59:29 #3 type] 
Type domain.Mugimenduak is not enhanced.

[2025-04-08 18:59:29 #4 type] 
Type domain.Passenger is not enhanced.

[2025-04-08 18:59:29 #5 type] 
Type domain.RideBooked is not enhanced.

[2025-04-08 18:59:29 #6 type] 
Type domain.Ride is not enhanced.

[2025-04-08 18:59:29 #7 type] 
Type domain.Driver is not enhanced.

[2025-04-08 18:59:29 #8 type] 
Type domain.Car is not enhanced.

------------------------------------------------------------------------------------------------------------------------

[2025-04-08 19:01:43 #1 store] 
Database 'D:\ASIER\LANAK\Uni\2.Maila\SI\Proiektuak\Rides24_2_Asier_PostLabo\src\main\resources\rides.temp' is opened by 220144@DESKTOP-D7GP777

[2025-04-08 19:01:44 #2 type] 
Type domain.User is not enhanced.

[2025-04-08 19:01:44 #3 type] 
Type domain.Mugimenduak is not enhanced.

[2025-04-08 19:01:44 #4 type] 
Type domain.Passenger is not enhanced.

[2025-04-08 19:01:44 #5 type] 
Type domain.RideBooked is not enhanced.

[2025-04-08 19:01:44 #6 type] 
Type domain.Ride is not enhanced.

[2025-04-08 19:01:44 #7 type] 
Type domain.Driver is not enhanced.

[2025-04-08 19:01:44 #8 type] 
Type domain.Car is not enhanced.

[2025-04-08 19:01:49 #9 *] 
java.lang.ClassCastException: com.objectdb.o.CLT cannot be cast to com.objectdb.o.UTY
	at com.objectdb.o.TVS.g(TVS.java:93)
	at com.objectdb.jpa.EMImpl.refresh(EMImpl.java:747)
	at com.objectdb.jpa.EMImpl.refresh(EMImpl.java:688)
	at com.objectdb.jdo.PMImpl.refresh(PMImpl.java:973)
	at dataAccess.DataAccess.withdrawMoney(DataAccess.java:317)
	at businessLogic.BLFacadeImplementation.withdrawMoney(BLFacadeImplementation.java:150)
	at gui.WithdrawMoneyGUI$1.actionPerformed(WithdrawMoneyGUI.java:69)
	at javax.swing.AbstractButton.fireActionPerformed(AbstractButton.java:2022)
	at javax.swing.AbstractButton$Handler.actionPerformed(AbstractButton.java:2348)
	at javax.swing.DefaultButtonModel.fireActionPerformed(DefaultButtonModel.java:402)
	at javax.swing.DefaultButtonModel.setPressed(DefaultButtonModel.java:259)
	at javax.swing.plaf.basic.BasicButtonListener.mouseReleased(BasicButtonListener.java:262)
	at java.awt.Component.processMouseEvent(Component.java:6539)
	at javax.swing.JComponent.processMouseEvent(JComponent.java:3324)
	at java.awt.Component.processEvent(Component.java:6304)
	at java.awt.Container.processEvent(Container.java:2239)
	at java.awt.Component.dispatchEventImpl(Component.java:4889)
	at java.awt.Container.dispatchEventImpl(Container.java:2297)
	at java.awt.Component.dispatchEvent(Component.java:4711)
	at java.awt.LightweightDispatcher.retargetMouseEvent(Container.java:4904)
	at java.awt.LightweightDispatcher.processMouseEvent(Container.java:4535)
	at java.awt.LightweightDispatcher.dispatchEvent(Container.java:4476)
	at java.awt.Container.dispatchEventImpl(Container.java:2283)
	at java.awt.Window.dispatchEventImpl(Window.java:2746)
	at java.awt.Component.dispatchEvent(Component.java:4711)
	at java.awt.EventQueue.dispatchEventImpl(EventQueue.java:760)
	at java.awt.EventQueue.access$500(EventQueue.java:97)
	at java.awt.EventQueue$3.run(EventQueue.java:709)
	at java.awt.EventQueue$3.run(EventQueue.java:703)
	at java.security.AccessController.doPrivileged(Native Method)
	at java.security.ProtectionDomain$JavaSecurityAccessImpl.doIntersectionPrivilege(ProtectionDomain.java:74)
	at java.security.ProtectionDomain$JavaSecurityAccessImpl.doIntersectionPrivilege(ProtectionDomain.java:84)
	at java.awt.EventQueue$4.run(EventQueue.java:733)
	at java.awt.EventQueue$4.run(EventQueue.java:731)
	at java.security.AccessController.doPrivileged(Native Method)
	at java.security.ProtectionDomain$JavaSecurityAccessImpl.doIntersectionPrivilege(ProtectionDomain.java:74)
	at java.awt.EventQueue.dispatchEvent(EventQueue.java:730)
	at java.awt.EventDispatchThread.pumpOneEventForFilters(EventDispatchThread.java:205)
	at java.awt.EventDispatchThread.pumpEventsForFilter(EventDispatchThread.java:116)
	at java.awt.EventDispatchThread.pumpEventsForHierarchy(EventDispatchThread.java:105)
	at java.awt.EventDispatchThread.pumpEvents(EventDispatchThread.java:101)
	at java.awt.EventDispatchThread.pumpEvents(EventDispatchThread.java:93)
	at java.awt.EventDispatchThread.run(EventDispatchThread.java:82)

------------------------------------------------------------------------------------------------------------------------

[2025-04-08 19:02:51 #1 store] 
Database 'D:\ASIER\LANAK\Uni\2.Maila\SI\Proiektuak\Rides24_2_Asier_PostLabo\src\main\resources\rides.temp' is opened by 194792@DESKTOP-D7GP777

[2025-04-08 19:02:51 #2 type] 
Type domain.User is not enhanced.

[2025-04-08 19:02:51 #3 type] 
Type domain.Mugimenduak is not enhanced.

[2025-04-08 19:02:51 #4 type] 
Type domain.Passenger is not enhanced.

[2025-04-08 19:02:51 #5 type] 
Type domain.RideBooked is not enhanced.

[2025-04-08 19:02:51 #6 type] 
Type domain.Ride is not enhanced.

[2025-04-08 19:02:51 #7 type] 
Type domain.Driver is not enhanced.

[2025-04-08 19:02:51 #8 type] 
Type domain.Car is not enhanced.

------------------------------------------------------------------------------------------------------------------------

[2025-04-08 19:03:31 #1 store] 
Database 'D:\ASIER\LANAK\Uni\2.Maila\SI\Proiektuak\Rides24_2_Asier_PostLabo\src\main\resources\rides.temp' is opened by 219808@DESKTOP-D7GP777

[2025-04-08 19:03:31 #2 type] 
Type domain.User is not enhanced.

[2025-04-08 19:03:31 #3 type] 
Type domain.Mugimenduak is not enhanced.

[2025-04-08 19:03:31 #4 type] 
Type domain.Passenger is not enhanced.

[2025-04-08 19:03:31 #5 type] 
Type domain.RideBooked is not enhanced.

[2025-04-08 19:03:31 #6 type] 
Type domain.Ride is not enhanced.

[2025-04-08 19:03:31 #7 type] 
Type domain.Driver is not enhanced.

[2025-04-08 19:03:31 #8 type] 
Type domain.Car is not enhanced.

[2025-04-08 19:03:37 #9 *] 
java.lang.ClassCastException: com.objectdb.o.CLT cannot be cast to com.objectdb.o.UTY
	at com.objectdb.o.TVS.g(TVS.java:93)
	at com.objectdb.jpa.EMImpl.refresh(EMImpl.java:747)
	at com.objectdb.jpa.EMImpl.refresh(EMImpl.java:688)
	at com.objectdb.jdo.PMImpl.refresh(PMImpl.java:973)
	at dataAccess.DataAccess.withdrawMoney(DataAccess.java:316)
	at businessLogic.BLFacadeImplementation.withdrawMoney(BLFacadeImplementation.java:150)
	at gui.WithdrawMoneyGUI$1.actionPerformed(WithdrawMoneyGUI.java:69)
	at javax.swing.AbstractButton.fireActionPerformed(AbstractButton.java:2022)
	at javax.swing.AbstractButton$Handler.actionPerformed(AbstractButton.java:2348)
	at javax.swing.DefaultButtonModel.fireActionPerformed(DefaultButtonModel.java:402)
	at javax.swing.DefaultButtonModel.setPressed(DefaultButtonModel.java:259)
	at javax.swing.plaf.basic.BasicButtonListener.mouseReleased(BasicButtonListener.java:262)
	at java.awt.Component.processMouseEvent(Component.java:6539)
	at javax.swing.JComponent.processMouseEvent(JComponent.java:3324)
	at java.awt.Component.processEvent(Component.java:6304)
	at java.awt.Container.processEvent(Container.java:2239)
	at java.awt.Component.dispatchEventImpl(Component.java:4889)
	at java.awt.Container.dispatchEventImpl(Container.java:2297)
	at java.awt.Component.dispatchEvent(Component.java:4711)
	at java.awt.LightweightDispatcher.retargetMouseEvent(Container.java:4904)
	at java.awt.LightweightDispatcher.processMouseEvent(Container.java:4535)
	at java.awt.LightweightDispatcher.dispatchEvent(Container.java:4476)
	at java.awt.Container.dispatchEventImpl(Container.java:2283)
	at java.awt.Window.dispatchEventImpl(Window.java:2746)
	at java.awt.Component.dispatchEvent(Component.java:4711)
	at java.awt.EventQueue.dispatchEventImpl(EventQueue.java:760)
	at java.awt.EventQueue.access$500(EventQueue.java:97)
	at java.awt.EventQueue$3.run(EventQueue.java:709)
	at java.awt.EventQueue$3.run(EventQueue.java:703)
	at java.security.AccessController.doPrivileged(Native Method)
	at java.security.ProtectionDomain$JavaSecurityAccessImpl.doIntersectionPrivilege(ProtectionDomain.java:74)
	at java.security.ProtectionDomain$JavaSecurityAccessImpl.doIntersectionPrivilege(ProtectionDomain.java:84)
	at java.awt.EventQueue$4.run(EventQueue.java:733)
	at java.awt.EventQueue$4.run(EventQueue.java:731)
	at java.security.AccessController.doPrivileged(Native Method)
	at java.security.ProtectionDomain$JavaSecurityAccessImpl.doIntersectionPrivilege(ProtectionDomain.java:74)
	at java.awt.EventQueue.dispatchEvent(EventQueue.java:730)
	at java.awt.EventDispatchThread.pumpOneEventForFilters(EventDispatchThread.java:205)
	at java.awt.EventDispatchThread.pumpEventsForFilter(EventDispatchThread.java:116)
	at java.awt.EventDispatchThread.pumpEventsForHierarchy(EventDispatchThread.java:105)
	at java.awt.EventDispatchThread.pumpEvents(EventDispatchThread.java:101)
	at java.awt.EventDispatchThread.pumpEvents(EventDispatchThread.java:93)
	at java.awt.EventDispatchThread.run(EventDispatchThread.java:82)

------------------------------------------------------------------------------------------------------------------------

[2025-04-08 19:04:38 #1 store] 
Database 'D:\ASIER\LANAK\Uni\2.Maila\SI\Proiektuak\Rides24_2_Asier_PostLabo\src\main\resources\rides.temp' is opened by 221052@DESKTOP-D7GP777

[2025-04-08 19:04:38 #2 type] 
Type domain.User is not enhanced.

[2025-04-08 19:04:38 #3 type] 
Type domain.Mugimenduak is not enhanced.

[2025-04-08 19:04:38 #4 type] 
Type domain.Passenger is not enhanced.

[2025-04-08 19:04:38 #5 type] 
Type domain.RideBooked is not enhanced.

[2025-04-08 19:04:38 #6 type] 
Type domain.Ride is not enhanced.

[2025-04-08 19:04:38 #7 type] 
Type domain.Driver is not enhanced.

[2025-04-08 19:04:38 #8 type] 
Type domain.Car is not enhanced.

------------------------------------------------------------------------------------------------------------------------

[2025-04-08 19:06:59 #1 store] 
Database 'D:\ASIER\LANAK\Uni\2.Maila\SI\Proiektuak\Rides24_2_Asier_PostLabo\src\main\resources\rides.temp' is opened by 220484@DESKTOP-D7GP777

[2025-04-08 19:06:59 #2 type] 
Type domain.User is not enhanced.

[2025-04-08 19:06:59 #3 type] 
Type domain.Mugimenduak is not enhanced.

[2025-04-08 19:06:59 #4 type] 
Type domain.Passenger is not enhanced.

[2025-04-08 19:06:59 #5 type] 
Type domain.RideBooked is not enhanced.

[2025-04-08 19:06:59 #6 type] 
Type domain.Ride is not enhanced.

[2025-04-08 19:06:59 #7 type] 
Type domain.Driver is not enhanced.

[2025-04-08 19:06:59 #8 type] 
Type domain.Car is not enhanced.

[2025-04-08 19:07:09 #9 *] 
java.lang.ClassCastException: com.objectdb.o.CLT cannot be cast to com.objectdb.o.UTY
	at com.objectdb.o.TVS.g(TVS.java:93)
	at com.objectdb.jpa.EMImpl.refresh(EMImpl.java:747)
	at com.objectdb.jpa.EMImpl.refresh(EMImpl.java:688)
	at com.objectdb.jdo.PMImpl.refresh(PMImpl.java:973)
	at dataAccess.DataAccess.withdrawMoney(DataAccess.java:315)
	at businessLogic.BLFacadeImplementation.withdrawMoney(BLFacadeImplementation.java:150)
	at gui.WithdrawMoneyGUI$1.actionPerformed(WithdrawMoneyGUI.java:69)
	at javax.swing.AbstractButton.fireActionPerformed(AbstractButton.java:2022)
	at javax.swing.AbstractButton$Handler.actionPerformed(AbstractButton.java:2348)
	at javax.swing.DefaultButtonModel.fireActionPerformed(DefaultButtonModel.java:402)
	at javax.swing.DefaultButtonModel.setPressed(DefaultButtonModel.java:259)
	at javax.swing.plaf.basic.BasicButtonListener.mouseReleased(BasicButtonListener.java:262)
	at java.awt.Component.processMouseEvent(Component.java:6539)
	at javax.swing.JComponent.processMouseEvent(JComponent.java:3324)
	at java.awt.Component.processEvent(Component.java:6304)
	at java.awt.Container.processEvent(Container.java:2239)
	at java.awt.Component.dispatchEventImpl(Component.java:4889)
	at java.awt.Container.dispatchEventImpl(Container.java:2297)
	at java.awt.Component.dispatchEvent(Component.java:4711)
	at java.awt.LightweightDispatcher.retargetMouseEvent(Container.java:4904)
	at java.awt.LightweightDispatcher.processMouseEvent(Container.java:4535)
	at java.awt.LightweightDispatcher.dispatchEvent(Container.java:4476)
	at java.awt.Container.dispatchEventImpl(Container.java:2283)
	at java.awt.Window.dispatchEventImpl(Window.java:2746)
	at java.awt.Component.dispatchEvent(Component.java:4711)
	at java.awt.EventQueue.dispatchEventImpl(EventQueue.java:760)
	at java.awt.EventQueue.access$500(EventQueue.java:97)
	at java.awt.EventQueue$3.run(EventQueue.java:709)
	at java.awt.EventQueue$3.run(EventQueue.java:703)
	at java.security.AccessController.doPrivileged(Native Method)
	at java.security.ProtectionDomain$JavaSecurityAccessImpl.doIntersectionPrivilege(ProtectionDomain.java:74)
	at java.security.ProtectionDomain$JavaSecurityAccessImpl.doIntersectionPrivilege(ProtectionDomain.java:84)
	at java.awt.EventQueue$4.run(EventQueue.java:733)
	at java.awt.EventQueue$4.run(EventQueue.java:731)
	at java.security.AccessController.doPrivileged(Native Method)
	at java.security.ProtectionDomain$JavaSecurityAccessImpl.doIntersectionPrivilege(ProtectionDomain.java:74)
	at java.awt.EventQueue.dispatchEvent(EventQueue.java:730)
	at java.awt.EventDispatchThread.pumpOneEventForFilters(EventDispatchThread.java:205)
	at java.awt.EventDispatchThread.pumpEventsForFilter(EventDispatchThread.java:116)
	at java.awt.EventDispatchThread.pumpEventsForHierarchy(EventDispatchThread.java:105)
	at java.awt.EventDispatchThread.pumpEvents(EventDispatchThread.java:101)
	at java.awt.EventDispatchThread.pumpEvents(EventDispatchThread.java:93)
	at java.awt.EventDispatchThread.run(EventDispatchThread.java:82)

------------------------------------------------------------------------------------------------------------------------

[2025-04-08 19:15:58 #1 store] 
Database 'D:\ASIER\LANAK\Uni\2.Maila\SI\Proiektuak\Rides24_2_Asier_PostLabo\src\main\resources\rides.temp' is opened by 220328@DESKTOP-D7GP777

[2025-04-08 19:15:58 #2 type] 
Type domain.User is not enhanced.

[2025-04-08 19:15:58 #3 type] 
Type domain.Mugimenduak is not enhanced.

[2025-04-08 19:15:58 #4 type] 
Type domain.Passenger is not enhanced.

[2025-04-08 19:15:58 #5 type] 
Type domain.RideBooked is not enhanced.

[2025-04-08 19:15:58 #6 type] 
Type domain.Ride is not enhanced.

[2025-04-08 19:15:58 #7 type] 
Type domain.Driver is not enhanced.

[2025-04-08 19:15:58 #8 type] 
Type domain.Car is not enhanced.

------------------------------------------------------------------------------------------------------------------------

[2025-04-08 19:17:31 #1 store] 
Database 'D:\ASIER\LANAK\Uni\2.Maila\SI\Proiektuak\Rides24_2_Asier_PostLabo\src\main\resources\rides.temp' is opened by 213604@DESKTOP-D7GP777

[2025-04-08 19:17:31 #2 type] 
Type domain.User is not enhanced.

[2025-04-08 19:17:31 #3 type] 
Type domain.Mugimenduak is not enhanced.

[2025-04-08 19:17:31 #4 type] 
Type domain.Passenger is not enhanced.

[2025-04-08 19:17:31 #5 type] 
Type domain.RideBooked is not enhanced.

[2025-04-08 19:17:31 #6 type] 
Type domain.Ride is not enhanced.

[2025-04-08 19:17:31 #7 type] 
Type domain.Driver is not enhanced.

[2025-04-08 19:17:31 #8 type] 
Type domain.Car is not enhanced.

[2025-04-08 19:17:38 #9 *] 
java.lang.ClassCastException: com.objectdb.o.CLT cannot be cast to com.objectdb.o.UTY
	at com.objectdb.o.TVS.g(TVS.java:93)
	at com.objectdb.jpa.EMImpl.refresh(EMImpl.java:747)
	at com.objectdb.jpa.EMImpl.refresh(EMImpl.java:688)
	at com.objectdb.jdo.PMImpl.refresh(PMImpl.java:973)
	at dataAccess.DataAccess.addMoney(DataAccess.java:341)
	at businessLogic.BLFacadeImplementation.addMoney(BLFacadeImplementation.java:159)
	at gui.DepositMoneyGUI$1.actionPerformed(DepositMoneyGUI.java:68)
	at javax.swing.AbstractButton.fireActionPerformed(AbstractButton.java:2022)
	at javax.swing.AbstractButton$Handler.actionPerformed(AbstractButton.java:2348)
	at javax.swing.DefaultButtonModel.fireActionPerformed(DefaultButtonModel.java:402)
	at javax.swing.DefaultButtonModel.setPressed(DefaultButtonModel.java:259)
	at javax.swing.plaf.basic.BasicButtonListener.mouseReleased(BasicButtonListener.java:262)
	at java.awt.Component.processMouseEvent(Component.java:6539)
	at javax.swing.JComponent.processMouseEvent(JComponent.java:3324)
	at java.awt.Component.processEvent(Component.java:6304)
	at java.awt.Container.processEvent(Container.java:2239)
	at java.awt.Component.dispatchEventImpl(Component.java:4889)
	at java.awt.Container.dispatchEventImpl(Container.java:2297)
	at java.awt.Component.dispatchEvent(Component.java:4711)
	at java.awt.LightweightDispatcher.retargetMouseEvent(Container.java:4904)
	at java.awt.LightweightDispatcher.processMouseEvent(Container.java:4535)
	at java.awt.LightweightDispatcher.dispatchEvent(Container.java:4476)
	at java.awt.Container.dispatchEventImpl(Container.java:2283)
	at java.awt.Window.dispatchEventImpl(Window.java:2746)
	at java.awt.Component.dispatchEvent(Component.java:4711)
	at java.awt.EventQueue.dispatchEventImpl(EventQueue.java:760)
	at java.awt.EventQueue.access$500(EventQueue.java:97)
	at java.awt.EventQueue$3.run(EventQueue.java:709)
	at java.awt.EventQueue$3.run(EventQueue.java:703)
	at java.security.AccessController.doPrivileged(Native Method)
	at java.security.ProtectionDomain$JavaSecurityAccessImpl.doIntersectionPrivilege(ProtectionDomain.java:74)
	at java.security.ProtectionDomain$JavaSecurityAccessImpl.doIntersectionPrivilege(ProtectionDomain.java:84)
	at java.awt.EventQueue$4.run(EventQueue.java:733)
	at java.awt.EventQueue$4.run(EventQueue.java:731)
	at java.security.AccessController.doPrivileged(Native Method)
	at java.security.ProtectionDomain$JavaSecurityAccessImpl.doIntersectionPrivilege(ProtectionDomain.java:74)
	at java.awt.EventQueue.dispatchEvent(EventQueue.java:730)
	at java.awt.EventDispatchThread.pumpOneEventForFilters(EventDispatchThread.java:205)
	at java.awt.EventDispatchThread.pumpEventsForFilter(EventDispatchThread.java:116)
	at java.awt.EventDispatchThread.pumpEventsForHierarchy(EventDispatchThread.java:105)
	at java.awt.EventDispatchThread.pumpEvents(EventDispatchThread.java:101)
	at java.awt.EventDispatchThread.pumpEvents(EventDispatchThread.java:93)
	at java.awt.EventDispatchThread.run(EventDispatchThread.java:82)

------------------------------------------------------------------------------------------------------------------------

[2025-04-08 19:20:30 #1 store] 
Database 'D:\ASIER\LANAK\Uni\2.Maila\SI\Proiektuak\Rides24_2_Asier_PostLabo\src\main\resources\rides.temp' is opened by 215484@DESKTOP-D7GP777

[2025-04-08 19:20:30 #2 type] 
Type domain.User is not enhanced.

[2025-04-08 19:20:30 #3 type] 
Type domain.Mugimenduak is not enhanced.

[2025-04-08 19:20:30 #4 type] 
Type domain.Passenger is not enhanced.

[2025-04-08 19:20:30 #5 type] 
Type domain.RideBooked is not enhanced.

[2025-04-08 19:20:30 #6 type] 
Type domain.Ride is not enhanced.

[2025-04-08 19:20:30 #7 type] 
Type domain.Driver is not enhanced.

[2025-04-08 19:20:30 #8 type] 
Type domain.Car is not enhanced.

[2025-04-08 19:20:39 #9 *] 
java.lang.ClassCastException: com.objectdb.o.CLT cannot be cast to com.objectdb.o.UTY
	at com.objectdb.o.TVS.g(TVS.java:93)
	at com.objectdb.jpa.EMImpl.refresh(EMImpl.java:747)
	at com.objectdb.jpa.EMImpl.refresh(EMImpl.java:688)
	at com.objectdb.jdo.PMImpl.refresh(PMImpl.java:973)
	at dataAccess.DataAccess.addMoney(DataAccess.java:342)
	at businessLogic.BLFacadeImplementation.addMoney(BLFacadeImplementation.java:159)
	at gui.DepositMoneyGUI$1.actionPerformed(DepositMoneyGUI.java:68)
	at javax.swing.AbstractButton.fireActionPerformed(AbstractButton.java:2022)
	at javax.swing.AbstractButton$Handler.actionPerformed(AbstractButton.java:2348)
	at javax.swing.DefaultButtonModel.fireActionPerformed(DefaultButtonModel.java:402)
	at javax.swing.DefaultButtonModel.setPressed(DefaultButtonModel.java:259)
	at javax.swing.plaf.basic.BasicButtonListener.mouseReleased(BasicButtonListener.java:262)
	at java.awt.Component.processMouseEvent(Component.java:6539)
	at javax.swing.JComponent.processMouseEvent(JComponent.java:3324)
	at java.awt.Component.processEvent(Component.java:6304)
	at java.awt.Container.processEvent(Container.java:2239)
	at java.awt.Component.dispatchEventImpl(Component.java:4889)
	at java.awt.Container.dispatchEventImpl(Container.java:2297)
	at java.awt.Component.dispatchEvent(Component.java:4711)
	at java.awt.LightweightDispatcher.retargetMouseEvent(Container.java:4904)
	at java.awt.LightweightDispatcher.processMouseEvent(Container.java:4535)
	at java.awt.LightweightDispatcher.dispatchEvent(Container.java:4476)
	at java.awt.Container.dispatchEventImpl(Container.java:2283)
	at java.awt.Window.dispatchEventImpl(Window.java:2746)
	at java.awt.Component.dispatchEvent(Component.java:4711)
	at java.awt.EventQueue.dispatchEventImpl(EventQueue.java:760)
	at java.awt.EventQueue.access$500(EventQueue.java:97)
	at java.awt.EventQueue$3.run(EventQueue.java:709)
	at java.awt.EventQueue$3.run(EventQueue.java:703)
	at java.security.AccessController.doPrivileged(Native Method)
	at java.security.ProtectionDomain$JavaSecurityAccessImpl.doIntersectionPrivilege(ProtectionDomain.java:74)
	at java.security.ProtectionDomain$JavaSecurityAccessImpl.doIntersectionPrivilege(ProtectionDomain.java:84)
	at java.awt.EventQueue$4.run(EventQueue.java:733)
	at java.awt.EventQueue$4.run(EventQueue.java:731)
	at java.security.AccessController.doPrivileged(Native Method)
	at java.security.ProtectionDomain$JavaSecurityAccessImpl.doIntersectionPrivilege(ProtectionDomain.java:74)
	at java.awt.EventQueue.dispatchEvent(EventQueue.java:730)
	at java.awt.EventDispatchThread.pumpOneEventForFilters(EventDispatchThread.java:205)
	at java.awt.EventDispatchThread.pumpEventsForFilter(EventDispatchThread.java:116)
	at java.awt.EventDispatchThread.pumpEventsForHierarchy(EventDispatchThread.java:105)
	at java.awt.EventDispatchThread.pumpEvents(EventDispatchThread.java:101)
	at java.awt.EventDispatchThread.pumpEvents(EventDispatchThread.java:93)
	at java.awt.EventDispatchThread.run(EventDispatchThread.java:82)

------------------------------------------------------------------------------------------------------------------------

[2025-04-08 19:21:26 #1 store] 
Database 'D:\ASIER\LANAK\Uni\2.Maila\SI\Proiektuak\Rides24_2_Asier_PostLabo\src\main\resources\rides.temp' is opened by 98180@DESKTOP-D7GP777

[2025-04-08 19:21:26 #2 type] 
Type domain.User is not enhanced.

[2025-04-08 19:21:26 #3 type] 
Type domain.Mugimenduak is not enhanced.

[2025-04-08 19:21:26 #4 type] 
Type domain.Passenger is not enhanced.

[2025-04-08 19:21:26 #5 type] 
Type domain.RideBooked is not enhanced.

[2025-04-08 19:21:26 #6 type] 
Type domain.Ride is not enhanced.

[2025-04-08 19:21:26 #7 type] 
Type domain.Driver is not enhanced.

[2025-04-08 19:21:26 #8 type] 
Type domain.Car is not enhanced.

------------------------------------------------------------------------------------------------------------------------

[2025-04-08 19:52:22 #1 store] 
Database 'D:\ASIER\LANAK\Uni\2.Maila\SI\Proiektuak\Rides24_2_Asier_PostLabo\src\main\resources\rides.temp' is opened by 216888@DESKTOP-D7GP777

[2025-04-08 19:52:22 #2 type] 
Type domain.User is not enhanced.

[2025-04-08 19:52:22 #3 type] 
Type domain.Mugimenduak is not enhanced.

[2025-04-08 19:52:23 #4 type] 
Type domain.Passenger is not enhanced.

[2025-04-08 19:52:23 #5 type] 
Type domain.RideBooked is not enhanced.

[2025-04-08 19:52:23 #6 type] 
Type domain.Ride is not enhanced.

[2025-04-08 19:52:23 #7 type] 
Type domain.Driver is not enhanced.

[2025-04-08 19:52:23 #8 type] 
Type domain.Car is not enhanced.

------------------------------------------------------------------------------------------------------------------------

[2025-04-08 19:58:17 #1 store] 
Database 'D:\ASIER\LANAK\Uni\2.Maila\SI\Proiektuak\Rides24_2_Asier_PostLabo\src\main\resources\rides.temp' is opened by 207480@DESKTOP-D7GP777

[2025-04-08 19:58:17 #2 type] 
Type domain.User is not enhanced.

[2025-04-08 19:58:17 #3 type] 
Type domain.Mugimenduak is not enhanced.

[2025-04-08 19:58:17 #4 type] 
Type domain.Passenger is not enhanced.

[2025-04-08 19:58:17 #5 type] 
Type domain.RideBooked is not enhanced.

[2025-04-08 19:58:17 #6 type] 
Type domain.Ride is not enhanced.

[2025-04-08 19:58:17 #7 type] 
Type domain.Driver is not enhanced.

[2025-04-08 19:58:17 #8 type] 
Type domain.Car is not enhanced.

------------------------------------------------------------------------------------------------------------------------

[2025-04-08 19:59:26 #1 store] 
Database 'D:\ASIER\LANAK\Uni\2.Maila\SI\Proiektuak\Rides24_2_Asier_PostLabo\src\main\resources\rides.temp' is opened by 212840@DESKTOP-D7GP777

[2025-04-08 19:59:26 #2 type] 
Type domain.User is not enhanced.

[2025-04-08 19:59:26 #3 type] 
Type domain.Mugimenduak is not enhanced.

[2025-04-08 19:59:26 #4 type] 
Type domain.Passenger is not enhanced.

[2025-04-08 19:59:26 #5 type] 
Type domain.RideBooked is not enhanced.

[2025-04-08 19:59:26 #6 type] 
Type domain.Ride is not enhanced.

[2025-04-08 19:59:26 #7 type] 
Type domain.Driver is not enhanced.

[2025-04-08 19:59:26 #8 type] 
Type domain.Car is not enhanced.

------------------------------------------------------------------------------------------------------------------------

[2025-04-08 20:00:38 #1 store] 
Database 'D:\ASIER\LANAK\Uni\2.Maila\SI\Proiektuak\Rides24_2_Asier_PostLabo\src\main\resources\rides.temp' is opened by 210116@DESKTOP-D7GP777

[2025-04-08 20:00:38 #2 type] 
Type domain.User is not enhanced.

[2025-04-08 20:00:38 #3 type] 
Type domain.Mugimenduak is not enhanced.

[2025-04-08 20:00:38 #4 type] 
Type domain.Passenger is not enhanced.

[2025-04-08 20:00:38 #5 type] 
Type domain.RideBooked is not enhanced.

[2025-04-08 20:00:38 #6 type] 
Type domain.Ride is not enhanced.

[2025-04-08 20:00:38 #7 type] 
Type domain.Driver is not enhanced.

[2025-04-08 20:00:38 #8 type] 
Type domain.Car is not enhanced.

------------------------------------------------------------------------------------------------------------------------

[2025-04-08 20:03:25 #1 store] 
Database 'D:\ASIER\LANAK\Uni\2.Maila\SI\Proiektuak\Rides24_2_Asier_PostLabo\src\main\resources\rides.temp' is opened by 215128@DESKTOP-D7GP777

[2025-04-08 20:03:25 #2 type] 
Type domain.User is not enhanced.

[2025-04-08 20:03:25 #3 type] 
Type domain.Mugimenduak is not enhanced.

[2025-04-08 20:03:25 #4 type] 
Type domain.Passenger is not enhanced.

[2025-04-08 20:03:25 #5 type] 
Type domain.RideBooked is not enhanced.

[2025-04-08 20:03:25 #6 type] 
Type domain.Ride is not enhanced.

[2025-04-08 20:03:25 #7 type] 
Type domain.Driver is not enhanced.

[2025-04-08 20:03:25 #8 type] 
Type domain.Car is not enhanced.

------------------------------------------------------------------------------------------------------------------------

[2025-04-08 20:03:34 #1 store] 
Database 'D:\ASIER\LANAK\Uni\2.Maila\SI\Proiektuak\Rides24_2_Asier_PostLabo\src\main\resources\rides.temp' is opened by 219188@DESKTOP-D7GP777

[2025-04-08 20:03:34 #2 type] 
Type domain.User is not enhanced.

[2025-04-08 20:03:34 #3 type] 
Type domain.Mugimenduak is not enhanced.

[2025-04-08 20:03:34 #4 type] 
Type domain.Passenger is not enhanced.

[2025-04-08 20:03:34 #5 type] 
Type domain.RideBooked is not enhanced.

[2025-04-08 20:03:34 #6 type] 
Type domain.Ride is not enhanced.

[2025-04-08 20:03:34 #7 type] 
Type domain.Driver is not enhanced.

[2025-04-08 20:03:34 #8 type] 
Type domain.Car is not enhanced.

------------------------------------------------------------------------------------------------------------------------

[2025-04-08 20:05:49 #1 store] 
Database 'D:\ASIER\LANAK\Uni\2.Maila\SI\Proiektuak\Rides24_2_Asier_PostLabo\src\main\resources\rides.temp' is opened by 221492@DESKTOP-D7GP777

[2025-04-08 20:05:49 #2 type] 
Type domain.User is not enhanced.

[2025-04-08 20:05:49 #3 type] 
Type domain.Mugimenduak is not enhanced.

[2025-04-08 20:05:49 #4 type] 
Type domain.Passenger is not enhanced.

[2025-04-08 20:05:49 #5 type] 
Type domain.RideBooked is not enhanced.

[2025-04-08 20:05:49 #6 type] 
Type domain.Ride is not enhanced.

[2025-04-08 20:05:49 #7 type] 
Type domain.Driver is not enhanced.

[2025-04-08 20:05:49 #8 type] 
Type domain.Car is not enhanced.

------------------------------------------------------------------------------------------------------------------------

[2025-04-08 20:08:41 #1 store] 
Database 'D:\ASIER\LANAK\Uni\2.Maila\SI\Proiektuak\Rides24_2_Asier_PostLabo\src\main\resources\rides.temp' is opened by 167944@DESKTOP-D7GP777

[2025-04-08 20:08:41 #2 type] 
Type domain.User is not enhanced.

[2025-04-08 20:08:41 #3 type] 
Type domain.Mugimenduak is not enhanced.

[2025-04-08 20:08:41 #4 type] 
Type domain.Passenger is not enhanced.

[2025-04-08 20:08:41 #5 type] 
Type domain.RideBooked is not enhanced.

[2025-04-08 20:08:41 #6 type] 
Type domain.Ride is not enhanced.

[2025-04-08 20:08:41 #7 type] 
Type domain.Driver is not enhanced.

[2025-04-08 20:08:41 #8 type] 
Type domain.Car is not enhanced.

------------------------------------------------------------------------------------------------------------------------

[2025-04-08 20:10:38 #1 store] 
Database 'D:\ASIER\LANAK\Uni\2.Maila\SI\Proiektuak\Rides24_2_Asier_PostLabo\src\main\resources\rides.temp' is opened by 219540@DESKTOP-D7GP777

[2025-04-08 20:10:38 #2 type] 
Type domain.User is not enhanced.

[2025-04-08 20:10:38 #3 type] 
Type domain.Mugimenduak is not enhanced.

[2025-04-08 20:10:38 #4 type] 
Type domain.Passenger is not enhanced.

[2025-04-08 20:10:38 #5 type] 
Type domain.RideBooked is not enhanced.

[2025-04-08 20:10:38 #6 type] 
Type domain.Ride is not enhanced.

[2025-04-08 20:10:38 #7 type] 
Type domain.Driver is not enhanced.

[2025-04-08 20:10:38 #8 type] 
Type domain.Car is not enhanced.

------------------------------------------------------------------------------------------------------------------------

[2025-04-08 20:12:30 #1 store] 
Database 'D:\ASIER\LANAK\Uni\2.Maila\SI\Proiektuak\Rides24_2_Asier_PostLabo\src\main\resources\rides.temp' has been recovered (tr. 85-85)

[2025-04-08 20:12:30 #2 store] 
Database 'D:\ASIER\LANAK\Uni\2.Maila\SI\Proiektuak\Rides24_2_Asier_PostLabo\src\main\resources\rides.temp' is opened by 222932@DESKTOP-D7GP777

[2025-04-08 20:12:30 #3 type] 
Type domain.User is not enhanced.

[2025-04-08 20:12:30 #4 type] 
Type domain.Mugimenduak is not enhanced.

[2025-04-08 20:12:30 #5 type] 
Type domain.Passenger is not enhanced.

[2025-04-08 20:12:30 #6 type] 
Type domain.RideBooked is not enhanced.

[2025-04-08 20:12:30 #7 type] 
Type domain.Ride is not enhanced.

[2025-04-08 20:12:30 #8 type] 
Type domain.Driver is not enhanced.

[2025-04-08 20:12:30 #9 type] 
Type domain.Car is not enhanced.

------------------------------------------------------------------------------------------------------------------------

[2025-04-08 20:20:24 #1 store] 
Database 'D:\ASIER\LANAK\Uni\2.Maila\SI\Proiektuak\Rides24_2_Asier_PostLabo\src\main\resources\rides.temp' is opened by 219480@DESKTOP-D7GP777

[2025-04-08 20:20:24 #2 type] 
Type domain.User is not enhanced.

[2025-04-08 20:20:24 #3 type] 
Type domain.Mugimenduak is not enhanced.

[2025-04-08 20:20:24 #4 type] 
Type domain.Passenger is not enhanced.

[2025-04-08 20:20:24 #5 type] 
Type domain.RideBooked is not enhanced.

[2025-04-08 20:20:24 #6 type] 
Type domain.Ride is not enhanced.

[2025-04-08 20:20:24 #7 type] 
Type domain.Driver is not enhanced.

[2025-04-08 20:20:24 #8 type] 
Type domain.Car is not enhanced.

------------------------------------------------------------------------------------------------------------------------

[2025-04-08 20:21:35 #1 store] 
Database 'D:\ASIER\LANAK\Uni\2.Maila\SI\Proiektuak\Rides24_2_Asier_PostLabo\src\main\resources\rides.temp' is opened by 220800@DESKTOP-D7GP777

[2025-04-08 20:21:35 #2 type] 
Type domain.User is not enhanced.

[2025-04-08 20:21:35 #3 type] 
Type domain.Mugimenduak is not enhanced.

[2025-04-08 20:21:35 #4 type] 
Type domain.Passenger is not enhanced.

[2025-04-08 20:21:35 #5 type] 
Type domain.RideBooked is not enhanced.

[2025-04-08 20:21:35 #6 type] 
Type domain.Ride is not enhanced.

[2025-04-08 20:21:35 #7 type] 
Type domain.Driver is not enhanced.

[2025-04-08 20:21:35 #8 type] 
Type domain.Car is not enhanced.

------------------------------------------------------------------------------------------------------------------------

[2025-04-08 20:22:08 #1 store] 
Database 'D:\ASIER\LANAK\Uni\2.Maila\SI\Proiektuak\Rides24_2_Asier_PostLabo\src\main\resources\rides.temp' is opened by 198672@DESKTOP-D7GP777

[2025-04-08 20:22:08 #2 type] 
Type domain.User is not enhanced.

[2025-04-08 20:22:08 #3 type] 
Type domain.Mugimenduak is not enhanced.

[2025-04-08 20:22:08 #4 type] 
Type domain.Passenger is not enhanced.

[2025-04-08 20:22:08 #5 type] 
Type domain.RideBooked is not enhanced.

[2025-04-08 20:22:08 #6 type] 
Type domain.Ride is not enhanced.

[2025-04-08 20:22:08 #7 type] 
Type domain.Driver is not enhanced.

[2025-04-08 20:22:08 #8 type] 
Type domain.Car is not enhanced.

------------------------------------------------------------------------------------------------------------------------

[2025-04-08 20:23:46 #1 store] 
Database 'D:\ASIER\LANAK\Uni\2.Maila\SI\Proiektuak\Rides24_2_Asier_PostLabo\src\main\resources\rides.temp' is opened by 218348@DESKTOP-D7GP777

[2025-04-08 20:23:46 #2 type] 
Type domain.User is not enhanced.

[2025-04-08 20:23:46 #3 type] 
Type domain.Mugimenduak is not enhanced.

[2025-04-08 20:23:46 #4 type] 
Type domain.Passenger is not enhanced.

[2025-04-08 20:23:46 #5 type] 
Type domain.RideBooked is not enhanced.

[2025-04-08 20:23:46 #6 type] 
Type domain.Ride is not enhanced.

[2025-04-08 20:23:46 #7 type] 
Type domain.Driver is not enhanced.

[2025-04-08 20:23:46 #8 type] 
Type domain.Car is not enhanced.

------------------------------------------------------------------------------------------------------------------------

[2025-04-08 20:24:04 #1 store] 
Database 'D:\ASIER\LANAK\Uni\2.Maila\SI\Proiektuak\Rides24_2_Asier_PostLabo\src\main\resources\rides.temp' is opened by 217776@DESKTOP-D7GP777

[2025-04-08 20:24:04 #2 type] 
Type domain.User is not enhanced.

[2025-04-08 20:24:04 #3 type] 
Type domain.Mugimenduak is not enhanced.

[2025-04-08 20:24:04 #4 type] 
Type domain.Passenger is not enhanced.

[2025-04-08 20:24:04 #5 type] 
Type domain.RideBooked is not enhanced.

[2025-04-08 20:24:04 #6 type] 
Type domain.Ride is not enhanced.

[2025-04-08 20:24:04 #7 type] 
Type domain.Driver is not enhanced.

[2025-04-08 20:24:04 #8 type] 
Type domain.Car is not enhanced.

------------------------------------------------------------------------------------------------------------------------

[2025-04-08 20:24:24 #1 store] 
Database 'D:\ASIER\LANAK\Uni\2.Maila\SI\Proiektuak\Rides24_2_Asier_PostLabo\src\main\resources\rides.temp' is opened by 223212@DESKTOP-D7GP777

[2025-04-08 20:24:24 #2 type] 
Type domain.User is not enhanced.

[2025-04-08 20:24:24 #3 type] 
Type domain.Mugimenduak is not enhanced.

[2025-04-08 20:24:24 #4 type] 
Type domain.Passenger is not enhanced.

[2025-04-08 20:24:24 #5 type] 
Type domain.RideBooked is not enhanced.

[2025-04-08 20:24:24 #6 type] 
Type domain.Ride is not enhanced.

[2025-04-08 20:24:24 #7 type] 
Type domain.Driver is not enhanced.

[2025-04-08 20:24:24 #8 type] 
Type domain.Car is not enhanced.

------------------------------------------------------------------------------------------------------------------------

[2025-04-08 20:25:34 #1 store] 
Database 'D:\ASIER\LANAK\Uni\2.Maila\SI\Proiektuak\Rides24_2_Asier_PostLabo\src\main\resources\rides.temp' is opened by 222192@DESKTOP-D7GP777

[2025-04-08 20:25:34 #2 type] 
Type domain.User is not enhanced.

[2025-04-08 20:25:34 #3 type] 
Type domain.Mugimenduak is not enhanced.

[2025-04-08 20:25:34 #4 type] 
Type domain.Passenger is not enhanced.

[2025-04-08 20:25:34 #5 type] 
Type domain.RideBooked is not enhanced.

[2025-04-08 20:25:34 #6 type] 
Type domain.Ride is not enhanced.

[2025-04-08 20:25:34 #7 type] 
Type domain.Driver is not enhanced.

[2025-04-08 20:25:34 #8 type] 
Type domain.Car is not enhanced.

------------------------------------------------------------------------------------------------------------------------

[2025-04-08 20:26:22 #1 store] 
Database 'D:\ASIER\LANAK\Uni\2.Maila\SI\Proiektuak\Rides24_2_Asier_PostLabo\src\main\resources\rides.temp' is opened by 215568@DESKTOP-D7GP777

[2025-04-08 20:26:22 #2 type] 
Type domain.User is not enhanced.

[2025-04-08 20:26:22 #3 type] 
Type domain.Mugimenduak is not enhanced.

[2025-04-08 20:26:22 #4 type] 
Type domain.Passenger is not enhanced.

[2025-04-08 20:26:22 #5 type] 
Type domain.RideBooked is not enhanced.

[2025-04-08 20:26:22 #6 type] 
Type domain.Ride is not enhanced.

[2025-04-08 20:26:22 #7 type] 
Type domain.Driver is not enhanced.

[2025-04-08 20:26:22 #8 type] 
Type domain.Car is not enhanced.

[2025-04-08 20:26:28 #9 *] 
java.lang.ClassCastException: com.objectdb.o.CLT cannot be cast to com.objectdb.o.UTY
	at com.objectdb.o.TVS.g(TVS.java:93)
	at com.objectdb.jpa.EMImpl.refresh(EMImpl.java:747)
	at com.objectdb.jpa.EMImpl.refresh(EMImpl.java:688)
	at com.objectdb.jdo.PMImpl.refresh(PMImpl.java:973)
	at dataAccess.DataAccess.addMoney(DataAccess.java:339)
	at businessLogic.BLFacadeImplementation.addMoney(BLFacadeImplementation.java:159)
	at gui.DepositMoneyGUI$1.actionPerformed(DepositMoneyGUI.java:68)
	at javax.swing.AbstractButton.fireActionPerformed(AbstractButton.java:2022)
	at javax.swing.AbstractButton$Handler.actionPerformed(AbstractButton.java:2348)
	at javax.swing.DefaultButtonModel.fireActionPerformed(DefaultButtonModel.java:402)
	at javax.swing.DefaultButtonModel.setPressed(DefaultButtonModel.java:259)
	at javax.swing.plaf.basic.BasicButtonListener.mouseReleased(BasicButtonListener.java:262)
	at java.awt.Component.processMouseEvent(Component.java:6539)
	at javax.swing.JComponent.processMouseEvent(JComponent.java:3324)
	at java.awt.Component.processEvent(Component.java:6304)
	at java.awt.Container.processEvent(Container.java:2239)
	at java.awt.Component.dispatchEventImpl(Component.java:4889)
	at java.awt.Container.dispatchEventImpl(Container.java:2297)
	at java.awt.Component.dispatchEvent(Component.java:4711)
	at java.awt.LightweightDispatcher.retargetMouseEvent(Container.java:4904)
	at java.awt.LightweightDispatcher.processMouseEvent(Container.java:4535)
	at java.awt.LightweightDispatcher.dispatchEvent(Container.java:4476)
	at java.awt.Container.dispatchEventImpl(Container.java:2283)
	at java.awt.Window.dispatchEventImpl(Window.java:2746)
	at java.awt.Component.dispatchEvent(Component.java:4711)
	at java.awt.EventQueue.dispatchEventImpl(EventQueue.java:760)
	at java.awt.EventQueue.access$500(EventQueue.java:97)
	at java.awt.EventQueue$3.run(EventQueue.java:709)
	at java.awt.EventQueue$3.run(EventQueue.java:703)
	at java.security.AccessController.doPrivileged(Native Method)
	at java.security.ProtectionDomain$JavaSecurityAccessImpl.doIntersectionPrivilege(ProtectionDomain.java:74)
	at java.security.ProtectionDomain$JavaSecurityAccessImpl.doIntersectionPrivilege(ProtectionDomain.java:84)
	at java.awt.EventQueue$4.run(EventQueue.java:733)
	at java.awt.EventQueue$4.run(EventQueue.java:731)
	at java.security.AccessController.doPrivileged(Native Method)
	at java.security.ProtectionDomain$JavaSecurityAccessImpl.doIntersectionPrivilege(ProtectionDomain.java:74)
	at java.awt.EventQueue.dispatchEvent(EventQueue.java:730)
	at java.awt.EventDispatchThread.pumpOneEventForFilters(EventDispatchThread.java:205)
	at java.awt.EventDispatchThread.pumpEventsForFilter(EventDispatchThread.java:116)
	at java.awt.EventDispatchThread.pumpEventsForHierarchy(EventDispatchThread.java:105)
	at java.awt.EventDispatchThread.pumpEvents(EventDispatchThread.java:101)
	at java.awt.EventDispatchThread.pumpEvents(EventDispatchThread.java:93)
	at java.awt.EventDispatchThread.run(EventDispatchThread.java:82)

------------------------------------------------------------------------------------------------------------------------

[2025-04-08 20:26:49 #1 store] 
Database 'D:\ASIER\LANAK\Uni\2.Maila\SI\Proiektuak\Rides24_2_Asier_PostLabo\src\main\resources\rides.temp' is opened by 220056@DESKTOP-D7GP777

[2025-04-08 20:26:49 #2 type] 
Type domain.User is not enhanced.

[2025-04-08 20:26:49 #3 type] 
Type domain.Mugimenduak is not enhanced.

[2025-04-08 20:26:49 #4 type] 
Type domain.Passenger is not enhanced.

[2025-04-08 20:26:49 #5 type] 
Type domain.RideBooked is not enhanced.

[2025-04-08 20:26:49 #6 type] 
Type domain.Ride is not enhanced.

[2025-04-08 20:26:49 #7 type] 
Type domain.Driver is not enhanced.

[2025-04-08 20:26:49 #8 type] 
Type domain.Car is not enhanced.

------------------------------------------------------------------------------------------------------------------------

[2025-04-08 20:27:24 #1 store] 
Database 'D:\ASIER\LANAK\Uni\2.Maila\SI\Proiektuak\Rides24_2_Asier_PostLabo\src\main\resources\rides.temp' is opened by 221404@DESKTOP-D7GP777

[2025-04-08 20:27:24 #2 type] 
Type domain.User is not enhanced.

[2025-04-08 20:27:24 #3 type] 
Type domain.Mugimenduak is not enhanced.

[2025-04-08 20:27:24 #4 type] 
Type domain.Passenger is not enhanced.

[2025-04-08 20:27:24 #5 type] 
Type domain.RideBooked is not enhanced.

[2025-04-08 20:27:24 #6 type] 
Type domain.Ride is not enhanced.

[2025-04-08 20:27:24 #7 type] 
Type domain.Driver is not enhanced.

[2025-04-08 20:27:24 #8 type] 
Type domain.Car is not enhanced.

------------------------------------------------------------------------------------------------------------------------

[2025-04-08 20:30:51 #1 store] 
Database 'D:\ASIER\LANAK\Uni\2.Maila\SI\Proiektuak\Rides24_2_Asier_PostLabo\src\main\resources\rides.temp' is opened by 212232@DESKTOP-D7GP777

[2025-04-08 20:30:51 #2 type] 
Type domain.User is not enhanced.

[2025-04-08 20:30:51 #3 type] 
Type domain.Mugimenduak is not enhanced.

[2025-04-08 20:30:51 #4 type] 
Type domain.Passenger is not enhanced.

[2025-04-08 20:30:51 #5 type] 
Type domain.RideBooked is not enhanced.

[2025-04-08 20:30:51 #6 type] 
Type domain.Ride is not enhanced.

[2025-04-08 20:30:51 #7 type] 
Type domain.Driver is not enhanced.

[2025-04-08 20:30:51 #8 type] 
Type domain.Car is not enhanced.

------------------------------------------------------------------------------------------------------------------------

[2025-04-08 20:31:14 #1 store] 
Database 'D:\ASIER\LANAK\Uni\2.Maila\SI\Proiektuak\Rides24_2_Asier_PostLabo\src\main\resources\rides.temp' is opened by 219240@DESKTOP-D7GP777

[2025-04-08 20:31:14 #2 type] 
Type domain.User is not enhanced.

[2025-04-08 20:31:14 #3 type] 
Type domain.Mugimenduak is not enhanced.

[2025-04-08 20:31:14 #4 type] 
Type domain.Passenger is not enhanced.

[2025-04-08 20:31:14 #5 type] 
Type domain.RideBooked is not enhanced.

[2025-04-08 20:31:14 #6 type] 
Type domain.Ride is not enhanced.

[2025-04-08 20:31:14 #7 type] 
Type domain.Driver is not enhanced.

[2025-04-08 20:31:14 #8 type] 
Type domain.Car is not enhanced.

------------------------------------------------------------------------------------------------------------------------

[2025-04-08 20:31:59 #1 store] 
Database 'D:\ASIER\LANAK\Uni\2.Maila\SI\Proiektuak\Rides24_2_Asier_PostLabo\src\main\resources\rides.temp' is opened by 221280@DESKTOP-D7GP777

[2025-04-08 20:31:59 #2 type] 
Type domain.User is not enhanced.

[2025-04-08 20:31:59 #3 type] 
Type domain.Mugimenduak is not enhanced.

[2025-04-08 20:31:59 #4 type] 
Type domain.Passenger is not enhanced.

[2025-04-08 20:31:59 #5 type] 
Type domain.RideBooked is not enhanced.

[2025-04-08 20:31:59 #6 type] 
Type domain.Ride is not enhanced.

[2025-04-08 20:31:59 #7 type] 
Type domain.Driver is not enhanced.

[2025-04-08 20:31:59 #8 type] 
Type domain.Car is not enhanced.

------------------------------------------------------------------------------------------------------------------------

[2025-04-08 20:35:28 #1 store] 
Database 'D:\ASIER\LANAK\Uni\2.Maila\SI\Proiektuak\Rides24_2_Asier_PostLabo\src\main\resources\rides.temp' is opened by 223020@DESKTOP-D7GP777

[2025-04-08 20:35:28 #2 type] 
Type domain.User is not enhanced.

[2025-04-08 20:35:28 #3 type] 
Type domain.Mugimenduak is not enhanced.

[2025-04-08 20:35:28 #4 type] 
Type domain.Passenger is not enhanced.

[2025-04-08 20:35:28 #5 type] 
Type domain.RideBooked is not enhanced.

[2025-04-08 20:35:28 #6 type] 
Type domain.Ride is not enhanced.

[2025-04-08 20:35:28 #7 type] 
Type domain.Driver is not enhanced.

[2025-04-08 20:35:28 #8 type] 
Type domain.Car is not enhanced.

------------------------------------------------------------------------------------------------------------------------

[2025-04-08 20:37:12 #1 store] 
Database 'D:\ASIER\LANAK\Uni\2.Maila\SI\Proiektuak\Rides24_2_Asier_PostLabo\src\main\resources\rides.temp' is opened by 221424@DESKTOP-D7GP777

[2025-04-08 20:37:12 #2 type] 
Type domain.User is not enhanced.

[2025-04-08 20:37:12 #3 type] 
Type domain.Mugimenduak is not enhanced.

[2025-04-08 20:37:12 #4 type] 
Type domain.Passenger is not enhanced.

[2025-04-08 20:37:12 #5 type] 
Type domain.RideBooked is not enhanced.

[2025-04-08 20:37:12 #6 type] 
Type domain.Ride is not enhanced.

[2025-04-08 20:37:12 #7 type] 
Type domain.Driver is not enhanced.

[2025-04-08 20:37:12 #8 type] 
Type domain.Car is not enhanced.

------------------------------------------------------------------------------------------------------------------------

[2025-04-08 20:40:56 #1 store] 
Database 'D:\ASIER\LANAK\Uni\2.Maila\SI\Proiektuak\Rides24_2_Asier_PostLabo\src\main\resources\rides.temp' is opened by 221992@DESKTOP-D7GP777

[2025-04-08 20:40:56 #2 type] 
Type domain.User is not enhanced.

[2025-04-08 20:40:56 #3 type] 
Type domain.Mugimenduak is not enhanced.

[2025-04-08 20:40:56 #4 type] 
Type domain.Passenger is not enhanced.

[2025-04-08 20:40:56 #5 type] 
Type domain.RideBooked is not enhanced.

[2025-04-08 20:40:56 #6 type] 
Type domain.Ride is not enhanced.

[2025-04-08 20:40:56 #7 type] 
Type domain.Driver is not enhanced.

[2025-04-08 20:40:56 #8 type] 
Type domain.Car is not enhanced.

------------------------------------------------------------------------------------------------------------------------

[2025-04-08 20:41:16 #1 store] 
Database 'D:\ASIER\LANAK\Uni\2.Maila\SI\Proiektuak\Rides24_2_Asier_PostLabo\src\main\resources\rides.temp' is opened by 223832@DESKTOP-D7GP777

[2025-04-08 20:41:16 #2 type] 
Type domain.User is not enhanced.

[2025-04-08 20:41:16 #3 type] 
Type domain.Mugimenduak is not enhanced.

[2025-04-08 20:41:16 #4 type] 
Type domain.Passenger is not enhanced.

[2025-04-08 20:41:16 #5 type] 
Type domain.RideBooked is not enhanced.

[2025-04-08 20:41:16 #6 type] 
Type domain.Ride is not enhanced.

[2025-04-08 20:41:16 #7 type] 
Type domain.Driver is not enhanced.

[2025-04-08 20:41:16 #8 type] 
Type domain.Car is not enhanced.

------------------------------------------------------------------------------------------------------------------------

[2025-04-08 20:41:38 #1 store] 
Database 'D:\ASIER\LANAK\Uni\2.Maila\SI\Proiektuak\Rides24_2_Asier_PostLabo\src\main\resources\rides.temp' is opened by 223740@DESKTOP-D7GP777

[2025-04-08 20:41:38 #2 type] 
Type domain.User is not enhanced.

[2025-04-08 20:41:38 #3 type] 
Type domain.Mugimenduak is not enhanced.

[2025-04-08 20:41:38 #4 type] 
Type domain.Passenger is not enhanced.

[2025-04-08 20:41:38 #5 type] 
Type domain.RideBooked is not enhanced.

[2025-04-08 20:41:38 #6 type] 
Type domain.Ride is not enhanced.

[2025-04-08 20:41:38 #7 type] 
Type domain.Driver is not enhanced.

[2025-04-08 20:41:38 #8 type] 
Type domain.Car is not enhanced.

------------------------------------------------------------------------------------------------------------------------

[2025-04-08 20:41:57 #1 store] 
Database 'D:\ASIER\LANAK\Uni\2.Maila\SI\Proiektuak\Rides24_2_Asier_PostLabo\src\main\resources\rides.temp' is opened by 219860@DESKTOP-D7GP777

[2025-04-08 20:41:57 #2 type] 
Type domain.User is not enhanced.

[2025-04-08 20:41:58 #3 type] 
Type domain.Mugimenduak is not enhanced.

[2025-04-08 20:41:58 #4 type] 
Type domain.Passenger is not enhanced.

[2025-04-08 20:41:58 #5 type] 
Type domain.RideBooked is not enhanced.

[2025-04-08 20:41:58 #6 type] 
Type domain.Ride is not enhanced.

[2025-04-08 20:41:58 #7 type] 
Type domain.Driver is not enhanced.

[2025-04-08 20:41:58 #8 type] 
Type domain.Car is not enhanced.

------------------------------------------------------------------------------------------------------------------------

[2025-04-08 20:56:15 #1 store] 
Database 'D:\ASIER\LANAK\Uni\2.Maila\SI\Proiektuak\Rides24_2_Asier_PostLabo\src\main\resources\rides.temp' is opened by 214728@DESKTOP-D7GP777

[2025-04-08 20:56:15 #2 type] 
Type domain.User is not enhanced.

[2025-04-08 20:56:15 #3 type] 
Type domain.Mugimenduak is not enhanced.

[2025-04-08 20:56:15 #4 type] 
Type domain.Passenger is not enhanced.

[2025-04-08 20:56:15 #5 type] 
Type domain.RideBooked is not enhanced.

[2025-04-08 20:56:15 #6 type] 
Type domain.Ride is not enhanced.

[2025-04-08 20:56:15 #7 type] 
Type domain.Driver is not enhanced.

[2025-04-08 20:56:15 #8 type] 
Type domain.Car is not enhanced.

------------------------------------------------------------------------------------------------------------------------

[2025-04-08 20:57:53 #1 store] 
Database 'D:\ASIER\LANAK\Uni\2.Maila\SI\Proiektuak\Rides24_2_Asier_PostLabo\src\main\resources\rides.temp' has been recovered (tr. 102-106)

[2025-04-08 20:57:53 #2 store] 
Database 'D:\ASIER\LANAK\Uni\2.Maila\SI\Proiektuak\Rides24_2_Asier_PostLabo\src\main\resources\rides.temp' is opened by 224392@DESKTOP-D7GP777

[2025-04-08 20:57:53 #3 type] 
Type domain.User is not enhanced.

[2025-04-08 20:57:53 #4 type] 
Type domain.Mugimenduak is not enhanced.

[2025-04-08 20:57:53 #5 type] 
Type domain.Passenger is not enhanced.

[2025-04-08 20:57:53 #6 type] 
Type domain.RideBooked is not enhanced.

[2025-04-08 20:57:53 #7 type] 
Type domain.Ride is not enhanced.

[2025-04-08 20:57:53 #8 type] 
Type domain.Driver is not enhanced.

[2025-04-08 20:57:53 #9 type] 
Type domain.Car is not enhanced.

------------------------------------------------------------------------------------------------------------------------

[2025-04-08 20:58:30 #1 store] 
Database 'D:\ASIER\LANAK\Uni\2.Maila\SI\Proiektuak\Rides24_2_Asier_PostLabo\src\main\resources\rides.temp' is opened by 190576@DESKTOP-D7GP777

[2025-04-08 20:58:30 #2 type] 
Type domain.User is not enhanced.

[2025-04-08 20:58:30 #3 type] 
Type domain.Mugimenduak is not enhanced.

[2025-04-08 20:58:30 #4 type] 
Type domain.Passenger is not enhanced.

[2025-04-08 20:58:30 #5 type] 
Type domain.RideBooked is not enhanced.

[2025-04-08 20:58:30 #6 type] 
Type domain.Ride is not enhanced.

[2025-04-08 20:58:30 #7 type] 
Type domain.Driver is not enhanced.

[2025-04-08 20:58:30 #8 type] 
Type domain.Car is not enhanced.

------------------------------------------------------------------------------------------------------------------------

[2025-04-08 20:59:07 #1 store] 
Database 'D:\ASIER\LANAK\Uni\2.Maila\SI\Proiektuak\Rides24_2_Asier_PostLabo\src\main\resources\rides.temp' is opened by 223376@DESKTOP-D7GP777

[2025-04-08 20:59:07 #2 type] 
Type domain.User is not enhanced.

[2025-04-08 20:59:07 #3 type] 
Type domain.Mugimenduak is not enhanced.

[2025-04-08 20:59:07 #4 type] 
Type domain.Passenger is not enhanced.

[2025-04-08 20:59:07 #5 type] 
Type domain.RideBooked is not enhanced.

[2025-04-08 20:59:07 #6 type] 
Type domain.Ride is not enhanced.

[2025-04-08 20:59:07 #7 type] 
Type domain.Driver is not enhanced.

[2025-04-08 20:59:07 #8 type] 
Type domain.Car is not enhanced.

------------------------------------------------------------------------------------------------------------------------

[2025-04-08 21:01:07 #1 store] 
Database 'D:\ASIER\LANAK\Uni\2.Maila\SI\Proiektuak\Rides24_2_Asier_PostLabo\src\main\resources\rides.temp' is opened by 221100@DESKTOP-D7GP777

[2025-04-08 21:01:08 #2 type] 
Type domain.User is not enhanced.

[2025-04-08 21:01:08 #3 type] 
Type domain.Mugimenduak is not enhanced.

[2025-04-08 21:01:08 #4 type] 
Type domain.Passenger is not enhanced.

[2025-04-08 21:01:08 #5 type] 
Type domain.RideBooked is not enhanced.

[2025-04-08 21:01:08 #6 type] 
Type domain.Ride is not enhanced.

[2025-04-08 21:01:08 #7 type] 
Type domain.Driver is not enhanced.

[2025-04-08 21:01:08 #8 type] 
Type domain.Car is not enhanced.

------------------------------------------------------------------------------------------------------------------------

[2025-04-08 21:02:17 #1 store] 
Database 'D:\ASIER\LANAK\Uni\2.Maila\SI\Proiektuak\Rides24_2_Asier_PostLabo\src\main\resources\rides.temp' is opened by 224576@DESKTOP-D7GP777

[2025-04-08 21:02:17 #2 type] 
Type domain.User is not enhanced.

[2025-04-08 21:02:17 #3 type] 
Type domain.Mugimenduak is not enhanced.

[2025-04-08 21:02:17 #4 type] 
Type domain.Passenger is not enhanced.

[2025-04-08 21:02:17 #5 type] 
Type domain.RideBooked is not enhanced.

[2025-04-08 21:02:17 #6 type] 
Type domain.Ride is not enhanced.

[2025-04-08 21:02:17 #7 type] 
Type domain.Driver is not enhanced.

[2025-04-08 21:02:17 #8 type] 
Type domain.Car is not enhanced.

------------------------------------------------------------------------------------------------------------------------

[2025-04-08 21:02:48 #1 store] 
Database 'D:\ASIER\LANAK\Uni\2.Maila\SI\Proiektuak\Rides24_2_Asier_PostLabo\src\main\resources\rides.temp' is opened by 219568@DESKTOP-D7GP777

[2025-04-08 21:02:49 #2 type] 
Type domain.User is not enhanced.

[2025-04-08 21:02:49 #3 type] 
Type domain.Mugimenduak is not enhanced.

[2025-04-08 21:02:49 #4 type] 
Type domain.Passenger is not enhanced.

[2025-04-08 21:02:49 #5 type] 
Type domain.RideBooked is not enhanced.

[2025-04-08 21:02:49 #6 type] 
Type domain.Ride is not enhanced.

[2025-04-08 21:02:49 #7 type] 
Type domain.Driver is not enhanced.

[2025-04-08 21:02:49 #8 type] 
Type domain.Car is not enhanced.

------------------------------------------------------------------------------------------------------------------------

[2025-04-08 21:04:13 #1 store] 
Database 'D:\ASIER\LANAK\Uni\2.Maila\SI\Proiektuak\Rides24_2_Asier_PostLabo\src\main\resources\rides.temp' is opened by 176220@DESKTOP-D7GP777

[2025-04-08 21:04:13 #2 type] 
Type domain.User is not enhanced.

[2025-04-08 21:04:13 #3 type] 
Type domain.Mugimenduak is not enhanced.

[2025-04-08 21:04:13 #4 type] 
Type domain.Passenger is not enhanced.

[2025-04-08 21:04:13 #5 type] 
Type domain.RideBooked is not enhanced.

[2025-04-08 21:04:13 #6 type] 
Type domain.Ride is not enhanced.

[2025-04-08 21:04:13 #7 type] 
Type domain.Driver is not enhanced.

[2025-04-08 21:04:13 #8 type] 
Type domain.Car is not enhanced.

------------------------------------------------------------------------------------------------------------------------

[2025-04-08 21:04:37 #1 store] 
Database 'D:\ASIER\LANAK\Uni\2.Maila\SI\Proiektuak\Rides24_2_Asier_PostLabo\src\main\resources\rides.temp' is opened by 216928@DESKTOP-D7GP777

[2025-04-08 21:04:37 #2 type] 
Type domain.User is not enhanced.

[2025-04-08 21:04:37 #3 type] 
Type domain.Mugimenduak is not enhanced.

[2025-04-08 21:04:37 #4 type] 
Type domain.Passenger is not enhanced.

[2025-04-08 21:04:37 #5 type] 
Type domain.RideBooked is not enhanced.

[2025-04-08 21:04:37 #6 type] 
Type domain.Ride is not enhanced.

[2025-04-08 21:04:37 #7 type] 
Type domain.Driver is not enhanced.

[2025-04-08 21:04:37 #8 type] 
Type domain.Car is not enhanced.

------------------------------------------------------------------------------------------------------------------------

[2025-04-08 21:06:12 #1 store] 
Database 'D:\ASIER\LANAK\Uni\2.Maila\SI\Proiektuak\Rides24_2_Asier_PostLabo\src\main\resources\rides.temp' is opened by 207572@DESKTOP-D7GP777

[2025-04-08 21:06:12 #2 type] 
Type domain.User is not enhanced.

[2025-04-08 21:06:12 #3 type] 
Type domain.Mugimenduak is not enhanced.

[2025-04-08 21:06:12 #4 type] 
Type domain.Passenger is not enhanced.

[2025-04-08 21:06:12 #5 type] 
Type domain.RideBooked is not enhanced.

[2025-04-08 21:06:12 #6 type] 
Type domain.Ride is not enhanced.

[2025-04-08 21:06:12 #7 type] 
Type domain.Driver is not enhanced.

[2025-04-08 21:06:12 #8 type] 
Type domain.Car is not enhanced.

------------------------------------------------------------------------------------------------------------------------

[2025-04-08 21:08:00 #1 store] 
Database 'D:\ASIER\LANAK\Uni\2.Maila\SI\Proiektuak\Rides24_2_Asier_PostLabo\src\main\resources\rides.temp' is opened by 224436@DESKTOP-D7GP777

[2025-04-08 21:08:00 #2 type] 
Type domain.User is not enhanced.

[2025-04-08 21:08:00 #3 type] 
Type domain.Mugimenduak is not enhanced.

[2025-04-08 21:08:00 #4 type] 
Type domain.Passenger is not enhanced.

[2025-04-08 21:08:00 #5 type] 
Type domain.RideBooked is not enhanced.

[2025-04-08 21:08:00 #6 type] 
Type domain.Ride is not enhanced.

[2025-04-08 21:08:00 #7 type] 
Type domain.Driver is not enhanced.

[2025-04-08 21:08:00 #8 type] 
Type domain.Car is not enhanced.

------------------------------------------------------------------------------------------------------------------------

[2025-04-08 21:08:03 #1 store] 
Database 'D:\ASIER\LANAK\Uni\2.Maila\SI\Proiektuak\Rides24_2_Asier_PostLabo\src\main\resources\rides.temp' is opened by 217712@DESKTOP-D7GP777

[2025-04-08 21:08:04 #2 type] 
Type domain.User is not enhanced.

[2025-04-08 21:08:04 #3 type] 
Type domain.Mugimenduak is not enhanced.

[2025-04-08 21:08:04 #4 type] 
Type domain.Passenger is not enhanced.

[2025-04-08 21:08:04 #5 type] 
Type domain.RideBooked is not enhanced.

[2025-04-08 21:08:04 #6 type] 
Type domain.Ride is not enhanced.

[2025-04-08 21:08:04 #7 type] 
Type domain.Driver is not enhanced.

[2025-04-08 21:08:04 #8 type] 
Type domain.Car is not enhanced.

------------------------------------------------------------------------------------------------------------------------

[2025-04-08 21:08:30 #1 store] 
Database 'D:\ASIER\LANAK\Uni\2.Maila\SI\Proiektuak\Rides24_2_Asier_PostLabo\src\main\resources\rides.temp' is opened by 188592@DESKTOP-D7GP777

[2025-04-08 21:08:30 #2 type] 
Type domain.User is not enhanced.

[2025-04-08 21:08:30 #3 type] 
Type domain.Mugimenduak is not enhanced.

[2025-04-08 21:08:30 #4 type] 
Type domain.Passenger is not enhanced.

[2025-04-08 21:08:30 #5 type] 
Type domain.RideBooked is not enhanced.

[2025-04-08 21:08:30 #6 type] 
Type domain.Ride is not enhanced.

[2025-04-08 21:08:30 #7 type] 
Type domain.Driver is not enhanced.

[2025-04-08 21:08:30 #8 type] 
Type domain.Car is not enhanced.

------------------------------------------------------------------------------------------------------------------------

[2025-04-08 21:08:37 #1 store] 
Database 'D:\ASIER\LANAK\Uni\2.Maila\SI\Proiektuak\Rides24_2_Asier_PostLabo\src\main\resources\rides.temp' has been recovered (tr. 111-111)

[2025-04-08 21:08:37 #2 store] 
Database 'D:\ASIER\LANAK\Uni\2.Maila\SI\Proiektuak\Rides24_2_Asier_PostLabo\src\main\resources\rides.temp' is opened by 224516@DESKTOP-D7GP777

[2025-04-08 21:08:37 #3 type] 
Type domain.User is not enhanced.

[2025-04-08 21:08:37 #4 type] 
Type domain.Mugimenduak is not enhanced.

[2025-04-08 21:08:37 #5 type] 
Type domain.Passenger is not enhanced.

[2025-04-08 21:08:37 #6 type] 
Type domain.RideBooked is not enhanced.

[2025-04-08 21:08:37 #7 type] 
Type domain.Ride is not enhanced.

[2025-04-08 21:08:37 #8 type] 
Type domain.Driver is not enhanced.

[2025-04-08 21:08:37 #9 type] 
Type domain.Car is not enhanced.

------------------------------------------------------------------------------------------------------------------------

[2025-04-08 22:12:07 #1 store] 
Database 'D:\ASIER\LANAK\Uni\2.Maila\SI\Proiektuak\Rides24_2_Asier_PostLabo\src\main\resources\rides.temp' is opened by 226844@DESKTOP-D7GP777

[2025-04-08 22:12:07 #2 type] 
Type domain.User is not enhanced.

[2025-04-08 22:12:07 #3 type] 
Type domain.Mugimenduak is not enhanced.

[2025-04-08 22:12:07 #4 type] 
Type domain.Passenger is not enhanced.

[2025-04-08 22:12:07 #5 type] 
Type domain.RideBooked is not enhanced.

[2025-04-08 22:12:07 #6 type] 
Type domain.Ride is not enhanced.

[2025-04-08 22:12:07 #7 type] 
Type domain.Driver is not enhanced.

[2025-04-08 22:12:07 #8 type] 
Type domain.Car is not enhanced.

------------------------------------------------------------------------------------------------------------------------

[2025-04-08 22:13:29 #1 store] 
Database 'D:\ASIER\LANAK\Uni\2.Maila\SI\Proiektuak\Rides24_2_Asier_PostLabo\src\main\resources\rides.temp' has been recovered (tr. 114-117)

[2025-04-08 22:13:29 #2 store] 
Database 'D:\ASIER\LANAK\Uni\2.Maila\SI\Proiektuak\Rides24_2_Asier_PostLabo\src\main\resources\rides.temp' is opened by 228144@DESKTOP-D7GP777

[2025-04-08 22:13:29 #3 type] 
Type domain.User is not enhanced.

[2025-04-08 22:13:29 #4 type] 
Type domain.Mugimenduak is not enhanced.

[2025-04-08 22:13:29 #5 type] 
Type domain.Passenger is not enhanced.

[2025-04-08 22:13:29 #6 type] 
Type domain.RideBooked is not enhanced.

[2025-04-08 22:13:29 #7 type] 
Type domain.Ride is not enhanced.

[2025-04-08 22:13:29 #8 type] 
Type domain.Driver is not enhanced.

[2025-04-08 22:13:29 #9 type] 
Type domain.Car is not enhanced.

------------------------------------------------------------------------------------------------------------------------

[2025-04-08 22:15:58 #1 store] 
Database 'D:\ASIER\LANAK\Uni\2.Maila\SI\Proiektuak\Rides24_2_Asier_PostLabo\src\main\resources\rides.temp' is opened by 227064@DESKTOP-D7GP777

[2025-04-08 22:15:58 #2 type] 
Type domain.User is not enhanced.

[2025-04-08 22:15:58 #3 type] 
Type domain.Mugimenduak is not enhanced.

[2025-04-08 22:15:58 #4 type] 
Type domain.Passenger is not enhanced.

[2025-04-08 22:15:58 #5 type] 
Type domain.RideBooked is not enhanced.

[2025-04-08 22:15:58 #6 type] 
Type domain.Ride is not enhanced.

[2025-04-08 22:15:58 #7 type] 
Type domain.Driver is not enhanced.

[2025-04-08 22:15:58 #8 type] 
Type domain.Car is not enhanced.

------------------------------------------------------------------------------------------------------------------------

[2025-04-08 22:26:22 #1 store] 
Database 'D:\ASIER\LANAK\Uni\2.Maila\SI\Proiektuak\Rides24_2_Asier_PostLabo\src\main\resources\rides.temp' is opened by 221624@DESKTOP-D7GP777

[2025-04-08 22:26:22 #2 type] 
Type domain.User is not enhanced.

[2025-04-08 22:26:22 #3 type] 
Type domain.Mugimenduak is not enhanced.

[2025-04-08 22:26:22 #4 type] 
Type domain.Passenger is not enhanced.

[2025-04-08 22:26:22 #5 type] 
Type domain.RideBooked is not enhanced.

[2025-04-08 22:26:22 #6 type] 
Type domain.Ride is not enhanced.

[2025-04-08 22:26:22 #7 type] 
Type domain.Driver is not enhanced.

[2025-04-08 22:26:22 #8 type] 
Type domain.Car is not enhanced.

------------------------------------------------------------------------------------------------------------------------

[2025-04-08 22:27:32 #1 store] 
Database 'D:\ASIER\LANAK\Uni\2.Maila\SI\Proiektuak\Rides24_2_Asier_PostLabo\src\main\resources\rides.temp' has been recovered (tr. 118-118)

[2025-04-08 22:27:32 #2 store] 
Database 'D:\ASIER\LANAK\Uni\2.Maila\SI\Proiektuak\Rides24_2_Asier_PostLabo\src\main\resources\rides.temp' is opened by 223700@DESKTOP-D7GP777

[2025-04-08 22:27:32 #3 type] 
Type domain.User is not enhanced.

[2025-04-08 22:27:32 #4 type] 
Type domain.Mugimenduak is not enhanced.

[2025-04-08 22:27:32 #5 type] 
Type domain.Passenger is not enhanced.

[2025-04-08 22:27:32 #6 type] 
Type domain.RideBooked is not enhanced.

[2025-04-08 22:27:32 #7 type] 
Type domain.Ride is not enhanced.

[2025-04-08 22:27:32 #8 type] 
Type domain.Driver is not enhanced.

[2025-04-08 22:27:32 #9 type] 
Type domain.Car is not enhanced.

------------------------------------------------------------------------------------------------------------------------

[2025-04-08 22:28:20 #1 store] 
Database 'D:\ASIER\LANAK\Uni\2.Maila\SI\Proiektuak\Rides24_2_Asier_PostLabo\src\main\resources\rides.temp' is opened by 225956@DESKTOP-D7GP777

[2025-04-08 22:28:20 #2 type] 
Type domain.User is not enhanced.

[2025-04-08 22:28:20 #3 type] 
Type domain.Mugimenduak is not enhanced.

[2025-04-08 22:28:20 #4 type] 
Type domain.Passenger is not enhanced.

[2025-04-08 22:28:20 #5 type] 
Type domain.RideBooked is not enhanced.

[2025-04-08 22:28:20 #6 type] 
Type domain.Ride is not enhanced.

[2025-04-08 22:28:20 #7 type] 
Type domain.Driver is not enhanced.

[2025-04-08 22:28:20 #8 type] 
Type domain.Car is not enhanced.

------------------------------------------------------------------------------------------------------------------------

[2025-04-08 22:29:14 #1 store] 
Database 'D:\ASIER\LANAK\Uni\2.Maila\SI\Proiektuak\Rides24_2_Asier_PostLabo\src\main\resources\rides.temp' is opened by 185784@DESKTOP-D7GP777

[2025-04-08 22:29:14 #2 type] 
Type domain.User is not enhanced.

[2025-04-08 22:29:14 #3 type] 
Type domain.Mugimenduak is not enhanced.

[2025-04-08 22:29:14 #4 type] 
Type domain.Passenger is not enhanced.

[2025-04-08 22:29:14 #5 type] 
Type domain.RideBooked is not enhanced.

[2025-04-08 22:29:14 #6 type] 
Type domain.Ride is not enhanced.

[2025-04-08 22:29:14 #7 type] 
Type domain.Driver is not enhanced.

[2025-04-08 22:29:14 #8 type] 
Type domain.Car is not enhanced.

------------------------------------------------------------------------------------------------------------------------

[2025-04-08 22:29:41 #1 store] 
Database 'D:\ASIER\LANAK\Uni\2.Maila\SI\Proiektuak\Rides24_2_Asier_PostLabo\src\main\resources\rides.temp' is opened by 227640@DESKTOP-D7GP777

[2025-04-08 22:29:41 #2 type] 
Type domain.User is not enhanced.

[2025-04-08 22:29:41 #3 type] 
Type domain.Mugimenduak is not enhanced.

[2025-04-08 22:29:41 #4 type] 
Type domain.Passenger is not enhanced.

[2025-04-08 22:29:41 #5 type] 
Type domain.RideBooked is not enhanced.

[2025-04-08 22:29:41 #6 type] 
Type domain.Ride is not enhanced.

[2025-04-08 22:29:41 #7 type] 
Type domain.Driver is not enhanced.

[2025-04-08 22:29:41 #8 type] 
Type domain.Car is not enhanced.

------------------------------------------------------------------------------------------------------------------------

[2025-04-08 22:32:44 #1 store] 
Database 'D:\ASIER\LANAK\Uni\2.Maila\SI\Proiektuak\Rides24_2_Asier_PostLabo\src\main\resources\rides.temp' is opened by 217548@DESKTOP-D7GP777

[2025-04-08 22:32:44 #2 type] 
Type domain.User is not enhanced.

[2025-04-08 22:32:44 #3 type] 
Type domain.Mugimenduak is not enhanced.

[2025-04-08 22:32:44 #4 type] 
Type domain.Passenger is not enhanced.

[2025-04-08 22:32:44 #5 type] 
Type domain.RideBooked is not enhanced.

[2025-04-08 22:32:44 #6 type] 
Type domain.Ride is not enhanced.

[2025-04-08 22:32:44 #7 type] 
Type domain.Driver is not enhanced.

[2025-04-08 22:32:44 #8 type] 
Type domain.Car is not enhanced.

------------------------------------------------------------------------------------------------------------------------

[2025-04-08 22:33:20 #1 store] 
Database 'D:\ASIER\LANAK\Uni\2.Maila\SI\Proiektuak\Rides24_2_Asier_PostLabo\src\main\resources\rides.temp' is opened by 227696@DESKTOP-D7GP777

[2025-04-08 22:33:20 #2 type] 
Type domain.User is not enhanced.

[2025-04-08 22:33:20 #3 type] 
Type domain.Mugimenduak is not enhanced.

[2025-04-08 22:33:20 #4 type] 
Type domain.Passenger is not enhanced.

[2025-04-08 22:33:20 #5 type] 
Type domain.RideBooked is not enhanced.

[2025-04-08 22:33:20 #6 type] 
Type domain.Ride is not enhanced.

[2025-04-08 22:33:20 #7 type] 
Type domain.Driver is not enhanced.

[2025-04-08 22:33:20 #8 type] 
Type domain.Car is not enhanced.

------------------------------------------------------------------------------------------------------------------------

[2025-04-08 22:34:11 #1 store] 
Database 'D:\ASIER\LANAK\Uni\2.Maila\SI\Proiektuak\Rides24_2_Asier_PostLabo\src\main\resources\rides.temp' is opened by 223368@DESKTOP-D7GP777

[2025-04-08 22:34:11 #2 type] 
Type domain.User is not enhanced.

[2025-04-08 22:34:11 #3 type] 
Type domain.Mugimenduak is not enhanced.

[2025-04-08 22:34:11 #4 type] 
Type domain.Passenger is not enhanced.

[2025-04-08 22:34:11 #5 type] 
Type domain.RideBooked is not enhanced.

[2025-04-08 22:34:11 #6 type] 
Type domain.Ride is not enhanced.

[2025-04-08 22:34:11 #7 type] 
Type domain.Driver is not enhanced.

[2025-04-08 22:34:11 #8 type] 
Type domain.Car is not enhanced.

------------------------------------------------------------------------------------------------------------------------

[2025-04-08 22:34:29 #1 store] 
Database 'D:\ASIER\LANAK\Uni\2.Maila\SI\Proiektuak\Rides24_2_Asier_PostLabo\src\main\resources\rides.temp' is opened by 229368@DESKTOP-D7GP777

[2025-04-08 22:34:29 #2 type] 
Type domain.User is not enhanced.

[2025-04-08 22:34:29 #3 type] 
Type domain.Mugimenduak is not enhanced.

[2025-04-08 22:34:29 #4 type] 
Type domain.Passenger is not enhanced.

[2025-04-08 22:34:29 #5 type] 
Type domain.RideBooked is not enhanced.

[2025-04-08 22:34:29 #6 type] 
Type domain.Ride is not enhanced.

[2025-04-08 22:34:29 #7 type] 
Type domain.Driver is not enhanced.

[2025-04-08 22:34:29 #8 type] 
Type domain.Car is not enhanced.

------------------------------------------------------------------------------------------------------------------------

[2025-04-08 22:35:15 #1 store] 
Database 'D:\ASIER\LANAK\Uni\2.Maila\SI\Proiektuak\Rides24_2_Asier_PostLabo\src\main\resources\rides.temp' is opened by 229016@DESKTOP-D7GP777

[2025-04-08 22:35:16 #2 type] 
Type domain.User is not enhanced.

[2025-04-08 22:35:16 #3 type] 
Type domain.Mugimenduak is not enhanced.

[2025-04-08 22:35:16 #4 type] 
Type domain.Passenger is not enhanced.

[2025-04-08 22:35:16 #5 type] 
Type domain.RideBooked is not enhanced.

[2025-04-08 22:35:16 #6 type] 
Type domain.Ride is not enhanced.

[2025-04-08 22:35:16 #7 type] 
Type domain.Driver is not enhanced.

[2025-04-08 22:35:16 #8 type] 
Type domain.Car is not enhanced.

------------------------------------------------------------------------------------------------------------------------

[2025-04-08 23:06:08 #1 store] 
Database 'D:\ASIER\LANAK\Uni\2.Maila\SI\Proiektuak\Rides24_2_Asier_PostLabo\src\main\resources\rides.temp' is opened by 226736@DESKTOP-D7GP777

[2025-04-08 23:06:08 #2 type] 
Type domain.User is not enhanced.

[2025-04-08 23:06:08 #3 type] 
Type domain.Mugimenduak is not enhanced.

[2025-04-08 23:06:08 #4 type] 
Type domain.Passenger is not enhanced.

[2025-04-08 23:06:08 #5 type] 
Type domain.RideBooked is not enhanced.

[2025-04-08 23:06:08 #6 type] 
Type domain.Ride is not enhanced.

[2025-04-08 23:06:08 #7 type] 
Type domain.Driver is not enhanced.

[2025-04-08 23:06:08 #8 type] 
Type domain.Car is not enhanced.

------------------------------------------------------------------------------------------------------------------------

[2025-04-08 23:07:33 #1 store] 
Database 'D:\ASIER\LANAK\Uni\2.Maila\SI\Proiektuak\Rides24_2_Asier_PostLabo\src\main\resources\rides.temp' has been recovered (tr. 121-121)

[2025-04-08 23:07:33 #2 store] 
Database 'D:\ASIER\LANAK\Uni\2.Maila\SI\Proiektuak\Rides24_2_Asier_PostLabo\src\main\resources\rides.temp' is opened by 224792@DESKTOP-D7GP777

[2025-04-08 23:07:33 #3 type] 
Type domain.User is not enhanced.

[2025-04-08 23:07:33 #4 type] 
Type domain.Mugimenduak is not enhanced.

[2025-04-08 23:07:33 #5 type] 
Type domain.Passenger is not enhanced.

[2025-04-08 23:07:33 #6 type] 
Type domain.RideBooked is not enhanced.

[2025-04-08 23:07:33 #7 type] 
Type domain.Ride is not enhanced.

[2025-04-08 23:07:33 #8 type] 
Type domain.Driver is not enhanced.

[2025-04-08 23:07:33 #9 type] 
Type domain.Car is not enhanced.

------------------------------------------------------------------------------------------------------------------------

[2025-04-08 23:08:36 #1 store] 
Database 'D:\ASIER\LANAK\Uni\2.Maila\SI\Proiektuak\Rides24_2_Asier_PostLabo\src\main\resources\rides.temp' is opened by 223644@DESKTOP-D7GP777

[2025-04-08 23:08:36 #2 type] 
Type domain.User is not enhanced.

[2025-04-08 23:08:36 #3 type] 
Type domain.Mugimenduak is not enhanced.

[2025-04-08 23:08:36 #4 type] 
Type domain.Passenger is not enhanced.

[2025-04-08 23:08:36 #5 type] 
Type domain.RideBooked is not enhanced.

[2025-04-08 23:08:36 #6 type] 
Type domain.Ride is not enhanced.

[2025-04-08 23:08:36 #7 type] 
Type domain.Driver is not enhanced.

[2025-04-08 23:08:36 #8 type] 
Type domain.Car is not enhanced.

------------------------------------------------------------------------------------------------------------------------

[2025-04-08 23:12:16 #1 store] 
Database 'D:\ASIER\LANAK\Uni\2.Maila\SI\Proiektuak\Rides24_2_Asier_PostLabo\src\main\resources\rides.temp' is opened by 227188@DESKTOP-D7GP777

[2025-04-08 23:12:16 #2 type] 
Type domain.User is not enhanced.

[2025-04-08 23:12:16 #3 type] 
Type domain.Mugimenduak is not enhanced.

[2025-04-08 23:12:16 #4 type] 
Type domain.Passenger is not enhanced.

[2025-04-08 23:12:16 #5 type] 
Type domain.RideBooked is not enhanced.

[2025-04-08 23:12:16 #6 type] 
Type domain.Ride is not enhanced.

[2025-04-08 23:12:16 #7 type] 
Type domain.Driver is not enhanced.

[2025-04-08 23:12:16 #8 type] 
Type domain.Car is not enhanced.

------------------------------------------------------------------------------------------------------------------------

[2025-04-08 23:12:34 #1 store] 
Database 'D:\ASIER\LANAK\Uni\2.Maila\SI\Proiektuak\Rides24_2_Asier_PostLabo\src\main\resources\rides.temp' is opened by 227416@DESKTOP-D7GP777

[2025-04-08 23:12:34 #2 type] 
Type domain.User is not enhanced.

[2025-04-08 23:12:34 #3 type] 
Type domain.Mugimenduak is not enhanced.

[2025-04-08 23:12:34 #4 type] 
Type domain.Passenger is not enhanced.

[2025-04-08 23:12:34 #5 type] 
Type domain.RideBooked is not enhanced.

[2025-04-08 23:12:34 #6 type] 
Type domain.Ride is not enhanced.

[2025-04-08 23:12:34 #7 type] 
Type domain.Driver is not enhanced.

[2025-04-08 23:12:34 #8 type] 
Type domain.Car is not enhanced.

------------------------------------------------------------------------------------------------------------------------

[2025-04-08 23:15:56 #1 store] 
Database 'D:\ASIER\LANAK\Uni\2.Maila\SI\Proiektuak\Rides24_2_Asier_PostLabo\src\main\resources\rides.temp' is opened by 225100@DESKTOP-D7GP777

[2025-04-08 23:15:57 #2 type] 
Type domain.User is not enhanced.

[2025-04-08 23:15:57 #3 type] 
Type domain.Mugimenduak is not enhanced.

[2025-04-08 23:15:57 #4 type] 
Type domain.Passenger is not enhanced.

[2025-04-08 23:15:57 #5 type] 
Type domain.RideBooked is not enhanced.

[2025-04-08 23:15:57 #6 type] 
Type domain.Ride is not enhanced.

[2025-04-08 23:15:57 #7 type] 
Type domain.Driver is not enhanced.

[2025-04-08 23:15:57 #8 type] 
Type domain.Car is not enhanced.

------------------------------------------------------------------------------------------------------------------------

[2025-04-08 23:17:43 #1 store] 
Database 'D:\ASIER\LANAK\Uni\2.Maila\SI\Proiektuak\Rides24_2_Asier_PostLabo\src\main\resources\rides.temp' is opened by 224640@DESKTOP-D7GP777

[2025-04-08 23:17:43 #2 type] 
Type domain.User is not enhanced.

[2025-04-08 23:17:43 #3 type] 
Type domain.Mugimenduak is not enhanced.

[2025-04-08 23:17:43 #4 type] 
Type domain.Passenger is not enhanced.

[2025-04-08 23:17:43 #5 type] 
Type domain.RideBooked is not enhanced.

[2025-04-08 23:17:43 #6 type] 
Type domain.Ride is not enhanced.

[2025-04-08 23:17:43 #7 type] 
Type domain.Driver is not enhanced.

[2025-04-08 23:17:43 #8 type] 
Type domain.Car is not enhanced.

------------------------------------------------------------------------------------------------------------------------

[2025-04-08 23:21:15 #1 store] 
Database 'D:\ASIER\LANAK\Uni\2.Maila\SI\Proiektuak\Rides24_2_Asier_PostLabo\src\main\resources\rides.temp' is opened by 213152@DESKTOP-D7GP777

[2025-04-08 23:21:15 #2 type] 
Type domain.User is not enhanced.

[2025-04-08 23:21:15 #3 type] 
Type domain.Mugimenduak is not enhanced.

[2025-04-08 23:21:15 #4 type] 
Type domain.Passenger is not enhanced.

[2025-04-08 23:21:15 #5 type] 
Type domain.RideBooked is not enhanced.

[2025-04-08 23:21:15 #6 type] 
Type domain.Ride is not enhanced.

[2025-04-08 23:21:15 #7 type] 
Type domain.Driver is not enhanced.

[2025-04-08 23:21:15 #8 type] 
Type domain.Car is not enhanced.

------------------------------------------------------------------------------------------------------------------------

[2025-04-08 23:21:51 #1 store] 
Database 'D:\ASIER\LANAK\Uni\2.Maila\SI\Proiektuak\Rides24_2_Asier_PostLabo\src\main\resources\rides.temp' has been recovered (tr. 135-135)

[2025-04-08 23:21:51 #2 store] 
Database 'D:\ASIER\LANAK\Uni\2.Maila\SI\Proiektuak\Rides24_2_Asier_PostLabo\src\main\resources\rides.temp' is opened by 229588@DESKTOP-D7GP777

[2025-04-08 23:21:51 #3 type] 
Type domain.User is not enhanced.

[2025-04-08 23:21:51 #4 type] 
Type domain.Mugimenduak is not enhanced.

[2025-04-08 23:21:51 #5 type] 
Type domain.Passenger is not enhanced.

[2025-04-08 23:21:51 #6 type] 
Type domain.RideBooked is not enhanced.

[2025-04-08 23:21:51 #7 type] 
Type domain.Ride is not enhanced.

[2025-04-08 23:21:51 #8 type] 
Type domain.Driver is not enhanced.

[2025-04-08 23:21:51 #9 type] 
Type domain.Car is not enhanced.

------------------------------------------------------------------------------------------------------------------------

[2025-04-08 23:21:58 #1 store] 
Database 'D:\ASIER\LANAK\Uni\2.Maila\SI\Proiektuak\Rides24_2_Asier_PostLabo\src\main\resources\rides.temp' has been recovered (tr. 137-137)

[2025-04-08 23:21:58 #2 store] 
Database 'D:\ASIER\LANAK\Uni\2.Maila\SI\Proiektuak\Rides24_2_Asier_PostLabo\src\main\resources\rides.temp' is opened by 230992@DESKTOP-D7GP777

[2025-04-08 23:21:59 #3 type] 
Type domain.User is not enhanced.

[2025-04-08 23:21:59 #4 type] 
Type domain.Mugimenduak is not enhanced.

[2025-04-08 23:21:59 #5 type] 
Type domain.Passenger is not enhanced.

[2025-04-08 23:21:59 #6 type] 
Type domain.RideBooked is not enhanced.

[2025-04-08 23:21:59 #7 type] 
Type domain.Ride is not enhanced.

[2025-04-08 23:21:59 #8 type] 
Type domain.Driver is not enhanced.

[2025-04-08 23:21:59 #9 type] 
Type domain.Car is not enhanced.

------------------------------------------------------------------------------------------------------------------------

[2025-04-08 23:22:32 #1 store] 
Database 'D:\ASIER\LANAK\Uni\2.Maila\SI\Proiektuak\Rides24_2_Asier_PostLabo\src\main\resources\rides.temp' has been recovered (tr. 138-140)

[2025-04-08 23:22:32 #2 store] 
Database 'D:\ASIER\LANAK\Uni\2.Maila\SI\Proiektuak\Rides24_2_Asier_PostLabo\src\main\resources\rides.temp' is opened by 231292@DESKTOP-D7GP777

[2025-04-08 23:22:32 #3 type] 
Type domain.User is not enhanced.

[2025-04-08 23:22:32 #4 type] 
Type domain.Mugimenduak is not enhanced.

[2025-04-08 23:22:32 #5 type] 
Type domain.Passenger is not enhanced.

[2025-04-08 23:22:32 #6 type] 
Type domain.RideBooked is not enhanced.

[2025-04-08 23:22:32 #7 type] 
Type domain.Ride is not enhanced.

[2025-04-08 23:22:32 #8 type] 
Type domain.Driver is not enhanced.

[2025-04-08 23:22:32 #9 type] 
Type domain.Car is not enhanced.

