------------------------------------------------------------------------------------------------------------------------

[2025-02-27 09:53:31 #1 store] 
Database 'C:\Users\jmaru\git\Rides24\src\main\resources\rides.temp' is opened by 10608@LAPTOP-40044FA4

[2025-02-27 09:53:31 #2 type] 
Type domain.Driver is not enhanced.

[2025-02-27 09:53:31 #3 type] 
Type domain.Ride is not enhanced.

[2025-02-27 09:53:31 #4 type] 
Type domain.User is not enhanced.

[2025-02-27 09:53:31 #5 type] 
Type domain.Passenger is not enhanced.

[2025-02-27 09:53:31 #6 type] 
Type domain.RideBooked is not enhanced.

------------------------------------------------------------------------------------------------------------------------

[2025-02-27 09:54:55 #1 store] 
Database 'C:\Users\jmaru\git\Rides24\src\main\resources\rides.temp' is opened by 10428@LAPTOP-40044FA4

[2025-02-27 09:54:55 #2 type] 
Type domain.Driver is not enhanced.

[2025-02-27 09:54:55 #3 type] 
Type domain.Ride is not enhanced.

[2025-02-27 09:54:55 #4 type] 
Type domain.User is not enhanced.

[2025-02-27 09:54:55 #5 type] 
Type domain.Passenger is not enhanced.

[2025-02-27 09:54:55 #6 type] 
Type domain.RideBooked is not enhanced.

------------------------------------------------------------------------------------------------------------------------

[2025-02-27 10:16:42 #1 store] 
Database 'C:\Users\jmaru\git\Rides24\src\main\resources\rides.temp' is opened by 14684@LAPTOP-40044FA4

[2025-02-27 10:16:43 #2 type] 
Type domain.Driver is not enhanced.

[2025-02-27 10:16:43 #3 type] 
Type domain.Ride is not enhanced.

[2025-02-27 10:16:43 #4 type] 
Type domain.User is not enhanced.

[2025-02-27 10:16:43 #5 type] 
Type domain.Passenger is not enhanced.

[2025-02-27 10:16:43 #6 type] 
Type domain.RideBooked is not enhanced.

------------------------------------------------------------------------------------------------------------------------

[2025-02-27 18:25:21 #1 store] 
Database 'C:\Users\jmaru\git\Rides24\src\main\resources\rides.temp' is opened by 9376@LAPTOP-40044FA4

[2025-02-27 18:25:21 #2 type] 
Type domain.Driver is not enhanced.

[2025-02-27 18:25:21 #3 type] 
Type domain.Ride is not enhanced.

[2025-02-27 18:25:21 #4 type] 
Type domain.User is not enhanced.

[2025-02-27 18:25:21 #5 type] 
Type domain.Passenger is not enhanced.

[2025-02-27 18:25:21 #6 type] 
Type domain.RideBooked is not enhanced.

------------------------------------------------------------------------------------------------------------------------

[2025-02-27 18:35:32 #1 store] 
Database 'C:\Users\jmaru\git\Rides24\src\main\resources\rides.temp' is opened by 10376@LAPTOP-40044FA4

[2025-02-27 18:35:32 #2 type] 
Type domain.Driver is not enhanced.

[2025-02-27 18:35:32 #3 type] 
Type domain.Ride is not enhanced.

[2025-02-27 18:35:32 #4 type] 
Type domain.User is not enhanced.

[2025-02-27 18:35:32 #5 type] 
Type domain.Passenger is not enhanced.

[2025-02-27 18:35:32 #6 type] 
Type domain.RideBooked is not enhanced.

------------------------------------------------------------------------------------------------------------------------

[2025-02-27 18:38:33 #1 store] 
Database 'C:\Users\jmaru\git\Rides24\src\main\resources\rides.temp' is opened by 7472@LAPTOP-40044FA4

[2025-02-27 18:38:33 #2 type] 
Type domain.Driver is not enhanced.

[2025-02-27 18:38:33 #3 type] 
Type domain.Ride is not enhanced.

[2025-02-27 18:38:33 #4 type] 
Type domain.User is not enhanced.

[2025-02-27 18:38:33 #5 type] 
Type domain.Passenger is not enhanced.

[2025-02-27 18:38:33 #6 type] 
Type domain.RideBooked is not enhanced.

------------------------------------------------------------------------------------------------------------------------

[2025-02-27 18:45:06 #1 store] 
Database 'C:\Users\jmaru\git\Rides24\src\main\resources\rides.temp' is opened by 12000@LAPTOP-40044FA4

[2025-02-27 18:45:06 #2 type] 
Type domain.Driver is not enhanced.

[2025-02-27 18:45:06 #3 type] 
Type domain.Ride is not enhanced.

[2025-02-27 18:45:06 #4 type] 
Type domain.User is not enhanced.

[2025-02-27 18:45:06 #5 type] 
Type domain.Passenger is not enhanced.

[2025-02-27 18:45:06 #6 type] 
Type domain.RideBooked is not enhanced.

------------------------------------------------------------------------------------------------------------------------

[2025-02-27 18:46:33 #1 store] 
Database 'C:\Users\jmaru\git\Rides24\src\main\resources\rides.temp' is opened by 17784@LAPTOP-40044FA4

[2025-02-27 18:46:33 #2 type] 
Type domain.Driver is not enhanced.

[2025-02-27 18:46:33 #3 type] 
Type domain.Ride is not enhanced.

[2025-02-27 18:46:33 #4 type] 
Type domain.User is not enhanced.

[2025-02-27 18:46:33 #5 type] 
Type domain.Passenger is not enhanced.

[2025-02-27 18:46:33 #6 type] 
Type domain.RideBooked is not enhanced.

------------------------------------------------------------------------------------------------------------------------

[2025-02-27 18:48:58 #1 store] 
Database 'C:\Users\jmaru\git\Rides24\src\main\resources\rides.temp' has been recovered (tr. 57-57)

[2025-02-27 18:48:58 #2 store] 
Database 'C:\Users\jmaru\git\Rides24\src\main\resources\rides.temp' is opened by 8308@LAPTOP-40044FA4

[2025-02-27 18:48:58 #3 type] 
Type domain.Driver is not enhanced.

[2025-02-27 18:48:58 #4 type] 
Type domain.Ride is not enhanced.

[2025-02-27 18:48:58 #5 type] 
Type domain.User is not enhanced.

[2025-02-27 18:48:58 #6 type] 
Type domain.Passenger is not enhanced.

[2025-02-27 18:48:58 #7 type] 
Type domain.RideBooked is not enhanced.

------------------------------------------------------------------------------------------------------------------------

[2025-02-27 19:30:51 #1 store] 
Database 'C:\Users\jmaru\git\Rides24\src\main\resources\rides.temp' is opened by 16392@LAPTOP-40044FA4

[2025-02-27 19:30:52 #2 type] 
Type domain.Driver is not enhanced.

[2025-02-27 19:30:52 #3 type] 
Type domain.Ride is not enhanced.

[2025-02-27 19:30:52 #4 type] 
Type domain.User is not enhanced.

[2025-02-27 19:30:52 #5 type] 
Type domain.Passenger is not enhanced.

[2025-02-27 19:30:52 #6 type] 
Type domain.RideBooked is not enhanced.

------------------------------------------------------------------------------------------------------------------------

[2025-02-27 19:31:47 #1 store] 
Database 'C:\Users\jmaru\git\Rides24\src\main\resources\rides.temp' is opened by 14576@LAPTOP-40044FA4

[2025-02-27 19:31:48 #2 type] 
Type domain.Driver is not enhanced.

[2025-02-27 19:31:48 #3 type] 
Type domain.Ride is not enhanced.

[2025-02-27 19:31:48 #4 type] 
Type domain.User is not enhanced.

[2025-02-27 19:31:48 #5 type] 
Type domain.Passenger is not enhanced.

[2025-02-27 19:31:48 #6 type] 
Type domain.RideBooked is not enhanced.

------------------------------------------------------------------------------------------------------------------------

[2025-02-27 19:36:53 #1 store] 
Database 'C:\Users\jmaru\git\Rides24\src\main\resources\rides.temp' is opened by 7672@LAPTOP-40044FA4

[2025-02-27 19:36:53 #2 type] 
Type domain.Driver is not enhanced.

[2025-02-27 19:36:53 #3 type] 
Type domain.Ride is not enhanced.

[2025-02-27 19:36:53 #4 type] 
Type domain.User is not enhanced.

[2025-02-27 19:36:53 #5 type] 
Type domain.Passenger is not enhanced.

[2025-02-27 19:36:53 #6 type] 
Type domain.RideBooked is not enhanced.

------------------------------------------------------------------------------------------------------------------------

[2025-02-27 19:40:30 #1 store] 
Database 'C:\Users\jmaru\git\Rides24\src\main\resources\rides.temp' is opened by 14632@LAPTOP-40044FA4

[2025-02-27 19:40:30 #2 type] 
Type domain.Driver is not enhanced.

[2025-02-27 19:40:30 #3 type] 
Type domain.Ride is not enhanced.

[2025-02-27 19:40:30 #4 type] 
Type domain.User is not enhanced.

[2025-02-27 19:40:30 #5 type] 
Type domain.Passenger is not enhanced.

[2025-02-27 19:40:30 #6 type] 
Type domain.RideBooked is not enhanced.

------------------------------------------------------------------------------------------------------------------------

[2025-02-27 19:47:50 #1 store] 
Database 'C:\Users\jmaru\git\Rides24\src\main\resources\rides.temp' is opened by 8460@LAPTOP-40044FA4

[2025-02-27 19:47:51 #2 type] 
Type domain.Driver is not enhanced.

[2025-02-27 19:47:51 #3 type] 
Type domain.Ride is not enhanced.

[2025-02-27 19:47:51 #4 type] 
Type domain.User is not enhanced.

[2025-02-27 19:47:51 #5 type] 
Type domain.Passenger is not enhanced.

[2025-02-27 19:47:51 #6 type] 
Type domain.RideBooked is not enhanced.

------------------------------------------------------------------------------------------------------------------------

[2025-02-27 19:51:52 #1 store] 
Database 'C:\Users\jmaru\git\Rides24\src\main\resources\rides.temp' is opened by 16324@LAPTOP-40044FA4

[2025-02-27 19:51:53 #2 type] 
Type domain.Driver is not enhanced.

[2025-02-27 19:51:53 #3 type] 
Type domain.Ride is not enhanced.

[2025-02-27 19:51:53 #4 type] 
Type domain.User is not enhanced.

[2025-02-27 19:51:53 #5 type] 
Type domain.Passenger is not enhanced.

[2025-02-27 19:51:53 #6 type] 
Type domain.RideBooked is not enhanced.

------------------------------------------------------------------------------------------------------------------------

[2025-02-27 19:53:19 #1 store] 
Database 'C:\Users\jmaru\git\Rides24\src\main\resources\rides.temp' is opened by 12412@LAPTOP-40044FA4

[2025-02-27 19:53:19 #2 type] 
Type domain.Driver is not enhanced.

[2025-02-27 19:53:19 #3 type] 
Type domain.Ride is not enhanced.

[2025-02-27 19:53:19 #4 type] 
Type domain.User is not enhanced.

[2025-02-27 19:53:19 #5 type] 
Type domain.Passenger is not enhanced.

[2025-02-27 19:53:19 #6 type] 
Type domain.RideBooked is not enhanced.

------------------------------------------------------------------------------------------------------------------------

[2025-02-27 19:57:23 #1 store] 
Database 'C:\Users\jmaru\git\Rides24\src\main\resources\rides.temp' is opened by 11984@LAPTOP-40044FA4

[2025-02-27 19:57:23 #2 type] 
Type domain.Driver is not enhanced.

[2025-02-27 19:57:23 #3 type] 
Type domain.Ride is not enhanced.

[2025-02-27 19:57:23 #4 type] 
Type domain.User is not enhanced.

[2025-02-27 19:57:23 #5 type] 
Type domain.Passenger is not enhanced.

[2025-02-27 19:57:23 #6 type] 
Type domain.RideBooked is not enhanced.

------------------------------------------------------------------------------------------------------------------------

[2025-02-27 20:52:48 #1 store] 
Database 'C:\Users\jmaru\git\Rides24\src\main\resources\rides.temp' is opened by 1380@LAPTOP-40044FA4

[2025-02-27 20:52:48 #2 type] 
Type domain.Driver is not enhanced.

[2025-02-27 20:52:48 #3 type] 
Type domain.Ride is not enhanced.

[2025-02-27 20:52:48 #4 type] 
Type domain.User is not enhanced.

[2025-02-27 20:52:48 #5 type] 
Type domain.Passenger is not enhanced.

[2025-02-27 20:52:48 #6 type] 
Type domain.RideBooked is not enhanced.

------------------------------------------------------------------------------------------------------------------------

[2025-02-27 20:57:48 #1 store] 
Database 'C:\Users\jmaru\git\Rides24\src\main\resources\rides.temp' is opened by 1504@LAPTOP-40044FA4

[2025-02-27 20:57:49 #2 type] 
Type domain.Driver is not enhanced.

[2025-02-27 20:57:49 #3 type] 
Type domain.Ride is not enhanced.

[2025-02-27 20:57:49 #4 type] 
Type domain.User is not enhanced.

[2025-02-27 20:57:49 #5 type] 
Type domain.Passenger is not enhanced.

[2025-02-27 20:57:49 #6 type] 
Type domain.RideBooked is not enhanced.

------------------------------------------------------------------------------------------------------------------------

[2025-02-27 21:06:19 #1 store] 
Database 'C:\Users\jmaru\git\Rides24\src\main\resources\rides.temp' is opened by 9648@LAPTOP-40044FA4

[2025-02-27 21:06:20 #2 type] 
Type domain.Driver is not enhanced.

[2025-02-27 21:06:20 #3 type] 
Type domain.Ride is not enhanced.

[2025-02-27 21:06:20 #4 type] 
Type domain.User is not enhanced.

[2025-02-27 21:06:20 #5 type] 
Type domain.Passenger is not enhanced.

[2025-02-27 21:06:20 #6 type] 
Type domain.RideBooked is not enhanced.

------------------------------------------------------------------------------------------------------------------------

[2025-02-27 22:08:36 #1 store] 
Database 'C:\Users\jmaru\git\Rides24\src\main\resources\rides.temp' is opened by 15884@LAPTOP-40044FA4

[2025-02-27 22:08:36 #2 type] 
Type domain.Driver is not enhanced.

[2025-02-27 22:08:36 #3 type] 
Type domain.Ride is not enhanced.

[2025-02-27 22:08:36 #4 type] 
Type domain.User is not enhanced.

[2025-02-27 22:08:36 #5 type] 
Type domain.Passenger is not enhanced.

[2025-02-27 22:08:36 #6 type] 
Type domain.RideBooked is not enhanced.

------------------------------------------------------------------------------------------------------------------------

[2025-02-27 22:17:44 #1 store] 
Database 'C:\Users\jmaru\git\Rides24\src\main\resources\rides.temp' is opened by 11640@LAPTOP-40044FA4

[2025-02-27 22:17:44 #2 type] 
Type domain.Driver is not enhanced.

[2025-02-27 22:17:44 #3 type] 
Type domain.Ride is not enhanced.

[2025-02-27 22:17:44 #4 type] 
Type domain.User is not enhanced.

[2025-02-27 22:17:44 #5 type] 
Type domain.Passenger is not enhanced.

[2025-02-27 22:17:44 #6 type] 
Type domain.RideBooked is not enhanced.

------------------------------------------------------------------------------------------------------------------------

[2025-02-27 22:20:46 #1 store] 
Database 'C:\Users\jmaru\git\Rides24\src\main\resources\rides.temp' is opened by 13228@LAPTOP-40044FA4

[2025-02-27 22:20:46 #2 type] 
Type domain.Driver is not enhanced.

[2025-02-27 22:20:46 #3 type] 
Type domain.Ride is not enhanced.

[2025-02-27 22:20:46 #4 type] 
Type domain.User is not enhanced.

[2025-02-27 22:20:46 #5 type] 
Type domain.Passenger is not enhanced.

[2025-02-27 22:20:46 #6 type] 
Type domain.RideBooked is not enhanced.

------------------------------------------------------------------------------------------------------------------------

[2025-02-27 23:03:03 #1 store] 
Database 'C:\Users\jmaru\git\Rides24\src\main\resources\rides.temp' is opened by 16212@LAPTOP-40044FA4

[2025-02-27 23:03:03 #2 type] 
Type domain.Driver is not enhanced.

[2025-02-27 23:03:03 #3 type] 
Type domain.Ride is not enhanced.

[2025-02-27 23:03:03 #4 type] 
Type domain.User is not enhanced.

[2025-02-27 23:03:03 #5 type] 
Type domain.Passenger is not enhanced.

[2025-02-27 23:03:03 #6 type] 
Type domain.RideBooked is not enhanced.

------------------------------------------------------------------------------------------------------------------------

[2025-02-27 23:06:52 #1 store] 
Database 'C:\Users\jmaru\git\Rides24\src\main\resources\rides.temp' is opened by 9104@LAPTOP-40044FA4

[2025-02-27 23:06:52 #2 type] 
Type domain.Driver is not enhanced.

[2025-02-27 23:06:52 #3 type] 
Type domain.Ride is not enhanced.

[2025-02-27 23:06:52 #4 type] 
Type domain.User is not enhanced.

[2025-02-27 23:06:52 #5 type] 
Type domain.Passenger is not enhanced.

[2025-02-27 23:06:53 #6 type] 
Type domain.RideBooked is not enhanced.

------------------------------------------------------------------------------------------------------------------------

[2025-02-27 23:08:05 #1 store] 
Database 'C:\Users\jmaru\git\Rides24\src\main\resources\rides.temp' is opened by 6600@LAPTOP-40044FA4

[2025-02-27 23:08:06 #2 type] 
Type domain.Driver is not enhanced.

[2025-02-27 23:08:06 #3 type] 
Type domain.Ride is not enhanced.

[2025-02-27 23:08:06 #4 type] 
Type domain.User is not enhanced.

[2025-02-27 23:08:06 #5 type] 
Type domain.Passenger is not enhanced.

[2025-02-27 23:08:06 #6 type] 
Type domain.RideBooked is not enhanced.

------------------------------------------------------------------------------------------------------------------------

[2025-02-27 23:09:03 #1 store] 
Database 'C:\Users\jmaru\git\Rides24\src\main\resources\rides.temp' is opened by 3564@LAPTOP-40044FA4

[2025-02-27 23:09:03 #2 type] 
Type domain.Driver is not enhanced.

[2025-02-27 23:09:04 #3 type] 
Type domain.Ride is not enhanced.

[2025-02-27 23:09:04 #4 type] 
Type domain.User is not enhanced.

[2025-02-27 23:09:04 #5 type] 
Type domain.Passenger is not enhanced.

[2025-02-27 23:09:04 #6 type] 
Type domain.RideBooked is not enhanced.

