------------------------------------------------------------------------------------------------------------------------

[2025-05-18 11:45:24 #1 store] 
Database 'D:\ASIER\LANAK\Uni\2.Maila\SI\Proiektuak\Rides24_3_J\src\main\resources\rides.temp' is opened by 62448@DESKTOP-D7GP777

[2025-05-18 11:45:24 #2 type] 
Type domain.User is not enhanced.

[2025-05-18 11:45:24 #3 type] 
Type domain.Mugimenduak is not enhanced.

[2025-05-18 11:45:25 #4 type] 
Type domain.Driver is not enhanced.

[2025-05-18 11:45:25 #5 type] 
Type domain.Car is not enhanced.

[2025-05-18 11:45:25 #6 type] 
Type domain.Ride is not enhanced.

[2025-05-18 11:45:25 #7 type] 
Type domain.RideBooked is not enhanced.

[2025-05-18 11:45:25 #8 type] 
Type domain.Passenger is not enhanced.

[2025-05-18 11:45:25 #9 type] 
Type domain.Erreklamazioa is not enhanced.

[2025-05-18 11:45:25 #10 type] 
Type domain.Alerta is not enhanced.

------------------------------------------------------------------------------------------------------------------------

[2025-05-18 11:48:31 #1 store] 
Database 'D:\ASIER\LANAK\Uni\2.Maila\SI\Proiektuak\Rides24_3_J\src\main\resources\rides.temp' is opened by 57588@DESKTOP-D7GP777

[2025-05-18 11:48:31 #2 type] 
Type domain.User is not enhanced.

[2025-05-18 11:48:31 #3 type] 
Type domain.Mugimenduak is not enhanced.

[2025-05-18 11:48:31 #4 type] 
Type domain.Driver is not enhanced.

[2025-05-18 11:48:31 #5 type] 
Type domain.Car is not enhanced.

[2025-05-18 11:48:31 #6 type] 
Type domain.Ride is not enhanced.

[2025-05-18 11:48:31 #7 type] 
Type domain.RideBooked is not enhanced.

[2025-05-18 11:48:31 #8 type] 
Type domain.Passenger is not enhanced.

[2025-05-18 11:48:31 #9 type] 
Type domain.Erreklamazioa is not enhanced.

[2025-05-18 11:48:31 #10 type] 
Type domain.Alerta is not enhanced.

------------------------------------------------------------------------------------------------------------------------

[2025-05-18 11:49:40 #1 store] 
Database 'D:\ASIER\LANAK\Uni\2.Maila\SI\Proiektuak\Rides24_3_J\src\main\resources\rides.temp' is opened by 62300@DESKTOP-D7GP777

[2025-05-18 11:49:40 #2 type] 
Type domain.User is not enhanced.

[2025-05-18 11:49:40 #3 type] 
Type domain.Mugimenduak is not enhanced.

[2025-05-18 11:49:40 #4 type] 
Type domain.Driver is not enhanced.

[2025-05-18 11:49:40 #5 type] 
Type domain.Car is not enhanced.

[2025-05-18 11:49:40 #6 type] 
Type domain.Ride is not enhanced.

[2025-05-18 11:49:40 #7 type] 
Type domain.RideBooked is not enhanced.

[2025-05-18 11:49:40 #8 type] 
Type domain.Passenger is not enhanced.

[2025-05-18 11:49:40 #9 type] 
Type domain.Erreklamazioa is not enhanced.

[2025-05-18 11:49:40 #10 type] 
Type domain.Alerta is not enhanced.

------------------------------------------------------------------------------------------------------------------------

[2025-05-18 11:53:02 #1 store] 
Database 'D:\ASIER\LANAK\Uni\2.Maila\SI\Proiektuak\Rides24_3_J\src\main\resources\rides.temp' is opened by 60800@DESKTOP-D7GP777

[2025-05-18 11:53:02 #2 type] 
Type domain.User is not enhanced.

[2025-05-18 11:53:02 #3 type] 
Type domain.Mugimenduak is not enhanced.

[2025-05-18 11:53:02 #4 type] 
Type domain.Driver is not enhanced.

[2025-05-18 11:53:02 #5 type] 
Type domain.Car is not enhanced.

[2025-05-18 11:53:02 #6 type] 
Type domain.Ride is not enhanced.

[2025-05-18 11:53:02 #7 type] 
Type domain.RideBooked is not enhanced.

[2025-05-18 11:53:02 #8 type] 
Type domain.Passenger is not enhanced.

[2025-05-18 11:53:02 #9 type] 
Type domain.Erreklamazioa is not enhanced.

[2025-05-18 11:53:02 #10 type] 
Type domain.Alerta is not enhanced.

------------------------------------------------------------------------------------------------------------------------

[2025-05-18 12:02:58 #1 store] 
Database 'D:\ASIER\LANAK\Uni\2.Maila\SI\Proiektuak\Rides24_3_J\src\main\resources\rides.temp' is opened by 60420@DESKTOP-D7GP777

[2025-05-18 12:02:58 #2 type] 
Type domain.User is not enhanced.

[2025-05-18 12:02:58 #3 type] 
Type domain.Mugimenduak is not enhanced.

[2025-05-18 12:02:58 #4 type] 
Type domain.Driver is not enhanced.

[2025-05-18 12:02:58 #5 type] 
Type domain.Car is not enhanced.

[2025-05-18 12:02:58 #6 type] 
Type domain.Ride is not enhanced.

[2025-05-18 12:02:58 #7 type] 
Type domain.RideBooked is not enhanced.

[2025-05-18 12:02:58 #8 type] 
Type domain.Passenger is not enhanced.

[2025-05-18 12:02:58 #9 type] 
Type domain.Erreklamazioa is not enhanced.

[2025-05-18 12:02:58 #10 type] 
Type domain.Alerta is not enhanced.

------------------------------------------------------------------------------------------------------------------------

[2025-05-18 12:08:27 #1 store] 
Database 'D:\ASIER\LANAK\Uni\2.Maila\SI\Proiektuak\Rides24_3_J\src\main\resources\rides.temp' is opened by 60696@DESKTOP-D7GP777

[2025-05-18 12:08:27 #2 type] 
Type domain.User is not enhanced.

[2025-05-18 12:08:27 #3 type] 
Type domain.Mugimenduak is not enhanced.

[2025-05-18 12:08:27 #4 type] 
Type domain.Driver is not enhanced.

[2025-05-18 12:08:27 #5 type] 
Type domain.Car is not enhanced.

[2025-05-18 12:08:27 #6 type] 
Type domain.Ride is not enhanced.

[2025-05-18 12:08:27 #7 type] 
Type domain.RideBooked is not enhanced.

[2025-05-18 12:08:27 #8 type] 
Type domain.Passenger is not enhanced.

[2025-05-18 12:08:27 #9 type] 
Type domain.Erreklamazioa is not enhanced.

[2025-05-18 12:08:27 #10 type] 
Type domain.Alerta is not enhanced.

------------------------------------------------------------------------------------------------------------------------

[2025-05-18 12:15:15 #1 store] 
Database 'D:\ASIER\LANAK\Uni\2.Maila\SI\Proiektuak\Rides24_3_J\src\main\resources\rides.temp' is opened by 61884@DESKTOP-D7GP777

[2025-05-18 12:15:16 #2 type] 
Type domain.User is not enhanced.

[2025-05-18 12:15:16 #3 type] 
Type domain.Mugimenduak is not enhanced.

[2025-05-18 12:15:16 #4 type] 
Type domain.Driver is not enhanced.

[2025-05-18 12:15:16 #5 type] 
Type domain.Car is not enhanced.

[2025-05-18 12:15:16 #6 type] 
Type domain.Ride is not enhanced.

[2025-05-18 12:15:16 #7 type] 
Type domain.RideBooked is not enhanced.

[2025-05-18 12:15:16 #8 type] 
Type domain.Passenger is not enhanced.

[2025-05-18 12:15:16 #9 type] 
Type domain.Erreklamazioa is not enhanced.

[2025-05-18 12:15:16 #10 type] 
Type domain.Alerta is not enhanced.

------------------------------------------------------------------------------------------------------------------------

[2025-05-18 12:53:17 #1 store] 
Database 'D:\ASIER\LANAK\Uni\2.Maila\SI\Proiektuak\Rides24_3_J\src\main\resources\rides.temp' is opened by 59912@DESKTOP-D7GP777

[2025-05-18 12:53:17 #2 type] 
Type domain.User is not enhanced.

[2025-05-18 12:53:17 #3 type] 
Type domain.Mugimenduak is not enhanced.

[2025-05-18 12:53:17 #4 type] 
Type domain.Driver is not enhanced.

[2025-05-18 12:53:17 #5 type] 
Type domain.Car is not enhanced.

[2025-05-18 12:53:17 #6 type] 
Type domain.Ride is not enhanced.

[2025-05-18 12:53:17 #7 type] 
Type domain.RideBooked is not enhanced.

[2025-05-18 12:53:17 #8 type] 
Type domain.Passenger is not enhanced.

[2025-05-18 12:53:17 #9 type] 
Type domain.Erreklamazioa is not enhanced.

[2025-05-18 12:53:17 #10 type] 
Type domain.Alerta is not enhanced.

------------------------------------------------------------------------------------------------------------------------

[2025-05-18 12:53:29 #1 store] 
Database 'D:\ASIER\LANAK\Uni\2.Maila\SI\Proiektuak\Rides24_3_J\src\main\resources\rides.temp' is opened by 59844@DESKTOP-D7GP777

[2025-05-18 12:53:29 #2 type] 
Type domain.User is not enhanced.

[2025-05-18 12:53:29 #3 type] 
Type domain.Mugimenduak is not enhanced.

[2025-05-18 12:53:29 #4 type] 
Type domain.Driver is not enhanced.

[2025-05-18 12:53:29 #5 type] 
Type domain.Car is not enhanced.

[2025-05-18 12:53:29 #6 type] 
Type domain.Ride is not enhanced.

[2025-05-18 12:53:29 #7 type] 
Type domain.RideBooked is not enhanced.

[2025-05-18 12:53:29 #8 type] 
Type domain.Passenger is not enhanced.

[2025-05-18 12:53:29 #9 type] 
Type domain.Erreklamazioa is not enhanced.

[2025-05-18 12:53:29 #10 type] 
Type domain.Alerta is not enhanced.

------------------------------------------------------------------------------------------------------------------------

[2025-05-18 13:04:37 #1 store] 
Database 'D:\ASIER\LANAK\Uni\2.Maila\SI\Proiektuak\Rides24_3_J\src\main\resources\rides.temp' is opened by 62560@DESKTOP-D7GP777

[2025-05-18 13:04:37 #2 type] 
Type domain.User is not enhanced.

[2025-05-18 13:04:37 #3 type] 
Type domain.Mugimenduak is not enhanced.

[2025-05-18 13:04:37 #4 type] 
Type domain.Driver is not enhanced.

[2025-05-18 13:04:37 #5 type] 
Type domain.Car is not enhanced.

[2025-05-18 13:04:37 #6 type] 
Type domain.Ride is not enhanced.

[2025-05-18 13:04:37 #7 type] 
Type domain.RideBooked is not enhanced.

[2025-05-18 13:04:37 #8 type] 
Type domain.Passenger is not enhanced.

[2025-05-18 13:04:37 #9 type] 
Type domain.Erreklamazioa is not enhanced.

[2025-05-18 13:04:37 #10 type] 
Type domain.Alerta is not enhanced.

------------------------------------------------------------------------------------------------------------------------

[2025-05-18 13:08:21 #1 store] 
Database 'D:\ASIER\LANAK\Uni\2.Maila\SI\Proiektuak\Rides24_3_J\src\main\resources\rides.temp' is opened by 62640@DESKTOP-D7GP777

[2025-05-18 13:08:21 #2 type] 
Type domain.User is not enhanced.

[2025-05-18 13:08:21 #3 type] 
Type domain.Mugimenduak is not enhanced.

[2025-05-18 13:08:21 #4 type] 
Type domain.Driver is not enhanced.

[2025-05-18 13:08:21 #5 type] 
Type domain.Car is not enhanced.

[2025-05-18 13:08:21 #6 type] 
Type domain.Ride is not enhanced.

[2025-05-18 13:08:21 #7 type] 
Type domain.RideBooked is not enhanced.

[2025-05-18 13:08:21 #8 type] 
Type domain.Passenger is not enhanced.

[2025-05-18 13:08:21 #9 type] 
Type domain.Erreklamazioa is not enhanced.

[2025-05-18 13:08:21 #10 type] 
Type domain.Alerta is not enhanced.

------------------------------------------------------------------------------------------------------------------------

[2025-05-18 13:08:39 #1 store] 
Database 'D:\ASIER\LANAK\Uni\2.Maila\SI\Proiektuak\Rides24_3_J\src\main\resources\rides.temp' is opened by 60556@DESKTOP-D7GP777

[2025-05-18 13:08:39 #2 type] 
Type domain.User is not enhanced.

[2025-05-18 13:08:39 #3 type] 
Type domain.Mugimenduak is not enhanced.

[2025-05-18 13:08:39 #4 type] 
Type domain.Driver is not enhanced.

[2025-05-18 13:08:39 #5 type] 
Type domain.Car is not enhanced.

[2025-05-18 13:08:39 #6 type] 
Type domain.Ride is not enhanced.

[2025-05-18 13:08:39 #7 type] 
Type domain.RideBooked is not enhanced.

[2025-05-18 13:08:39 #8 type] 
Type domain.Passenger is not enhanced.

[2025-05-18 13:08:39 #9 type] 
Type domain.Erreklamazioa is not enhanced.

[2025-05-18 13:08:39 #10 type] 
Type domain.Alerta is not enhanced.

------------------------------------------------------------------------------------------------------------------------

[2025-05-18 13:15:42 #1 store] 
Database 'D:\ASIER\LANAK\Uni\2.Maila\SI\Proiektuak\Rides24_3_J\src\main\resources\rides.temp' is opened by 65480@DESKTOP-D7GP777

[2025-05-18 13:15:42 #2 type] 
Type domain.User is not enhanced.

[2025-05-18 13:15:42 #3 type] 
Type domain.Mugimenduak is not enhanced.

[2025-05-18 13:15:42 #4 type] 
Type domain.Driver is not enhanced.

[2025-05-18 13:15:42 #5 type] 
Type domain.Car is not enhanced.

[2025-05-18 13:15:42 #6 type] 
Type domain.Ride is not enhanced.

[2025-05-18 13:15:42 #7 type] 
Type domain.RideBooked is not enhanced.

[2025-05-18 13:15:42 #8 type] 
Type domain.Passenger is not enhanced.

[2025-05-18 13:15:42 #9 type] 
Type domain.Erreklamazioa is not enhanced.

[2025-05-18 13:15:42 #10 type] 
Type domain.Alerta is not enhanced.

------------------------------------------------------------------------------------------------------------------------

[2025-05-18 13:16:13 #1 store] 
Database 'D:\ASIER\LANAK\Uni\2.Maila\SI\Proiektuak\Rides24_3_J\src\main\resources\rides.temp' has been recovered (tr. 193-203)

[2025-05-18 13:16:13 #2 store] 
Database 'D:\ASIER\LANAK\Uni\2.Maila\SI\Proiektuak\Rides24_3_J\src\main\resources\rides.temp' is opened by 56412@DESKTOP-D7GP777

[2025-05-18 13:16:13 #3 type] 
Type domain.User is not enhanced.

[2025-05-18 13:16:13 #4 type] 
Type domain.Mugimenduak is not enhanced.

[2025-05-18 13:16:13 #5 type] 
Type domain.Driver is not enhanced.

[2025-05-18 13:16:13 #6 type] 
Type domain.Car is not enhanced.

[2025-05-18 13:16:13 #7 type] 
Type domain.Ride is not enhanced.

[2025-05-18 13:16:13 #8 type] 
Type domain.RideBooked is not enhanced.

[2025-05-18 13:16:13 #9 type] 
Type domain.Passenger is not enhanced.

[2025-05-18 13:16:13 #10 type] 
Type domain.Erreklamazioa is not enhanced.

[2025-05-18 13:16:13 #11 type] 
Type domain.Alerta is not enhanced.

------------------------------------------------------------------------------------------------------------------------

[2025-05-18 13:21:17 #1 store] 
Database 'D:\ASIER\LANAK\Uni\2.Maila\SI\Proiektuak\Rides24_3_J\src\main\resources\rides.temp' is opened by 53488@DESKTOP-D7GP777

[2025-05-18 13:21:17 #2 type] 
Type domain.User is not enhanced.

[2025-05-18 13:21:17 #3 type] 
Type domain.Mugimenduak is not enhanced.

[2025-05-18 13:21:17 #4 type] 
Type domain.Driver is not enhanced.

[2025-05-18 13:21:17 #5 type] 
Type domain.Car is not enhanced.

[2025-05-18 13:21:17 #6 type] 
Type domain.Ride is not enhanced.

[2025-05-18 13:21:17 #7 type] 
Type domain.RideBooked is not enhanced.

[2025-05-18 13:21:17 #8 type] 
Type domain.Passenger is not enhanced.

[2025-05-18 13:21:17 #9 type] 
Type domain.Erreklamazioa is not enhanced.

[2025-05-18 13:21:17 #10 type] 
Type domain.Alerta is not enhanced.

------------------------------------------------------------------------------------------------------------------------

[2025-05-18 13:21:56 #1 store] 
Database 'D:\ASIER\LANAK\Uni\2.Maila\SI\Proiektuak\Rides24_3_J\src\main\resources\rides.temp' is opened by 61256@DESKTOP-D7GP777

[2025-05-18 13:21:57 #2 type] 
Type domain.User is not enhanced.

[2025-05-18 13:21:57 #3 type] 
Type domain.Mugimenduak is not enhanced.

[2025-05-18 13:21:57 #4 type] 
Type domain.Driver is not enhanced.

[2025-05-18 13:21:57 #5 type] 
Type domain.Car is not enhanced.

[2025-05-18 13:21:57 #6 type] 
Type domain.Ride is not enhanced.

[2025-05-18 13:21:57 #7 type] 
Type domain.RideBooked is not enhanced.

[2025-05-18 13:21:57 #8 type] 
Type domain.Passenger is not enhanced.

[2025-05-18 13:21:57 #9 type] 
Type domain.Erreklamazioa is not enhanced.

[2025-05-18 13:21:57 #10 type] 
Type domain.Alerta is not enhanced.

------------------------------------------------------------------------------------------------------------------------

[2025-05-18 13:23:02 #1 store] 
Database 'D:\ASIER\LANAK\Uni\2.Maila\SI\Proiektuak\Rides24_3_J\src\main\resources\rides.temp' is opened by 63820@DESKTOP-D7GP777

[2025-05-18 13:23:02 #2 type] 
Type domain.User is not enhanced.

[2025-05-18 13:23:02 #3 type] 
Type domain.Mugimenduak is not enhanced.

[2025-05-18 13:23:02 #4 type] 
Type domain.Driver is not enhanced.

[2025-05-18 13:23:02 #5 type] 
Type domain.Car is not enhanced.

[2025-05-18 13:23:02 #6 type] 
Type domain.Ride is not enhanced.

[2025-05-18 13:23:02 #7 type] 
Type domain.RideBooked is not enhanced.

[2025-05-18 13:23:02 #8 type] 
Type domain.Passenger is not enhanced.

[2025-05-18 13:23:02 #9 type] 
Type domain.Erreklamazioa is not enhanced.

[2025-05-18 13:23:02 #10 type] 
Type domain.Alerta is not enhanced.

------------------------------------------------------------------------------------------------------------------------

[2025-05-18 13:23:24 #1 store] 
Database 'D:\ASIER\LANAK\Uni\2.Maila\SI\Proiektuak\Rides24_3_J\src\main\resources\rides.temp' is opened by 64820@DESKTOP-D7GP777

[2025-05-18 13:23:24 #2 type] 
Type domain.User is not enhanced.

[2025-05-18 13:23:24 #3 type] 
Type domain.Mugimenduak is not enhanced.

[2025-05-18 13:23:24 #4 type] 
Type domain.Driver is not enhanced.

[2025-05-18 13:23:24 #5 type] 
Type domain.Car is not enhanced.

[2025-05-18 13:23:24 #6 type] 
Type domain.Ride is not enhanced.

[2025-05-18 13:23:24 #7 type] 
Type domain.RideBooked is not enhanced.

[2025-05-18 13:23:24 #8 type] 
Type domain.Passenger is not enhanced.

[2025-05-18 13:23:24 #9 type] 
Type domain.Erreklamazioa is not enhanced.

[2025-05-18 13:23:24 #10 type] 
Type domain.Alerta is not enhanced.

------------------------------------------------------------------------------------------------------------------------

[2025-05-18 13:23:45 #1 store] 
Database 'D:\ASIER\LANAK\Uni\2.Maila\SI\Proiektuak\Rides24_3_J\src\main\resources\rides.temp' is opened by 64364@DESKTOP-D7GP777

[2025-05-18 13:23:45 #2 type] 
Type domain.User is not enhanced.

[2025-05-18 13:23:45 #3 type] 
Type domain.Mugimenduak is not enhanced.

[2025-05-18 13:23:45 #4 type] 
Type domain.Driver is not enhanced.

[2025-05-18 13:23:45 #5 type] 
Type domain.Car is not enhanced.

[2025-05-18 13:23:45 #6 type] 
Type domain.Ride is not enhanced.

[2025-05-18 13:23:45 #7 type] 
Type domain.RideBooked is not enhanced.

[2025-05-18 13:23:45 #8 type] 
Type domain.Passenger is not enhanced.

[2025-05-18 13:23:45 #9 type] 
Type domain.Erreklamazioa is not enhanced.

[2025-05-18 13:23:45 #10 type] 
Type domain.Alerta is not enhanced.

------------------------------------------------------------------------------------------------------------------------

[2025-05-18 13:24:25 #1 store] 
Database 'D:\ASIER\LANAK\Uni\2.Maila\SI\Proiektuak\Rides24_3_J\src\main\resources\rides.temp' is opened by 61164@DESKTOP-D7GP777

[2025-05-18 13:24:25 #2 type] 
Type domain.User is not enhanced.

[2025-05-18 13:24:25 #3 type] 
Type domain.Mugimenduak is not enhanced.

[2025-05-18 13:24:25 #4 type] 
Type domain.Driver is not enhanced.

[2025-05-18 13:24:25 #5 type] 
Type domain.Car is not enhanced.

[2025-05-18 13:24:25 #6 type] 
Type domain.Ride is not enhanced.

[2025-05-18 13:24:25 #7 type] 
Type domain.RideBooked is not enhanced.

[2025-05-18 13:24:25 #8 type] 
Type domain.Passenger is not enhanced.

[2025-05-18 13:24:25 #9 type] 
Type domain.Erreklamazioa is not enhanced.

[2025-05-18 13:24:25 #10 type] 
Type domain.Alerta is not enhanced.

------------------------------------------------------------------------------------------------------------------------

[2025-05-18 13:24:36 #1 store] 
Database 'D:\ASIER\LANAK\Uni\2.Maila\SI\Proiektuak\Rides24_3_J\src\main\resources\rides.temp' is opened by 14732@DESKTOP-D7GP777

[2025-05-18 13:24:36 #2 type] 
Type domain.User is not enhanced.

[2025-05-18 13:24:36 #3 type] 
Type domain.Mugimenduak is not enhanced.

[2025-05-18 13:24:36 #4 type] 
Type domain.Driver is not enhanced.

[2025-05-18 13:24:36 #5 type] 
Type domain.Car is not enhanced.

[2025-05-18 13:24:36 #6 type] 
Type domain.Ride is not enhanced.

[2025-05-18 13:24:36 #7 type] 
Type domain.RideBooked is not enhanced.

[2025-05-18 13:24:36 #8 type] 
Type domain.Passenger is not enhanced.

[2025-05-18 13:24:36 #9 type] 
Type domain.Erreklamazioa is not enhanced.

[2025-05-18 13:24:36 #10 type] 
Type domain.Alerta is not enhanced.

------------------------------------------------------------------------------------------------------------------------

[2025-05-18 13:29:00 #1 store] 
Database 'D:\ASIER\LANAK\Uni\2.Maila\SI\Proiektuak\Rides24_3_J\src\main\resources\rides.temp' is opened by 65048@DESKTOP-D7GP777

[2025-05-18 13:29:00 #2 type] 
Type domain.User is not enhanced.

[2025-05-18 13:29:00 #3 type] 
Type domain.Mugimenduak is not enhanced.

[2025-05-18 13:29:00 #4 type] 
Type domain.Driver is not enhanced.

[2025-05-18 13:29:00 #5 type] 
Type domain.Car is not enhanced.

[2025-05-18 13:29:00 #6 type] 
Type domain.Ride is not enhanced.

[2025-05-18 13:29:00 #7 type] 
Type domain.RideBooked is not enhanced.

[2025-05-18 13:29:00 #8 type] 
Type domain.Passenger is not enhanced.

[2025-05-18 13:29:00 #9 type] 
Type domain.Erreklamazioa is not enhanced.

[2025-05-18 13:29:00 #10 type] 
Type domain.Alerta is not enhanced.

------------------------------------------------------------------------------------------------------------------------

[2025-05-18 13:29:21 #1 store] 
Database 'D:\ASIER\LANAK\Uni\2.Maila\SI\Proiektuak\Rides24_3_J\src\main\resources\rides.temp' is opened by 60700@DESKTOP-D7GP777

[2025-05-18 13:29:21 #2 type] 
Type domain.User is not enhanced.

[2025-05-18 13:29:21 #3 type] 
Type domain.Mugimenduak is not enhanced.

[2025-05-18 13:29:21 #4 type] 
Type domain.Driver is not enhanced.

[2025-05-18 13:29:21 #5 type] 
Type domain.Car is not enhanced.

[2025-05-18 13:29:21 #6 type] 
Type domain.Ride is not enhanced.

[2025-05-18 13:29:21 #7 type] 
Type domain.RideBooked is not enhanced.

[2025-05-18 13:29:21 #8 type] 
Type domain.Passenger is not enhanced.

[2025-05-18 13:29:21 #9 type] 
Type domain.Erreklamazioa is not enhanced.

[2025-05-18 13:29:21 #10 type] 
Type domain.Alerta is not enhanced.

------------------------------------------------------------------------------------------------------------------------

[2025-05-18 13:30:47 #1 store] 
Database 'D:\ASIER\LANAK\Uni\2.Maila\SI\Proiektuak\Rides24_3_J\src\main\resources\rides.temp' is opened by 64012@DESKTOP-D7GP777

[2025-05-18 13:30:47 #2 type] 
Type domain.User is not enhanced.

[2025-05-18 13:30:47 #3 type] 
Type domain.Mugimenduak is not enhanced.

[2025-05-18 13:30:47 #4 type] 
Type domain.Driver is not enhanced.

[2025-05-18 13:30:47 #5 type] 
Type domain.Car is not enhanced.

[2025-05-18 13:30:47 #6 type] 
Type domain.Ride is not enhanced.

[2025-05-18 13:30:47 #7 type] 
Type domain.RideBooked is not enhanced.

[2025-05-18 13:30:47 #8 type] 
Type domain.Passenger is not enhanced.

[2025-05-18 13:30:47 #9 type] 
Type domain.Erreklamazioa is not enhanced.

[2025-05-18 13:30:47 #10 type] 
Type domain.Alerta is not enhanced.

------------------------------------------------------------------------------------------------------------------------

[2025-05-18 13:32:07 #1 store] 
Database 'D:\ASIER\LANAK\Uni\2.Maila\SI\Proiektuak\Rides24_3_J\src\main\resources\rides.temp' is opened by 64616@DESKTOP-D7GP777

[2025-05-18 13:32:07 #2 type] 
Type domain.User is not enhanced.

[2025-05-18 13:32:07 #3 type] 
Type domain.Mugimenduak is not enhanced.

[2025-05-18 13:32:07 #4 type] 
Type domain.Driver is not enhanced.

[2025-05-18 13:32:07 #5 type] 
Type domain.Car is not enhanced.

[2025-05-18 13:32:07 #6 type] 
Type domain.Ride is not enhanced.

[2025-05-18 13:32:07 #7 type] 
Type domain.RideBooked is not enhanced.

[2025-05-18 13:32:07 #8 type] 
Type domain.Passenger is not enhanced.

[2025-05-18 13:32:07 #9 type] 
Type domain.Erreklamazioa is not enhanced.

[2025-05-18 13:32:07 #10 type] 
Type domain.Alerta is not enhanced.

------------------------------------------------------------------------------------------------------------------------

[2025-05-18 13:32:55 #1 store] 
Database 'D:\ASIER\LANAK\Uni\2.Maila\SI\Proiektuak\Rides24_3_J\src\main\resources\rides.temp' is opened by 62548@DESKTOP-D7GP777

[2025-05-18 13:32:55 #2 type] 
Type domain.User is not enhanced.

[2025-05-18 13:32:55 #3 type] 
Type domain.Mugimenduak is not enhanced.

[2025-05-18 13:32:55 #4 type] 
Type domain.Driver is not enhanced.

[2025-05-18 13:32:55 #5 type] 
Type domain.Car is not enhanced.

[2025-05-18 13:32:55 #6 type] 
Type domain.Ride is not enhanced.

[2025-05-18 13:32:55 #7 type] 
Type domain.RideBooked is not enhanced.

[2025-05-18 13:32:55 #8 type] 
Type domain.Passenger is not enhanced.

[2025-05-18 13:32:55 #9 type] 
Type domain.Erreklamazioa is not enhanced.

[2025-05-18 13:32:55 #10 type] 
Type domain.Alerta is not enhanced.

------------------------------------------------------------------------------------------------------------------------

[2025-05-18 13:35:52 #1 store] 
Database 'D:\ASIER\LANAK\Uni\2.Maila\SI\Proiektuak\Rides24_3_J\src\main\resources\rides.temp' is opened by 63552@DESKTOP-D7GP777

[2025-05-18 13:35:52 #2 type] 
Type domain.User is not enhanced.

[2025-05-18 13:35:52 #3 type] 
Type domain.Mugimenduak is not enhanced.

[2025-05-18 13:35:52 #4 type] 
Type domain.Driver is not enhanced.

[2025-05-18 13:35:52 #5 type] 
Type domain.Car is not enhanced.

[2025-05-18 13:35:52 #6 type] 
Type domain.Ride is not enhanced.

[2025-05-18 13:35:52 #7 type] 
Type domain.RideBooked is not enhanced.

[2025-05-18 13:35:52 #8 type] 
Type domain.Passenger is not enhanced.

[2025-05-18 13:35:52 #9 type] 
Type domain.Erreklamazioa is not enhanced.

[2025-05-18 13:35:52 #10 type] 
Type domain.Alerta is not enhanced.

------------------------------------------------------------------------------------------------------------------------

[2025-05-18 13:36:18 #1 store] 
Database 'D:\ASIER\LANAK\Uni\2.Maila\SI\Proiektuak\Rides24_3_J\src\main\resources\rides.temp' is opened by 63060@DESKTOP-D7GP777

[2025-05-18 13:36:18 #2 type] 
Type domain.User is not enhanced.

[2025-05-18 13:36:18 #3 type] 
Type domain.Mugimenduak is not enhanced.

[2025-05-18 13:36:18 #4 type] 
Type domain.Driver is not enhanced.

[2025-05-18 13:36:18 #5 type] 
Type domain.Car is not enhanced.

[2025-05-18 13:36:18 #6 type] 
Type domain.Ride is not enhanced.

[2025-05-18 13:36:18 #7 type] 
Type domain.RideBooked is not enhanced.

[2025-05-18 13:36:18 #8 type] 
Type domain.Passenger is not enhanced.

[2025-05-18 13:36:18 #9 type] 
Type domain.Erreklamazioa is not enhanced.

[2025-05-18 13:36:18 #10 type] 
Type domain.Alerta is not enhanced.

------------------------------------------------------------------------------------------------------------------------

[2025-05-18 13:36:25 #1 store] 
Database 'D:\ASIER\LANAK\Uni\2.Maila\SI\Proiektuak\Rides24_3_J\src\main\resources\rides.temp' has been recovered (tr. 205-205)

[2025-05-18 13:36:25 #2 store] 
Database 'D:\ASIER\LANAK\Uni\2.Maila\SI\Proiektuak\Rides24_3_J\src\main\resources\rides.temp' is opened by 63036@DESKTOP-D7GP777

[2025-05-18 13:36:25 #3 type] 
Type domain.User is not enhanced.

[2025-05-18 13:36:25 #4 type] 
Type domain.Mugimenduak is not enhanced.

[2025-05-18 13:36:25 #5 type] 
Type domain.Driver is not enhanced.

[2025-05-18 13:36:25 #6 type] 
Type domain.Car is not enhanced.

[2025-05-18 13:36:25 #7 type] 
Type domain.Ride is not enhanced.

[2025-05-18 13:36:25 #8 type] 
Type domain.RideBooked is not enhanced.

[2025-05-18 13:36:25 #9 type] 
Type domain.Passenger is not enhanced.

[2025-05-18 13:36:25 #10 type] 
Type domain.Erreklamazioa is not enhanced.

[2025-05-18 13:36:25 #11 type] 
Type domain.Alerta is not enhanced.

------------------------------------------------------------------------------------------------------------------------

[2025-05-18 13:37:31 #1 store] 
Database 'D:\ASIER\LANAK\Uni\2.Maila\SI\Proiektuak\Rides24_3_J\src\main\resources\rides.temp' is opened by 63040@DESKTOP-D7GP777

[2025-05-18 13:37:31 #2 type] 
Type domain.User is not enhanced.

[2025-05-18 13:37:31 #3 type] 
Type domain.Mugimenduak is not enhanced.

[2025-05-18 13:37:31 #4 type] 
Type domain.Driver is not enhanced.

[2025-05-18 13:37:31 #5 type] 
Type domain.Car is not enhanced.

[2025-05-18 13:37:31 #6 type] 
Type domain.Ride is not enhanced.

[2025-05-18 13:37:31 #7 type] 
Type domain.RideBooked is not enhanced.

[2025-05-18 13:37:31 #8 type] 
Type domain.Passenger is not enhanced.

[2025-05-18 13:37:31 #9 type] 
Type domain.Erreklamazioa is not enhanced.

[2025-05-18 13:37:31 #10 type] 
Type domain.Alerta is not enhanced.

------------------------------------------------------------------------------------------------------------------------

[2025-05-18 13:41:19 #1 store] 
Database 'D:\ASIER\LANAK\Uni\2.Maila\SI\Proiektuak\Rides24_3_J\src\main\resources\rides.temp' is opened by 64372@DESKTOP-D7GP777

[2025-05-18 13:41:19 #2 type] 
Type domain.User is not enhanced.

[2025-05-18 13:41:19 #3 type] 
Type domain.Mugimenduak is not enhanced.

[2025-05-18 13:41:19 #4 type] 
Type domain.Driver is not enhanced.

[2025-05-18 13:41:19 #5 type] 
Type domain.Car is not enhanced.

[2025-05-18 13:41:19 #6 type] 
Type domain.Ride is not enhanced.

[2025-05-18 13:41:19 #7 type] 
Type domain.RideBooked is not enhanced.

[2025-05-18 13:41:19 #8 type] 
Type domain.Passenger is not enhanced.

[2025-05-18 13:41:19 #9 type] 
Type domain.Erreklamazioa is not enhanced.

[2025-05-18 13:41:19 #10 type] 
Type domain.Alerta is not enhanced.

------------------------------------------------------------------------------------------------------------------------

[2025-05-18 13:41:53 #1 store] 
Database 'D:\ASIER\LANAK\Uni\2.Maila\SI\Proiektuak\Rides24_3_J\src\main\resources\rides.temp' is opened by 60960@DESKTOP-D7GP777

[2025-05-18 13:41:53 #2 type] 
Type domain.User is not enhanced.

[2025-05-18 13:41:53 #3 type] 
Type domain.Mugimenduak is not enhanced.

[2025-05-18 13:41:53 #4 type] 
Type domain.Driver is not enhanced.

[2025-05-18 13:41:53 #5 type] 
Type domain.Car is not enhanced.

[2025-05-18 13:41:53 #6 type] 
Type domain.Ride is not enhanced.

[2025-05-18 13:41:53 #7 type] 
Type domain.RideBooked is not enhanced.

[2025-05-18 13:41:53 #8 type] 
Type domain.Passenger is not enhanced.

[2025-05-18 13:41:53 #9 type] 
Type domain.Erreklamazioa is not enhanced.

[2025-05-18 13:41:53 #10 type] 
Type domain.Alerta is not enhanced.

------------------------------------------------------------------------------------------------------------------------

[2025-05-18 13:42:01 #1 store] 
Database 'D:\ASIER\LANAK\Uni\2.Maila\SI\Proiektuak\Rides24_3_J\src\main\resources\rides.temp' is opened by 61188@DESKTOP-D7GP777

[2025-05-18 13:42:01 #2 type] 
Type domain.User is not enhanced.

[2025-05-18 13:42:01 #3 type] 
Type domain.Mugimenduak is not enhanced.

[2025-05-18 13:42:01 #4 type] 
Type domain.Driver is not enhanced.

[2025-05-18 13:42:01 #5 type] 
Type domain.Car is not enhanced.

[2025-05-18 13:42:01 #6 type] 
Type domain.Ride is not enhanced.

[2025-05-18 13:42:01 #7 type] 
Type domain.RideBooked is not enhanced.

[2025-05-18 13:42:01 #8 type] 
Type domain.Passenger is not enhanced.

[2025-05-18 13:42:01 #9 type] 
Type domain.Erreklamazioa is not enhanced.

[2025-05-18 13:42:01 #10 type] 
Type domain.Alerta is not enhanced.

------------------------------------------------------------------------------------------------------------------------

[2025-05-18 13:42:24 #1 store] 
Database 'D:\ASIER\LANAK\Uni\2.Maila\SI\Proiektuak\Rides24_3_J\src\main\resources\rides.temp' is opened by 64384@DESKTOP-D7GP777

[2025-05-18 13:42:24 #2 type] 
Type domain.User is not enhanced.

[2025-05-18 13:42:24 #3 type] 
Type domain.Mugimenduak is not enhanced.

[2025-05-18 13:42:24 #4 type] 
Type domain.Driver is not enhanced.

[2025-05-18 13:42:24 #5 type] 
Type domain.Car is not enhanced.

[2025-05-18 13:42:24 #6 type] 
Type domain.Ride is not enhanced.

[2025-05-18 13:42:24 #7 type] 
Type domain.RideBooked is not enhanced.

[2025-05-18 13:42:24 #8 type] 
Type domain.Passenger is not enhanced.

[2025-05-18 13:42:24 #9 type] 
Type domain.Erreklamazioa is not enhanced.

[2025-05-18 13:42:24 #10 type] 
Type domain.Alerta is not enhanced.

------------------------------------------------------------------------------------------------------------------------

[2025-05-18 13:42:31 #1 store] 
Database 'D:\ASIER\LANAK\Uni\2.Maila\SI\Proiektuak\Rides24_3_J\src\main\resources\rides.temp' has been recovered (tr. 211-211)

[2025-05-18 13:42:31 #2 store] 
Database 'D:\ASIER\LANAK\Uni\2.Maila\SI\Proiektuak\Rides24_3_J\src\main\resources\rides.temp' is opened by 36688@DESKTOP-D7GP777

[2025-05-18 13:42:31 #3 type] 
Type domain.User is not enhanced.

[2025-05-18 13:42:31 #4 type] 
Type domain.Mugimenduak is not enhanced.

[2025-05-18 13:42:31 #5 type] 
Type domain.Driver is not enhanced.

[2025-05-18 13:42:31 #6 type] 
Type domain.Car is not enhanced.

[2025-05-18 13:42:31 #7 type] 
Type domain.Ride is not enhanced.

[2025-05-18 13:42:31 #8 type] 
Type domain.RideBooked is not enhanced.

[2025-05-18 13:42:31 #9 type] 
Type domain.Passenger is not enhanced.

[2025-05-18 13:42:31 #10 type] 
Type domain.Erreklamazioa is not enhanced.

[2025-05-18 13:42:31 #11 type] 
Type domain.Alerta is not enhanced.

------------------------------------------------------------------------------------------------------------------------

[2025-05-18 13:42:54 #1 store] 
Database 'D:\ASIER\LANAK\Uni\2.Maila\SI\Proiektuak\Rides24_3_J\src\main\resources\rides.temp' is opened by 2020@DESKTOP-D7GP777

[2025-05-18 13:42:54 #2 type] 
Type domain.User is not enhanced.

[2025-05-18 13:42:54 #3 type] 
Type domain.Mugimenduak is not enhanced.

[2025-05-18 13:42:54 #4 type] 
Type domain.Driver is not enhanced.

[2025-05-18 13:42:54 #5 type] 
Type domain.Car is not enhanced.

[2025-05-18 13:42:54 #6 type] 
Type domain.Ride is not enhanced.

[2025-05-18 13:42:54 #7 type] 
Type domain.RideBooked is not enhanced.

[2025-05-18 13:42:54 #8 type] 
Type domain.Passenger is not enhanced.

[2025-05-18 13:42:54 #9 type] 
Type domain.Erreklamazioa is not enhanced.

[2025-05-18 13:42:54 #10 type] 
Type domain.Alerta is not enhanced.

------------------------------------------------------------------------------------------------------------------------

[2025-05-18 14:35:07 #1 store] 
Database 'D:\ASIER\LANAK\Uni\2.Maila\SI\Proiektuak\Rides24_3_J\src\main\resources\rides.temp' has been recovered (tr. 215-215)

[2025-05-18 14:35:07 #2 store] 
Database 'D:\ASIER\LANAK\Uni\2.Maila\SI\Proiektuak\Rides24_3_J\src\main\resources\rides.temp' is opened by 61408@DESKTOP-D7GP777

[2025-05-18 14:35:07 #3 type] 
Type domain.User is not enhanced.

[2025-05-18 14:35:07 #4 type] 
Type domain.Mugimenduak is not enhanced.

[2025-05-18 14:35:07 #5 type] 
Type domain.Driver is not enhanced.

[2025-05-18 14:35:07 #6 type] 
Type domain.Car is not enhanced.

[2025-05-18 14:35:07 #7 type] 
Type domain.Ride is not enhanced.

[2025-05-18 14:35:07 #8 type] 
Type domain.RideBooked is not enhanced.

[2025-05-18 14:35:07 #9 type] 
Type domain.Passenger is not enhanced.

[2025-05-18 14:35:07 #10 type] 
Type domain.Erreklamazioa is not enhanced.

[2025-05-18 14:35:07 #11 type] 
Type domain.Alerta is not enhanced.

------------------------------------------------------------------------------------------------------------------------

[2025-05-18 14:56:59 #1 store] 
Database 'D:\ASIER\LANAK\Uni\2.Maila\SI\Proiektuak\Rides24_3_J\src\main\resources\rides.temp' has been recovered (tr. 216-218)

[2025-05-18 14:56:59 #2 store] 
Database 'D:\ASIER\LANAK\Uni\2.Maila\SI\Proiektuak\Rides24_3_J\src\main\resources\rides.temp' is opened by 66436@DESKTOP-D7GP777

[2025-05-18 14:57:00 #3 type] 
Type domain.User is not enhanced.

[2025-05-18 14:57:00 #4 type] 
Type domain.Mugimenduak is not enhanced.

[2025-05-18 14:57:00 #5 type] 
Type domain.Driver is not enhanced.

[2025-05-18 14:57:00 #6 type] 
Type domain.Car is not enhanced.

[2025-05-18 14:57:00 #7 type] 
Type domain.Ride is not enhanced.

[2025-05-18 14:57:00 #8 type] 
Type domain.RideBooked is not enhanced.

[2025-05-18 14:57:00 #9 type] 
Type domain.Passenger is not enhanced.

[2025-05-18 14:57:00 #10 type] 
Type domain.Erreklamazioa is not enhanced.

[2025-05-18 14:57:00 #11 type] 
Type domain.Alerta is not enhanced.

------------------------------------------------------------------------------------------------------------------------

[2025-05-18 14:59:57 #1 store] 
Database 'D:\ASIER\LANAK\Uni\2.Maila\SI\Proiektuak\Rides24_3_J\src\main\resources\rides.temp' is opened by 64136@DESKTOP-D7GP777

[2025-05-18 14:59:57 #2 type] 
Type domain.User is not enhanced.

[2025-05-18 14:59:57 #3 type] 
Type domain.Mugimenduak is not enhanced.

[2025-05-18 14:59:57 #4 type] 
Type domain.Driver is not enhanced.

[2025-05-18 14:59:57 #5 type] 
Type domain.Car is not enhanced.

[2025-05-18 14:59:57 #6 type] 
Type domain.Ride is not enhanced.

[2025-05-18 14:59:57 #7 type] 
Type domain.RideBooked is not enhanced.

[2025-05-18 14:59:57 #8 type] 
Type domain.Passenger is not enhanced.

[2025-05-18 14:59:57 #9 type] 
Type domain.Erreklamazioa is not enhanced.

[2025-05-18 14:59:57 #10 type] 
Type domain.Alerta is not enhanced.

------------------------------------------------------------------------------------------------------------------------

[2025-05-18 15:01:28 #1 store] 
Database 'D:\ASIER\LANAK\Uni\2.Maila\SI\Proiektuak\Rides24_3_J\src\main\resources\rides.temp' is opened by 61684@DESKTOP-D7GP777

[2025-05-18 15:01:28 #2 type] 
Type domain.User is not enhanced.

[2025-05-18 15:01:28 #3 type] 
Type domain.Mugimenduak is not enhanced.

[2025-05-18 15:01:28 #4 type] 
Type domain.Driver is not enhanced.

[2025-05-18 15:01:28 #5 type] 
Type domain.Car is not enhanced.

[2025-05-18 15:01:28 #6 type] 
Type domain.Ride is not enhanced.

[2025-05-18 15:01:28 #7 type] 
Type domain.RideBooked is not enhanced.

[2025-05-18 15:01:28 #8 type] 
Type domain.Passenger is not enhanced.

[2025-05-18 15:01:28 #9 type] 
Type domain.Erreklamazioa is not enhanced.

[2025-05-18 15:01:28 #10 type] 
Type domain.Alerta is not enhanced.

------------------------------------------------------------------------------------------------------------------------

[2025-05-18 15:03:22 #1 store] 
Database 'D:\ASIER\LANAK\Uni\2.Maila\SI\Proiektuak\Rides24_3_J\src\main\resources\rides.temp' is opened by 66780@DESKTOP-D7GP777

[2025-05-18 15:03:22 #2 type] 
Type domain.User is not enhanced.

[2025-05-18 15:03:22 #3 type] 
Type domain.Mugimenduak is not enhanced.

[2025-05-18 15:03:22 #4 type] 
Type domain.Driver is not enhanced.

[2025-05-18 15:03:22 #5 type] 
Type domain.Car is not enhanced.

[2025-05-18 15:03:22 #6 type] 
Type domain.Ride is not enhanced.

[2025-05-18 15:03:22 #7 type] 
Type domain.RideBooked is not enhanced.

[2025-05-18 15:03:22 #8 type] 
Type domain.Passenger is not enhanced.

[2025-05-18 15:03:22 #9 type] 
Type domain.Erreklamazioa is not enhanced.

[2025-05-18 15:03:22 #10 type] 
Type domain.Alerta is not enhanced.

------------------------------------------------------------------------------------------------------------------------

[2025-05-18 15:04:15 #1 store] 
Database 'D:\ASIER\LANAK\Uni\2.Maila\SI\Proiektuak\Rides24_3_J\src\main\resources\rides.temp' is opened by 66432@DESKTOP-D7GP777

[2025-05-18 15:04:15 #2 type] 
Type domain.User is not enhanced.

[2025-05-18 15:04:15 #3 type] 
Type domain.Mugimenduak is not enhanced.

[2025-05-18 15:04:15 #4 type] 
Type domain.Driver is not enhanced.

[2025-05-18 15:04:15 #5 type] 
Type domain.Car is not enhanced.

[2025-05-18 15:04:15 #6 type] 
Type domain.Ride is not enhanced.

[2025-05-18 15:04:15 #7 type] 
Type domain.RideBooked is not enhanced.

[2025-05-18 15:04:15 #8 type] 
Type domain.Passenger is not enhanced.

[2025-05-18 15:04:15 #9 type] 
Type domain.Erreklamazioa is not enhanced.

[2025-05-18 15:04:15 #10 type] 
Type domain.Alerta is not enhanced.

------------------------------------------------------------------------------------------------------------------------

[2025-05-18 15:05:20 #1 store] 
Database 'D:\ASIER\LANAK\Uni\2.Maila\SI\Proiektuak\Rides24_3_J\src\main\resources\rides.temp' is opened by 19116@DESKTOP-D7GP777

[2025-05-18 15:05:20 #2 type] 
Type domain.User is not enhanced.

[2025-05-18 15:05:20 #3 type] 
Type domain.Mugimenduak is not enhanced.

[2025-05-18 15:05:20 #4 type] 
Type domain.Driver is not enhanced.

[2025-05-18 15:05:20 #5 type] 
Type domain.Car is not enhanced.

[2025-05-18 15:05:20 #6 type] 
Type domain.Ride is not enhanced.

[2025-05-18 15:05:20 #7 type] 
Type domain.RideBooked is not enhanced.

[2025-05-18 15:05:20 #8 type] 
Type domain.Passenger is not enhanced.

[2025-05-18 15:05:20 #9 type] 
Type domain.Erreklamazioa is not enhanced.

[2025-05-18 15:05:20 #10 type] 
Type domain.Alerta is not enhanced.

------------------------------------------------------------------------------------------------------------------------

[2025-05-18 15:06:05 #1 store] 
Database 'D:\ASIER\LANAK\Uni\2.Maila\SI\Proiektuak\Rides24_3_J\src\main\resources\rides.temp' is opened by 66904@DESKTOP-D7GP777

[2025-05-18 15:06:05 #2 type] 
Type domain.User is not enhanced.

[2025-05-18 15:06:05 #3 type] 
Type domain.Mugimenduak is not enhanced.

[2025-05-18 15:06:05 #4 type] 
Type domain.Driver is not enhanced.

[2025-05-18 15:06:05 #5 type] 
Type domain.Car is not enhanced.

[2025-05-18 15:06:05 #6 type] 
Type domain.Ride is not enhanced.

[2025-05-18 15:06:05 #7 type] 
Type domain.RideBooked is not enhanced.

[2025-05-18 15:06:05 #8 type] 
Type domain.Passenger is not enhanced.

[2025-05-18 15:06:05 #9 type] 
Type domain.Erreklamazioa is not enhanced.

[2025-05-18 15:06:05 #10 type] 
Type domain.Alerta is not enhanced.

------------------------------------------------------------------------------------------------------------------------

[2025-05-18 15:06:11 #1 store] 
Database 'D:\ASIER\LANAK\Uni\2.Maila\SI\Proiektuak\Rides24_3_J\src\main\resources\rides.temp' is opened by 67376@DESKTOP-D7GP777

[2025-05-18 15:06:11 #2 type] 
Type domain.User is not enhanced.

[2025-05-18 15:06:11 #3 type] 
Type domain.Mugimenduak is not enhanced.

[2025-05-18 15:06:11 #4 type] 
Type domain.Driver is not enhanced.

[2025-05-18 15:06:11 #5 type] 
Type domain.Car is not enhanced.

[2025-05-18 15:06:11 #6 type] 
Type domain.Ride is not enhanced.

[2025-05-18 15:06:11 #7 type] 
Type domain.RideBooked is not enhanced.

[2025-05-18 15:06:11 #8 type] 
Type domain.Passenger is not enhanced.

[2025-05-18 15:06:11 #9 type] 
Type domain.Erreklamazioa is not enhanced.

[2025-05-18 15:06:11 #10 type] 
Type domain.Alerta is not enhanced.

------------------------------------------------------------------------------------------------------------------------

[2025-05-18 15:14:24 #1 store] 
Database 'D:\ASIER\LANAK\Uni\2.Maila\SI\Proiektuak\Rides24_3_J\src\main\resources\rides.temp' is opened by 67148@DESKTOP-D7GP777

[2025-05-18 15:14:24 #2 type] 
Type domain.User is not enhanced.

[2025-05-18 15:14:24 #3 type] 
Type domain.Mugimenduak is not enhanced.

[2025-05-18 15:14:24 #4 type] 
Type domain.Driver is not enhanced.

[2025-05-18 15:14:24 #5 type] 
Type domain.Car is not enhanced.

[2025-05-18 15:14:24 #6 type] 
Type domain.Ride is not enhanced.

[2025-05-18 15:14:24 #7 type] 
Type domain.RideBooked is not enhanced.

[2025-05-18 15:14:24 #8 type] 
Type domain.Passenger is not enhanced.

[2025-05-18 15:14:24 #9 type] 
Type domain.Erreklamazioa is not enhanced.

[2025-05-18 15:14:24 #10 type] 
Type domain.Alerta is not enhanced.

------------------------------------------------------------------------------------------------------------------------

[2025-05-18 15:17:11 #1 store] 
Database 'D:\ASIER\LANAK\Uni\2.Maila\SI\Proiektuak\Rides24_3_J\src\main\resources\rides.temp' is opened by 64928@DESKTOP-D7GP777

[2025-05-18 15:17:11 #2 type] 
Type domain.User is not enhanced.

[2025-05-18 15:17:11 #3 type] 
Type domain.Mugimenduak is not enhanced.

[2025-05-18 15:17:11 #4 type] 
Type domain.Driver is not enhanced.

[2025-05-18 15:17:11 #5 type] 
Type domain.Car is not enhanced.

[2025-05-18 15:17:11 #6 type] 
Type domain.Ride is not enhanced.

[2025-05-18 15:17:11 #7 type] 
Type domain.RideBooked is not enhanced.

[2025-05-18 15:17:11 #8 type] 
Type domain.Passenger is not enhanced.

[2025-05-18 15:17:11 #9 type] 
Type domain.Erreklamazioa is not enhanced.

[2025-05-18 15:17:11 #10 type] 
Type domain.Alerta is not enhanced.

------------------------------------------------------------------------------------------------------------------------

[2025-05-18 15:22:51 #1 store] 
Database 'D:\ASIER\LANAK\Uni\2.Maila\SI\Proiektuak\Rides24_3_J\src\main\resources\rides.temp' is opened by 63612@DESKTOP-D7GP777

[2025-05-18 15:22:51 #2 type] 
Type domain.User is not enhanced.

[2025-05-18 15:22:51 #3 type] 
Type domain.Mugimenduak is not enhanced.

[2025-05-18 15:22:51 #4 type] 
Type domain.Driver is not enhanced.

[2025-05-18 15:22:51 #5 type] 
Type domain.Car is not enhanced.

[2025-05-18 15:22:51 #6 type] 
Type domain.Ride is not enhanced.

[2025-05-18 15:22:51 #7 type] 
Type domain.RideBooked is not enhanced.

[2025-05-18 15:22:51 #8 type] 
Type domain.Passenger is not enhanced.

[2025-05-18 15:22:51 #9 type] 
Type domain.Erreklamazioa is not enhanced.

[2025-05-18 15:22:51 #10 type] 
Type domain.Alerta is not enhanced.

------------------------------------------------------------------------------------------------------------------------

[2025-05-18 15:24:36 #1 store] 
Database 'D:\ASIER\LANAK\Uni\2.Maila\SI\Proiektuak\Rides24_3_J\src\main\resources\rides.temp' is opened by 68096@DESKTOP-D7GP777

[2025-05-18 15:24:36 #2 type] 
Type domain.User is not enhanced.

[2025-05-18 15:24:36 #3 type] 
Type domain.Mugimenduak is not enhanced.

[2025-05-18 15:24:36 #4 type] 
Type domain.Driver is not enhanced.

[2025-05-18 15:24:36 #5 type] 
Type domain.Car is not enhanced.

[2025-05-18 15:24:36 #6 type] 
Type domain.Ride is not enhanced.

[2025-05-18 15:24:36 #7 type] 
Type domain.RideBooked is not enhanced.

[2025-05-18 15:24:36 #8 type] 
Type domain.Passenger is not enhanced.

[2025-05-18 15:24:36 #9 type] 
Type domain.Erreklamazioa is not enhanced.

[2025-05-18 15:24:36 #10 type] 
Type domain.Alerta is not enhanced.

------------------------------------------------------------------------------------------------------------------------

[2025-05-18 15:24:45 #1 store] 
Database 'D:\ASIER\LANAK\Uni\2.Maila\SI\Proiektuak\Rides24_3_J\src\main\resources\rides.temp' is opened by 67888@DESKTOP-D7GP777

[2025-05-18 15:24:45 #2 type] 
Type domain.User is not enhanced.

[2025-05-18 15:24:45 #3 type] 
Type domain.Mugimenduak is not enhanced.

[2025-05-18 15:24:45 #4 type] 
Type domain.Driver is not enhanced.

[2025-05-18 15:24:45 #5 type] 
Type domain.Car is not enhanced.

[2025-05-18 15:24:45 #6 type] 
Type domain.Ride is not enhanced.

[2025-05-18 15:24:45 #7 type] 
Type domain.RideBooked is not enhanced.

[2025-05-18 15:24:45 #8 type] 
Type domain.Passenger is not enhanced.

[2025-05-18 15:24:45 #9 type] 
Type domain.Erreklamazioa is not enhanced.

[2025-05-18 15:24:45 #10 type] 
Type domain.Alerta is not enhanced.

------------------------------------------------------------------------------------------------------------------------

[2025-05-18 15:25:08 #1 store] 
Database 'D:\ASIER\LANAK\Uni\2.Maila\SI\Proiektuak\Rides24_3_J\src\main\resources\rides.temp' is opened by 23876@DESKTOP-D7GP777

[2025-05-18 15:25:08 #2 type] 
Type domain.User is not enhanced.

[2025-05-18 15:25:08 #3 type] 
Type domain.Mugimenduak is not enhanced.

[2025-05-18 15:25:08 #4 type] 
Type domain.Driver is not enhanced.

[2025-05-18 15:25:08 #5 type] 
Type domain.Car is not enhanced.

[2025-05-18 15:25:08 #6 type] 
Type domain.Ride is not enhanced.

[2025-05-18 15:25:08 #7 type] 
Type domain.RideBooked is not enhanced.

[2025-05-18 15:25:08 #8 type] 
Type domain.Passenger is not enhanced.

[2025-05-18 15:25:08 #9 type] 
Type domain.Erreklamazioa is not enhanced.

[2025-05-18 15:25:08 #10 type] 
Type domain.Alerta is not enhanced.

------------------------------------------------------------------------------------------------------------------------

[2025-05-18 15:25:12 #1 store] 
Database 'D:\ASIER\LANAK\Uni\2.Maila\SI\Proiektuak\Rides24_3_J\src\main\resources\rides.temp' has been recovered (tr. 228-228)

[2025-05-18 15:25:12 #2 store] 
Database 'D:\ASIER\LANAK\Uni\2.Maila\SI\Proiektuak\Rides24_3_J\src\main\resources\rides.temp' is opened by 63580@DESKTOP-D7GP777

[2025-05-18 15:25:12 #3 type] 
Type domain.User is not enhanced.

[2025-05-18 15:25:12 #4 type] 
Type domain.Mugimenduak is not enhanced.

[2025-05-18 15:25:12 #5 type] 
Type domain.Driver is not enhanced.

[2025-05-18 15:25:12 #6 type] 
Type domain.Car is not enhanced.

[2025-05-18 15:25:12 #7 type] 
Type domain.Ride is not enhanced.

[2025-05-18 15:25:12 #8 type] 
Type domain.RideBooked is not enhanced.

[2025-05-18 15:25:12 #9 type] 
Type domain.Passenger is not enhanced.

[2025-05-18 15:25:12 #10 type] 
Type domain.Erreklamazioa is not enhanced.

[2025-05-18 15:25:12 #11 type] 
Type domain.Alerta is not enhanced.

------------------------------------------------------------------------------------------------------------------------

[2025-05-18 15:28:45 #1 store] 
Database 'D:\ASIER\LANAK\Uni\2.Maila\SI\Proiektuak\Rides24_3_J\src\main\resources\rides.temp' has been recovered (tr. 230-230)

[2025-05-18 15:28:45 #2 store] 
Database 'D:\ASIER\LANAK\Uni\2.Maila\SI\Proiektuak\Rides24_3_J\src\main\resources\rides.temp' is opened by 61488@DESKTOP-D7GP777

[2025-05-18 15:28:46 #3 type] 
Type domain.User is not enhanced.

[2025-05-18 15:28:46 #4 type] 
Type domain.Mugimenduak is not enhanced.

[2025-05-18 15:28:46 #5 type] 
Type domain.Driver is not enhanced.

[2025-05-18 15:28:46 #6 type] 
Type domain.Car is not enhanced.

[2025-05-18 15:28:46 #7 type] 
Type domain.Ride is not enhanced.

[2025-05-18 15:28:46 #8 type] 
Type domain.RideBooked is not enhanced.

[2025-05-18 15:28:46 #9 type] 
Type domain.Passenger is not enhanced.

[2025-05-18 15:28:46 #10 type] 
Type domain.Erreklamazioa is not enhanced.

[2025-05-18 15:28:46 #11 type] 
Type domain.Alerta is not enhanced.

------------------------------------------------------------------------------------------------------------------------

[2025-05-18 15:30:43 #1 store] 
Database 'D:\ASIER\LANAK\Uni\2.Maila\SI\Proiektuak\Rides24_3_J\src\main\resources\rides.temp' is opened by 60804@DESKTOP-D7GP777

[2025-05-18 15:30:43 #2 type] 
Type domain.User is not enhanced.

[2025-05-18 15:30:43 #3 type] 
Type domain.Mugimenduak is not enhanced.

[2025-05-18 15:30:43 #4 type] 
Type domain.Driver is not enhanced.

[2025-05-18 15:30:43 #5 type] 
Type domain.Car is not enhanced.

[2025-05-18 15:30:43 #6 type] 
Type domain.Ride is not enhanced.

[2025-05-18 15:30:43 #7 type] 
Type domain.RideBooked is not enhanced.

[2025-05-18 15:30:43 #8 type] 
Type domain.Passenger is not enhanced.

[2025-05-18 15:30:43 #9 type] 
Type domain.Erreklamazioa is not enhanced.

[2025-05-18 15:30:43 #10 type] 
Type domain.Alerta is not enhanced.

------------------------------------------------------------------------------------------------------------------------

[2025-05-18 15:32:34 #1 store] 
Database 'D:\ASIER\LANAK\Uni\2.Maila\SI\Proiektuak\Rides24_3_J\src\main\resources\rides.temp' is opened by 67240@DESKTOP-D7GP777

[2025-05-18 15:32:34 #2 type] 
Type domain.User is not enhanced.

[2025-05-18 15:32:34 #3 type] 
Type domain.Mugimenduak is not enhanced.

[2025-05-18 15:32:34 #4 type] 
Type domain.Driver is not enhanced.

[2025-05-18 15:32:34 #5 type] 
Type domain.Car is not enhanced.

[2025-05-18 15:32:34 #6 type] 
Type domain.Ride is not enhanced.

[2025-05-18 15:32:34 #7 type] 
Type domain.RideBooked is not enhanced.

[2025-05-18 15:32:34 #8 type] 
Type domain.Passenger is not enhanced.

[2025-05-18 15:32:34 #9 type] 
Type domain.Erreklamazioa is not enhanced.

[2025-05-18 15:32:34 #10 type] 
Type domain.Alerta is not enhanced.

------------------------------------------------------------------------------------------------------------------------

[2025-05-18 15:33:29 #1 store] 
Database 'D:\ASIER\LANAK\Uni\2.Maila\SI\Proiektuak\Rides24_3_J\src\main\resources\rides.temp' is opened by 8768@DESKTOP-D7GP777

[2025-05-18 15:33:29 #2 type] 
Type domain.User is not enhanced.

[2025-05-18 15:33:29 #3 type] 
Type domain.Mugimenduak is not enhanced.

[2025-05-18 15:33:29 #4 type] 
Type domain.Driver is not enhanced.

[2025-05-18 15:33:29 #5 type] 
Type domain.Car is not enhanced.

[2025-05-18 15:33:29 #6 type] 
Type domain.Ride is not enhanced.

[2025-05-18 15:33:29 #7 type] 
Type domain.RideBooked is not enhanced.

[2025-05-18 15:33:29 #8 type] 
Type domain.Passenger is not enhanced.

[2025-05-18 15:33:29 #9 type] 
Type domain.Erreklamazioa is not enhanced.

[2025-05-18 15:33:29 #10 type] 
Type domain.Alerta is not enhanced.

------------------------------------------------------------------------------------------------------------------------

[2025-05-18 15:38:22 #1 store] 
Database 'D:\ASIER\LANAK\Uni\2.Maila\SI\Proiektuak\Rides24_3_J\src\main\resources\rides.temp' is opened by 67352@DESKTOP-D7GP777

[2025-05-18 15:38:22 #2 type] 
Type domain.User is not enhanced.

[2025-05-18 15:38:22 #3 type] 
Type domain.Mugimenduak is not enhanced.

[2025-05-18 15:38:22 #4 type] 
Type domain.Driver is not enhanced.

[2025-05-18 15:38:22 #5 type] 
Type domain.Car is not enhanced.

[2025-05-18 15:38:22 #6 type] 
Type domain.Ride is not enhanced.

[2025-05-18 15:38:22 #7 type] 
Type domain.RideBooked is not enhanced.

[2025-05-18 15:38:22 #8 type] 
Type domain.Passenger is not enhanced.

[2025-05-18 15:38:22 #9 type] 
Type domain.Erreklamazioa is not enhanced.

[2025-05-18 15:38:22 #10 type] 
Type domain.Alerta is not enhanced.

